Archive member included to satisfy reference by file (symbol)

D:/STM32CubeIDE_1.13.2/STM32CubeIDE/plugins/com.st.stm32cube.ide.mcu.externaltools.gnu-tools-for-stm32.12.3.rel1.win32_1.1.0.202410251130/tools/bin/../lib/gcc/arm-none-eabi/12.3.1/../../../../arm-none-eabi/lib/thumb/v7-m/nofp\libc_nano.a(libc_a-exit.o)
                              D:/STM32CubeIDE_1.13.2/STM32CubeIDE/plugins/com.st.stm32cube.ide.mcu.externaltools.gnu-tools-for-stm32.12.3.rel1.win32_1.1.0.202410251130/tools/bin/../lib/gcc/arm-none-eabi/12.3.1/../../../../arm-none-eabi/lib/thumb/v7-m/nofp/crt0.o (exit)
D:/STM32CubeIDE_1.13.2/STM32CubeIDE/plugins/com.st.stm32cube.ide.mcu.externaltools.gnu-tools-for-stm32.12.3.rel1.win32_1.1.0.202410251130/tools/bin/../lib/gcc/arm-none-eabi/12.3.1/../../../../arm-none-eabi/lib/thumb/v7-m/nofp\libc_nano.a(libc_a-findfp.o)
                              D:/STM32CubeIDE_1.13.2/STM32CubeIDE/plugins/com.st.stm32cube.ide.mcu.externaltools.gnu-tools-for-stm32.12.3.rel1.win32_1.1.0.202410251130/tools/bin/../lib/gcc/arm-none-eabi/12.3.1/../../../../arm-none-eabi/lib/thumb/v7-m/nofp\libc_nano.a(libc_a-exit.o) (__stdio_exit_handler)
D:/STM32CubeIDE_1.13.2/STM32CubeIDE/plugins/com.st.stm32cube.ide.mcu.externaltools.gnu-tools-for-stm32.12.3.rel1.win32_1.1.0.202410251130/tools/bin/../lib/gcc/arm-none-eabi/12.3.1/../../../../arm-none-eabi/lib/thumb/v7-m/nofp\libc_nano.a(libc_a-fwalk.o)
                              D:/STM32CubeIDE_1.13.2/STM32CubeIDE/plugins/com.st.stm32cube.ide.mcu.externaltools.gnu-tools-for-stm32.12.3.rel1.win32_1.1.0.202410251130/tools/bin/../lib/gcc/arm-none-eabi/12.3.1/../../../../arm-none-eabi/lib/thumb/v7-m/nofp\libc_nano.a(libc_a-findfp.o) (_fwalk_sglue)
D:/STM32CubeIDE_1.13.2/STM32CubeIDE/plugins/com.st.stm32cube.ide.mcu.externaltools.gnu-tools-for-stm32.12.3.rel1.win32_1.1.0.202410251130/tools/bin/../lib/gcc/arm-none-eabi/12.3.1/../../../../arm-none-eabi/lib/thumb/v7-m/nofp\libc_nano.a(libc_a-sprintf.o)
                              ./Core/Src/i2c-lcd.o (sprintf)
D:/STM32CubeIDE_1.13.2/STM32CubeIDE/plugins/com.st.stm32cube.ide.mcu.externaltools.gnu-tools-for-stm32.12.3.rel1.win32_1.1.0.202410251130/tools/bin/../lib/gcc/arm-none-eabi/12.3.1/../../../../arm-none-eabi/lib/thumb/v7-m/nofp\libc_nano.a(libc_a-stdio.o)
                              D:/STM32CubeIDE_1.13.2/STM32CubeIDE/plugins/com.st.stm32cube.ide.mcu.externaltools.gnu-tools-for-stm32.12.3.rel1.win32_1.1.0.202410251130/tools/bin/../lib/gcc/arm-none-eabi/12.3.1/../../../../arm-none-eabi/lib/thumb/v7-m/nofp\libc_nano.a(libc_a-findfp.o) (__sread)
D:/STM32CubeIDE_1.13.2/STM32CubeIDE/plugins/com.st.stm32cube.ide.mcu.externaltools.gnu-tools-for-stm32.12.3.rel1.win32_1.1.0.202410251130/tools/bin/../lib/gcc/arm-none-eabi/12.3.1/../../../../arm-none-eabi/lib/thumb/v7-m/nofp\libc_nano.a(libc_a-memset.o)
                              D:/STM32CubeIDE_1.13.2/STM32CubeIDE/plugins/com.st.stm32cube.ide.mcu.externaltools.gnu-tools-for-stm32.12.3.rel1.win32_1.1.0.202410251130/tools/bin/../lib/gcc/arm-none-eabi/12.3.1/../../../../arm-none-eabi/lib/thumb/v7-m/nofp/crt0.o (memset)
D:/STM32CubeIDE_1.13.2/STM32CubeIDE/plugins/com.st.stm32cube.ide.mcu.externaltools.gnu-tools-for-stm32.12.3.rel1.win32_1.1.0.202410251130/tools/bin/../lib/gcc/arm-none-eabi/12.3.1/../../../../arm-none-eabi/lib/thumb/v7-m/nofp\libc_nano.a(libc_a-closer.o)
                              D:/STM32CubeIDE_1.13.2/STM32CubeIDE/plugins/com.st.stm32cube.ide.mcu.externaltools.gnu-tools-for-stm32.12.3.rel1.win32_1.1.0.202410251130/tools/bin/../lib/gcc/arm-none-eabi/12.3.1/../../../../arm-none-eabi/lib/thumb/v7-m/nofp\libc_nano.a(libc_a-stdio.o) (_close_r)
D:/STM32CubeIDE_1.13.2/STM32CubeIDE/plugins/com.st.stm32cube.ide.mcu.externaltools.gnu-tools-for-stm32.12.3.rel1.win32_1.1.0.202410251130/tools/bin/../lib/gcc/arm-none-eabi/12.3.1/../../../../arm-none-eabi/lib/thumb/v7-m/nofp\libc_nano.a(libc_a-reent.o)
                              D:/STM32CubeIDE_1.13.2/STM32CubeIDE/plugins/com.st.stm32cube.ide.mcu.externaltools.gnu-tools-for-stm32.12.3.rel1.win32_1.1.0.202410251130/tools/bin/../lib/gcc/arm-none-eabi/12.3.1/../../../../arm-none-eabi/lib/thumb/v7-m/nofp\libc_nano.a(libc_a-closer.o) (errno)
D:/STM32CubeIDE_1.13.2/STM32CubeIDE/plugins/com.st.stm32cube.ide.mcu.externaltools.gnu-tools-for-stm32.12.3.rel1.win32_1.1.0.202410251130/tools/bin/../lib/gcc/arm-none-eabi/12.3.1/../../../../arm-none-eabi/lib/thumb/v7-m/nofp\libc_nano.a(libc_a-impure.o)
                              D:/STM32CubeIDE_1.13.2/STM32CubeIDE/plugins/com.st.stm32cube.ide.mcu.externaltools.gnu-tools-for-stm32.12.3.rel1.win32_1.1.0.202410251130/tools/bin/../lib/gcc/arm-none-eabi/12.3.1/../../../../arm-none-eabi/lib/thumb/v7-m/nofp\libc_nano.a(libc_a-sprintf.o) (_impure_ptr)
[...]
Memory Configuration

Name             Origin             Length             Attributes
RAM              0x20000000         0x00005000         xrw
FLASH            0x08000000         0x00020000         xr
*default*        0x00000000         0xffffffff

Linker script and memory map

LOAD D:/STM32CubeIDE_1.13.2/STM32CubeIDE/plugins/com.st.stm32cube.ide.mcu.externaltools.gnu-tools-for-stm32.12.3.rel1.win32_1.1.0.202410251130/tools/bin/../lib/gcc/arm-none-eabi/12.3.1/thumb/v7-m/nofp/crti.o
LOAD D:/STM32CubeIDE_1.13.2/STM32CubeIDE/plugins/com.st.stm32cube.ide.mcu.externaltools.gnu-tools-for-stm32.12.3.rel1.win32_1.1.0.202410251130/tools/bin/../lib/gcc/arm-none-eabi/12.3.1/thumb/v7-m/nofp/crtbegin.o
LOAD D:/STM32CubeIDE_1.13.2/STM32CubeIDE/plugins/com.st.stm32cube.ide.mcu.externaltools.gnu-tools-for-stm32.12.3.rel1.win32_1.1.0.202410251130/tools/bin/../lib/gcc/arm-none-eabi/12.3.1/../../../../arm-none-eabi/lib/thumb/v7-m/nofp/crt0.o
LOAD ./Core/Src/button.o
LOAD ./Core/Src/counter.o
LOAD ./Core/Src/fsm.o
LOAD ./Core/Src/i2c-lcd.o
LOAD ./Core/Src/main.o
LOAD ./Core/Src/ryg-leds.o
LOAD ./Core/Src/scheduler.o
LOAD ./Core/Src/stm32f1xx_hal_msp.o
LOAD ./Core/Src/stm32f1xx_it.o
LOAD ./Core/Src/syscalls.o
LOAD ./Core/Src/sysmem.o
LOAD ./Core/Src/system_stm32f1xx.o
LOAD ./Core/Src/test_module.o
LOAD ./Core/Src/traffic.o
LOAD ./Core/Startup/startup_stm32f103rbtx.o
LOAD ./Drivers/STM32F1xx_HAL_Driver/Src/stm32f1xx_hal.o
LOAD ./Drivers/STM32F1xx_HAL_Driver/Src/stm32f1xx_hal_cortex.o
LOAD ./Drivers/STM32F1xx_HAL_Driver/Src/stm32f1xx_hal_dma.o
LOAD ./Drivers/STM32F1xx_HAL_Driver/Src/stm32f1xx_hal_exti.o
LOAD ./Drivers/STM32F1xx_HAL_Driver/Src/stm32f1xx_hal_flash.o
LOAD ./Drivers/STM32F1xx_HAL_Driver/Src/stm32f1xx_hal_flash_ex.o
LOAD ./Drivers/STM32F1xx_HAL_Driver/Src/stm32f1xx_hal_gpio.o
LOAD ./Drivers/STM32F1xx_HAL_Driver/Src/stm32f1xx_hal_gpio_ex.o
LOAD ./Drivers/STM32F1xx_HAL_Driver/Src/stm32f1xx_hal_i2c.o
LOAD ./Drivers/STM32F1xx_HAL_Driver/Src/stm32f1xx_hal_pwr.o
LOAD ./Drivers/STM32F1xx_HAL_Driver/Src/stm32f1xx_hal_rcc.o
LOAD ./Drivers/STM32F1xx_HAL_Driver/Src/stm32f1xx_hal_rcc_ex.o
LOAD ./Drivers/STM32F1xx_HAL_Driver/Src/stm32f1xx_hal_tim.o
LOAD ./Drivers/STM32F1xx_HAL_Driver/Src/stm32f1xx_hal_tim_ex.o
LOAD ./Drivers/STM32F1xx_HAL_Driver/Src/stm32f1xx_hal_uart.o
START GROUP
LOAD D:/STM32CubeIDE_1.13.2/STM32CubeIDE/plugins/com.st.stm32cube.ide.mcu.externaltools.gnu-tools-for-stm32.12.3.rel1.win32_1.1.0.202410251130/tools/bin/../lib/gcc/arm-none-eabi/12.3.1/../../../../arm-none-eabi/lib/thumb/v7-m/nofp\libc_nano.a
LOAD D:/STM32CubeIDE_1.13.2/STM32CubeIDE/plugins/com.st.stm32cube.ide.mcu.externaltools.gnu-tools-for-stm32.12.3.rel1.win32_1.1.0.202410251130/tools/bin/../lib/gcc/arm-none-eabi/12.3.1/../../../../arm-none-eabi/lib/thumb/v7-m/nofp\libm.a
END GROUP
START GROUP
LOAD D:/STM32CubeIDE_1.13.2/STM32CubeIDE/plugins/com.st.stm32cube.ide.mcu.externaltools.gnu-tools-for-stm32.12.3.rel1.win32_1.1.0.202410251130/tools/bin/../lib/gcc/arm-none-eabi/12.3.1/thumb/v7-m/nofp\libgcc.a
LOAD D:/STM32CubeIDE_1.13.2/STM32CubeIDE/plugins/com.st.stm32cube.ide.mcu.externaltools.gnu-tools-for-stm32.12.3.rel1.win32_1.1.0.202410251130/tools/bin/../lib/gcc/arm-none-eabi/12.3.1/../../../../arm-none-eabi/lib/thumb/v7-m/nofp\libc_nano.a
END GROUP
START GROUP
LOAD D:/STM32CubeIDE_1.13.2/STM32CubeIDE/plugins/com.st.stm32cube.ide.mcu.externaltools.gnu-tools-for-stm32.12.3.rel1.win32_1.1.0.202410251130/tools/bin/../lib/gcc/arm-none-eabi/12.3.1/thumb/v7-m/nofp\libgcc.a
LOAD D:/STM32CubeIDE_1.13.2/STM32CubeIDE/plugins/com.st.stm32cube.ide.mcu.externaltools.gnu-tools-for-stm32.12.3.rel1.win32_1.1.0.202410251130/tools/bin/../lib/gcc/arm-none-eabi/12.3.1/../../../../arm-none-eabi/lib/thumb/v7-m/nofp\libc_nano.a
LOAD D:/STM32CubeIDE_1.13.2/STM32CubeIDE/plugins/com.st.stm32cube.ide.mcu.externaltools.gnu-tools-for-stm32.12.3.rel1.win32_1.1.0.202410251130/tools/bin/../lib/gcc/arm-none-eabi/12.3.1/../../../../arm-none-eabi/lib/thumb/v7-m/nofp\libnosys.a
END GROUP
START GROUP
LOAD D:/STM32CubeIDE_1.13.2/STM32CubeIDE/plugins/com.st.stm32cube.ide.mcu.externaltools.gnu-tools-for-stm32.12.3.rel1.win32_1.1.0.202410251130/tools/bin/../lib/gcc/arm-none-eabi/12.3.1/thumb/v7-m/nofp\libgcc.a
LOAD D:/STM32CubeIDE_1.13.2/STM32CubeIDE/plugins/com.st.stm32cube.ide.mcu.externaltools.gnu-tools-for-stm32.12.3.rel1.win32_1.1.0.202410251130/tools/bin/../lib/gcc/arm-none-eabi/12.3.1/../../../../arm-none-eabi/lib/thumb/v7-m/nofp\libc_nano.a
LOAD D:/STM32CubeIDE_1.13.2/STM32CubeIDE/plugins/com.st.stm32cube.ide.mcu.externaltools.gnu-tools-for-stm32.12.3.rel1.win32_1.1.0.202410251130/tools/bin/../lib/gcc/arm-none-eabi/12.3.1/../../../../arm-none-eabi/lib/thumb/v7-m/nofp\libnosys.a
END GROUP
LOAD D:/STM32CubeIDE_1.13.2/STM32CubeIDE/plugins/com.st.stm32cube.ide.mcu.externaltools.gnu-tools-for-stm32.12.3.rel1.win32_1.1.0.202410251130/tools/bin/../lib/gcc/arm-none-eabi/12.3.1/thumb/v7-m/nofp/crtend.o
LOAD D:/STM32CubeIDE_1.13.2/STM32CubeIDE/plugins/com.st.stm32cube.ide.mcu.externaltools.gnu-tools-for-stm32.12.3.rel1.win32_1.1.0.202410251130/tools/bin/../lib/gcc/arm-none-eabi/12.3.1/thumb/v7-m/nofp/crtn.o
                0x20005000                        _estack = (ORIGIN (RAM) + LENGTH (RAM))
                0x00000200                        _Min_Heap_Size = 0x200
                0x00000400                        _Min_Stack_Size = 0x400

.isr_vector     0x08000000      0x10c
                0x08000000                        . = ALIGN (0x4)
 *(.isr_vector)
 .isr_vector    0x08000000      0x10c ./Core/Startup/startup_stm32f103rbtx.o
                0x08000000                g_pfnVectors
                0x0800010c                        . = ALIGN (0x4)

.text           0x0800010c     0x4950
                0x0800010c                        . = ALIGN (0x4)
 *(.text)
 .text          0x0800010c       0x40 D:/STM32CubeIDE_1.13.2/STM32CubeIDE/plugins/com.st.stm32cube.ide.mcu.externaltools.gnu-tools-for-stm32.12.3.rel1.win32_1.1.0.202410251130/tools/bin/../lib/gcc/arm-none-eabi/12.3.1/thumb/v7-m/nofp/crtbegin.o
 .text          0x0800014c       0x10 D:/STM32CubeIDE_1.13.2/STM32CubeIDE/plugins/com.st.stm32cube.ide.mcu.externaltools.gnu-tools-for-stm32.12.3.rel1.win32_1.1.0.202410251130/tools/bin/../lib/gcc/arm-none-eabi/12.3.1/../../../../arm-none-eabi/lib/thumb/v7-m/nofp\libc_nano.a(libc_a-strlen.o)
                0x0800014c                strlen
 *(.text*)
 .text.buttonReading
                0x0800015c      0x114 ./Core/Src/button.o
                0x0800015c                buttonReading
 .text.buttonPressed
                0x08000270       0x3c ./Core/Src/button.o
                0x08000270                buttonPressed
 .text.counterRun
                0x080002ac       0x44 ./Core/Src/counter.o
                0x080002ac                counterRun
 .text.counterReset
                0x080002f0       0x1c ./Core/Src/counter.o
                0x080002f0                counterReset
 .text.fsmAutoStop
                0x0800030c       0x18 ./Core/Src/fsm.o
                0x0800030c                fsmAutoStop
 .text.fsmAutoProcessing
                0x08000324        0xc ./Core/Src/fsm.o
                0x08000324                fsmAutoProcessing
 .text.fsmAuto  0x08000330      0x154 ./Core/Src/fsm.o
                0x08000330                fsmAuto
 .text.fsmManualStop
                0x08000484       0x24 ./Core/Src/fsm.o
                0x08000484                fsmManualStop
 .text.fsmManualProcessing
                0x080004a8       0xb4 ./Core/Src/fsm.o
                0x080004a8                fsmManualProcessing
 .text.fsmManual
                0x0800055c       0x4c ./Core/Src/fsm.o
                0x0800055c                fsmManual
 .text.fsmTunningStop
                0x080005a8        0xc ./Core/Src/fsm.o
                0x080005a8                fsmTunningStop
 .text.fsmTunningProcessing
                0x080005b4      0x32c ./Core/Src/fsm.o
                0x080005b4                fsmTunningProcessing
 .text.fsmTunning
                0x080008e0       0xa0 ./Core/Src/fsm.o
                0x080008e0                fsmTunning
 .text.fsmInit  0x08000980       0x20 ./Core/Src/fsm.o
                0x08000980                fsmInit
 .text.fsmProcessing
                0x080009a0      0x184 ./Core/Src/fsm.o
                0x080009a0                fsmProcessing
 .text.LCD_I2C_Write_CMD
                0x08000b24       0x60 ./Core/Src/i2c-lcd.o
                0x08000b24                LCD_I2C_Write_CMD
 .text.LCD_I2C_Write_DATA
                0x08000b84       0x60 ./Core/Src/i2c-lcd.o
                0x08000b84                LCD_I2C_Write_DATA
 .text.LCD_I2C_Init
                0x08000be4       0x5c ./Core/Src/i2c-lcd.o
                0x08000be4                LCD_I2C_Init
 .text.LCD_I2C_Clear
                0x08000c40       0x14 ./Core/Src/i2c-lcd.o
                0x08000c40                LCD_I2C_Clear
 .text.LCD_I2C_Location
                0x08000c54       0x3e ./Core/Src/i2c-lcd.o
                0x08000c54                LCD_I2C_Location
 .text.LCD_I2C_Write_String
                0x08000c92       0x3a ./Core/Src/i2c-lcd.o
                0x08000c92                LCD_I2C_Write_String
 .text.LCD_I2C_Write_Number
                0x08000ccc       0x2c ./Core/Src/i2c-lcd.o
                0x08000ccc                LCD_I2C_Write_Number
 .text.lcd_init_display
                0x08000cf8       0x30 ./Core/Src/i2c-lcd.o
                0x08000cf8                lcd_init_display
 .text.lcd_auto_display
                0x08000d28       0x6c ./Core/Src/i2c-lcd.o
                0x08000d28                lcd_auto_display
 .text.lcd_manual_display
                0x08000d94       0x20 ./Core/Src/i2c-lcd.o
                0x08000d94                lcd_manual_display
 .text.lcd_tunning_red
                0x08000db4       0x54 ./Core/Src/i2c-lcd.o
                0x08000db4                lcd_tunning_red
 .text.lcd_tunning_green
                0x08000e08       0x54 ./Core/Src/i2c-lcd.o
                0x08000e08                lcd_tunning_green
 .text.lcd_tunning_yellow
                0x08000e5c       0x54 ./Core/Src/i2c-lcd.o
                0x08000e5c                lcd_tunning_yellow
 .text.main     0x08000eb0       0x78 ./Core/Src/main.o
                0x08000eb0                main
 .text.SystemClock_Config
                0x08000f28       0x82 ./Core/Src/main.o
                0x08000f28                SystemClock_Config
 *fill*         0x08000faa        0x2 
 .text.MX_I2C1_Init
                0x08000fac       0x5c ./Core/Src/main.o
 .text.MX_TIM2_Init
                0x08001008       0x98 ./Core/Src/main.o
 .text.MX_USART2_UART_Init
                0x080010a0       0x54 ./Core/Src/main.o
 .text.MX_GPIO_Init
                0x080010f4      0x13c ./Core/Src/main.o
 .text.HAL_TIM_PeriodElapsedCallback
                0x08001230       0x1e ./Core/Src/main.o
                0x08001230                HAL_TIM_PeriodElapsedCallback
 .text.Error_Handler
                0x0800124e        0xc ./Core/Src/main.o
                0x0800124e                Error_Handler
 *fill*         0x0800125a        0x2 
 .text.turnOffLed
                0x0800125c       0x54 ./Core/Src/ryg-leds.o
                0x0800125c                turnOffLed
 .text.turnOnRed
                0x080012b0       0x54 ./Core/Src/ryg-leds.o
                0x080012b0                turnOnRed
 .text.turnOnGreen
                0x08001304       0x54 ./Core/Src/ryg-leds.o
                0x08001304                turnOnGreen
 .text.turnOnYellow
                0x08001358       0x54 ./Core/Src/ryg-leds.o
                0x08001358                turnOnYellow
 .text.SCH_Init
                0x080013ac       0x94 ./Core/Src/scheduler.o
                0x080013ac                SCH_Init
 .text.SCH_Update
                0x08001440       0x4c ./Core/Src/scheduler.o
                0x08001440                SCH_Update
 .text.SCH_Dispatch
                0x0800148c       0x34 ./Core/Src/scheduler.o
                0x0800148c                SCH_Dispatch
 .text.SCH_AddTask
                0x080014c0      0x20c ./Core/Src/scheduler.o
                0x080014c0                SCH_AddTask
 .text.SCH_DeleteTask
                0x080016cc      0x13c ./Core/Src/scheduler.o
                0x080016cc                SCH_DeleteTask
 .text.SCH_RefreshTask
                0x08001808      0x264 ./Core/Src/scheduler.o
                0x08001808                SCH_RefreshTask
 .text.HAL_MspInit
                0x08001a6c       0x64 ./Core/Src/stm32f1xx_hal_msp.o
                0x08001a6c                HAL_MspInit
 .text.HAL_I2C_MspInit
                0x08001ad0       0xa0 ./Core/Src/stm32f1xx_hal_msp.o
                0x08001ad0                HAL_I2C_MspInit
 .text.HAL_TIM_Base_MspInit
                0x08001b70       0x48 ./Core/Src/stm32f1xx_hal_msp.o
                0x08001b70                HAL_TIM_Base_MspInit
 .text.HAL_UART_MspInit
                0x08001bb8       0x7c ./Core/Src/stm32f1xx_hal_msp.o
                0x08001bb8                HAL_UART_MspInit
 .text.NMI_Handler
                0x08001c34        0x8 ./Core/Src/stm32f1xx_it.o
                0x08001c34                NMI_Handler
 .text.HardFault_Handler
                0x08001c3c        0x8 ./Core/Src/stm32f1xx_it.o
                0x08001c3c                HardFault_Handler
 .text.MemManage_Handler
                0x08001c44        0x8 ./Core/Src/stm32f1xx_it.o
                0x08001c44                MemManage_Handler
 .text.BusFault_Handler
                0x08001c4c        0x8 ./Core/Src/stm32f1xx_it.o
                0x08001c4c                BusFault_Handler
 .text.UsageFault_Handler
                0x08001c54        0x8 ./Core/Src/stm32f1xx_it.o
                0x08001c54                UsageFault_Handler
 .text.SVC_Handler
                0x08001c5c        0xc ./Core/Src/stm32f1xx_it.o
                0x08001c5c                SVC_Handler
 .text.DebugMon_Handler
                0x08001c68        0xc ./Core/Src/stm32f1xx_it.o
                0x08001c68                DebugMon_Handler
 .text.PendSV_Handler
                0x08001c74        0xc ./Core/Src/stm32f1xx_it.o
                0x08001c74                PendSV_Handler
 .text.SysTick_Handler
                0x08001c80        0xc ./Core/Src/stm32f1xx_it.o
                0x08001c80                SysTick_Handler
 .text.TIM2_IRQHandler
                0x08001c8c       0x14 ./Core/Src/stm32f1xx_it.o
                0x08001c8c                TIM2_IRQHandler
 .text.EXTI15_10_IRQHandler
                0x08001ca0       0x10 ./Core/Src/stm32f1xx_it.o
                0x08001ca0                EXTI15_10_IRQHandler
 .text._sbrk    0x08001cb0       0x6c ./Core/Src/sysmem.o
                0x08001cb0                _sbrk
 .text.SystemInit
                0x08001d1c        0xc ./Core/Src/system_stm32f1xx.o
                0x08001d1c                SystemInit
 .text.testMCU  0x08001d28       0x14 ./Core/Src/test_module.o
                0x08001d28                testMCU
 .text.trafficToggle
                0x08001d3c       0xe0 ./Core/Src/traffic.o
                0x08001d3c                trafficToggle
 .text.traffic0Off
                0x08001e1c       0x10 ./Core/Src/traffic.o
                0x08001e1c                traffic0Off
 .text.traffic0Red
                0x08001e2c       0x10 ./Core/Src/traffic.o
                0x08001e2c                traffic0Red
 .text.traffic0Green
                0x08001e3c       0x10 ./Core/Src/traffic.o
                0x08001e3c                traffic0Green
 .text.traffic0Yellow
                0x08001e4c       0x10 ./Core/Src/traffic.o
                0x08001e4c                traffic0Yellow
 .text.traffic1Off
                0x08001e5c       0x10 ./Core/Src/traffic.o
                0x08001e5c                traffic1Off
 .text.traffic1Red
                0x08001e6c       0x10 ./Core/Src/traffic.o
                0x08001e6c                traffic1Red
 .text.traffic1Green
                0x08001e7c       0x10 ./Core/Src/traffic.o
                0x08001e7c                traffic1Green
 .text.traffic1Yellow
                0x08001e8c       0x10 ./Core/Src/traffic.o
                0x08001e8c                traffic1Yellow
 .text.Reset_Handler
                0x08001e9c       0x48 ./Core/Startup/startup_stm32f103rbtx.o
                0x08001e9c                Reset_Handler
 .text.Default_Handler
                0x08001ee4        0x2 ./Core/Startup/startup_stm32f103rbtx.o
                0x08001ee4                RTC_Alarm_IRQHandler
                0x08001ee4                EXTI2_IRQHandler
                0x08001ee4                TIM1_CC_IRQHandler
                0x08001ee4                PVD_IRQHandler
                0x08001ee4                EXTI3_IRQHandler
                0x08001ee4                EXTI0_IRQHandler
                0x08001ee4                I2C2_EV_IRQHandler
                0x08001ee4                ADC1_2_IRQHandler
                0x08001ee4                SPI1_IRQHandler
                0x08001ee4                TAMPER_IRQHandler
                0x08001ee4                DMA1_Channel4_IRQHandler
                0x08001ee4                USART3_IRQHandler
                0x08001ee4                RTC_IRQHandler
                0x08001ee4                DMA1_Channel7_IRQHandler
                0x08001ee4                CAN1_RX1_IRQHandler
                0x08001ee4                TIM4_IRQHandler
                0x08001ee4                I2C1_EV_IRQHandler
                0x08001ee4                DMA1_Channel6_IRQHandler
                0x08001ee4                TIM3_IRQHandler
                0x08001ee4                RCC_IRQHandler
                0x08001ee4                TIM1_TRG_COM_IRQHandler
                0x08001ee4                DMA1_Channel1_IRQHandler
                0x08001ee4                Default_Handler
                0x08001ee4                EXTI9_5_IRQHandler
                0x08001ee4                SPI2_IRQHandler
                0x08001ee4                DMA1_Channel5_IRQHandler
                0x08001ee4                EXTI4_IRQHandler
                0x08001ee4                USB_LP_CAN1_RX0_IRQHandler
                0x08001ee4                USB_HP_CAN1_TX_IRQHandler
                0x08001ee4                DMA1_Channel3_IRQHandler
                0x08001ee4                TIM1_UP_IRQHandler
                0x08001ee4                WWDG_IRQHandler
                0x08001ee4                TIM1_BRK_IRQHandler
                0x08001ee4                EXTI1_IRQHandler
                0x08001ee4                USART2_IRQHandler
                0x08001ee4                I2C2_ER_IRQHandler
                0x08001ee4                DMA1_Channel2_IRQHandler
                0x08001ee4                CAN1_SCE_IRQHandler
                0x08001ee4                FLASH_IRQHandler
                0x08001ee4                USART1_IRQHandler
                0x08001ee4                I2C1_ER_IRQHandler
                0x08001ee4                USBWakeUp_IRQHandler
 *fill*         0x08001ee6        0x2 
 .text.HAL_Init
                0x08001ee8       0x2c ./Drivers/STM32F1xx_HAL_Driver/Src/stm32f1xx_hal.o
                0x08001ee8                HAL_Init
 .text.HAL_InitTick
                0x08001f14       0x60 ./Drivers/STM32F1xx_HAL_Driver/Src/stm32f1xx_hal.o
                0x08001f14                HAL_InitTick
 .text.HAL_IncTick
                0x08001f74       0x24 ./Drivers/STM32F1xx_HAL_Driver/Src/stm32f1xx_hal.o
                0x08001f74                HAL_IncTick
 .text.HAL_GetTick
                0x08001f98       0x14 ./Drivers/STM32F1xx_HAL_Driver/Src/stm32f1xx_hal.o
                0x08001f98                HAL_GetTick
 .text.HAL_Delay
                0x08001fac       0x48 ./Drivers/STM32F1xx_HAL_Driver/Src/stm32f1xx_hal.o
                0x08001fac                HAL_Delay
 .text.__NVIC_SetPriorityGrouping
                0x08001ff4       0x48 ./Drivers/STM32F1xx_HAL_Driver/Src/stm32f1xx_hal_cortex.o
 .text.__NVIC_GetPriorityGrouping
                0x0800203c       0x1c ./Drivers/STM32F1xx_HAL_Driver/Src/stm32f1xx_hal_cortex.o
 .text.__NVIC_EnableIRQ
                0x08002058       0x38 ./Drivers/STM32F1xx_HAL_Driver/Src/stm32f1xx_hal_cortex.o
 .text.__NVIC_SetPriority
                0x08002090       0x54 ./Drivers/STM32F1xx_HAL_Driver/Src/stm32f1xx_hal_cortex.o
 .text.NVIC_EncodePriority
                0x080020e4       0x64 ./Drivers/STM32F1xx_HAL_Driver/Src/stm32f1xx_hal_cortex.o
 .text.SysTick_Config
                0x08002148       0x44 ./Drivers/STM32F1xx_HAL_Driver/Src/stm32f1xx_hal_cortex.o
 .text.HAL_NVIC_SetPriorityGrouping
                0x0800218c       0x16 ./Drivers/STM32F1xx_HAL_Driver/Src/stm32f1xx_hal_cortex.o
                0x0800218c                HAL_NVIC_SetPriorityGrouping
 .text.HAL_NVIC_SetPriority
                0x080021a2       0x38 ./Drivers/STM32F1xx_HAL_Driver/Src/stm32f1xx_hal_cortex.o
                0x080021a2                HAL_NVIC_SetPriority
 .text.HAL_NVIC_EnableIRQ
                0x080021da       0x1c ./Drivers/STM32F1xx_HAL_Driver/Src/stm32f1xx_hal_cortex.o
                0x080021da                HAL_NVIC_EnableIRQ
 .text.HAL_SYSTICK_Config
                0x080021f6       0x18 ./Drivers/STM32F1xx_HAL_Driver/Src/stm32f1xx_hal_cortex.o
                0x080021f6                HAL_SYSTICK_Config
 *fill*         0x0800220e        0x2 
 .text.HAL_GPIO_Init
                0x08002210      0x308 ./Drivers/STM32F1xx_HAL_Driver/Src/stm32f1xx_hal_gpio.o
                0x08002210                HAL_GPIO_Init
 .text.HAL_GPIO_ReadPin
                0x08002518       0x2e ./Drivers/STM32F1xx_HAL_Driver/Src/stm32f1xx_hal_gpio.o
                0x08002518                HAL_GPIO_ReadPin
 .text.HAL_GPIO_WritePin
                0x08002546       0x30 ./Drivers/STM32F1xx_HAL_Driver/Src/stm32f1xx_hal_gpio.o
                0x08002546                HAL_GPIO_WritePin
 .text.HAL_GPIO_TogglePin
                0x08002576       0x32 ./Drivers/STM32F1xx_HAL_Driver/Src/stm32f1xx_hal_gpio.o
                0x08002576                HAL_GPIO_TogglePin
 .text.HAL_GPIO_EXTI_IRQHandler
                0x080025a8       0x30 ./Drivers/STM32F1xx_HAL_Driver/Src/stm32f1xx_hal_gpio.o
                0x080025a8                HAL_GPIO_EXTI_IRQHandler
 .text.HAL_GPIO_EXTI_Callback
                0x080025d8       0x14 ./Drivers/STM32F1xx_HAL_Driver/Src/stm32f1xx_hal_gpio.o
                0x080025d8                HAL_GPIO_EXTI_Callback
 .text.HAL_I2C_Init
                0x080025ec      0x288 ./Drivers/STM32F1xx_HAL_Driver/Src/stm32f1xx_hal_i2c.o
                0x080025ec                HAL_I2C_Init
 .text.HAL_I2C_Master_Transmit
                0x08002874      0x1fc ./Drivers/STM32F1xx_HAL_Driver/Src/stm32f1xx_hal_i2c.o
                0x08002874                HAL_I2C_Master_Transmit
 .text.I2C_MasterRequestWrite
                0x08002a70      0x104 ./Drivers/STM32F1xx_HAL_Driver/Src/stm32f1xx_hal_i2c.o
 .text.I2C_WaitOnFlagUntilTimeout
                0x08002b74       0xf4 ./Drivers/STM32F1xx_HAL_Driver/Src/stm32f1xx_hal_i2c.o
 .text.I2C_WaitOnMasterAddressFlagUntilTimeout
                0x08002c68      0x140 ./Drivers/STM32F1xx_HAL_Driver/Src/stm32f1xx_hal_i2c.o
 .text.I2C_WaitOnTXEFlagUntilTimeout
                0x08002da8       0x90 ./Drivers/STM32F1xx_HAL_Driver/Src/stm32f1xx_hal_i2c.o
 .text.I2C_WaitOnBTFFlagUntilTimeout
                0x08002e38       0x90 ./Drivers/STM32F1xx_HAL_Driver/Src/stm32f1xx_hal_i2c.o
 .text.I2C_IsAcknowledgeFailed
                0x08002ec8       0x5c ./Drivers/STM32F1xx_HAL_Driver/Src/stm32f1xx_hal_i2c.o
 .text.HAL_RCC_OscConfig
                0x08002f24      0x504 ./Drivers/STM32F1xx_HAL_Driver/Src/stm32f1xx_hal_rcc.o
                0x08002f24                HAL_RCC_OscConfig
 .text.HAL_RCC_ClockConfig
                0x08003428      0x1d4 ./Drivers/STM32F1xx_HAL_Driver/Src/stm32f1xx_hal_rcc.o
                0x08003428                HAL_RCC_ClockConfig
 .text.HAL_RCC_GetSysClockFreq
                0x080035fc       0xa8 ./Drivers/STM32F1xx_HAL_Driver/Src/stm32f1xx_hal_rcc.o
                0x080035fc                HAL_RCC_GetSysClockFreq
 .text.HAL_RCC_GetHCLKFreq
                0x080036a4       0x14 ./Drivers/STM32F1xx_HAL_Driver/Src/stm32f1xx_hal_rcc.o
                0x080036a4                HAL_RCC_GetHCLKFreq
 .text.HAL_RCC_GetPCLK1Freq
                0x080036b8       0x28 ./Drivers/STM32F1xx_HAL_Driver/Src/stm32f1xx_hal_rcc.o
                0x080036b8                HAL_RCC_GetPCLK1Freq
 .text.HAL_RCC_GetPCLK2Freq
                0x080036e0       0x28 ./Drivers/STM32F1xx_HAL_Driver/Src/stm32f1xx_hal_rcc.o
                0x080036e0                HAL_RCC_GetPCLK2Freq
 .text.RCC_Delay
                0x08003708       0x3c ./Drivers/STM32F1xx_HAL_Driver/Src/stm32f1xx_hal_rcc.o
 .text.HAL_TIM_Base_Init
                0x08003744       0x9e ./Drivers/STM32F1xx_HAL_Driver/Src/stm32f1xx_hal_tim.o
                0x08003744                HAL_TIM_Base_Init
 *fill*         0x080037e2        0x2 
 .text.HAL_TIM_Base_Start_IT
                0x080037e4       0xa4 ./Drivers/STM32F1xx_HAL_Driver/Src/stm32f1xx_hal_tim.o
                0x080037e4                HAL_TIM_Base_Start_IT
 .text.HAL_TIM_IRQHandler
                0x08003888      0x1e0 ./Drivers/STM32F1xx_HAL_Driver/Src/stm32f1xx_hal_tim.o
                0x08003888                HAL_TIM_IRQHandler
 .text.HAL_TIM_ConfigClockSource
                0x08003a68      0x18e ./Drivers/STM32F1xx_HAL_Driver/Src/stm32f1xx_hal_tim.o
                0x08003a68                HAL_TIM_ConfigClockSource
 .text.HAL_TIM_OC_DelayElapsedCallback
                0x08003bf6       0x12 ./Drivers/STM32F1xx_HAL_Driver/Src/stm32f1xx_hal_tim.o
                0x08003bf6                HAL_TIM_OC_DelayElapsedCallback
 .text.HAL_TIM_IC_CaptureCallback
                0x08003c08       0x12 ./Drivers/STM32F1xx_HAL_Driver/Src/stm32f1xx_hal_tim.o
                0x08003c08                HAL_TIM_IC_CaptureCallback
 .text.HAL_TIM_PWM_PulseFinishedCallback
                0x08003c1a       0x12 ./Drivers/STM32F1xx_HAL_Driver/Src/stm32f1xx_hal_tim.o
                0x08003c1a                HAL_TIM_PWM_PulseFinishedCallback
 .text.HAL_TIM_TriggerCallback
                0x08003c2c       0x12 ./Drivers/STM32F1xx_HAL_Driver/Src/stm32f1xx_hal_tim.o
                0x08003c2c                HAL_TIM_TriggerCallback
 *fill*         0x08003c3e        0x2 
 .text.TIM_Base_SetConfig
                0x08003c40       0xdc ./Drivers/STM32F1xx_HAL_Driver/Src/stm32f1xx_hal_tim.o
                0x08003c40                TIM_Base_SetConfig
 .text.TIM_TI1_ConfigInputStage
                0x08003d1c       0x5c ./Drivers/STM32F1xx_HAL_Driver/Src/stm32f1xx_hal_tim.o
 .text.TIM_TI2_ConfigInputStage
                0x08003d78       0x5e ./Drivers/STM32F1xx_HAL_Driver/Src/stm32f1xx_hal_tim.o
 .text.TIM_ITRx_SetConfig
                0x08003dd6       0x34 ./Drivers/STM32F1xx_HAL_Driver/Src/stm32f1xx_hal_tim.o
 .text.TIM_ETR_SetConfig
                0x08003e0a       0x3e ./Drivers/STM32F1xx_HAL_Driver/Src/stm32f1xx_hal_tim.o
                0x08003e0a                TIM_ETR_SetConfig
 .text.HAL_TIMEx_MasterConfigSynchronization
                0x08003e48       0xbc ./Drivers/STM32F1xx_HAL_Driver/Src/stm32f1xx_hal_tim_ex.o
                0x08003e48                HAL_TIMEx_MasterConfigSynchronization
 .text.HAL_TIMEx_CommutCallback
                0x08003f04       0x12 ./Drivers/STM32F1xx_HAL_Driver/Src/stm32f1xx_hal_tim_ex.o
                0x08003f04                HAL_TIMEx_CommutCallback
 .text.HAL_TIMEx_BreakCallback
                0x08003f16       0x12 ./Drivers/STM32F1xx_HAL_Driver/Src/stm32f1xx_hal_tim_ex.o
                0x08003f16                HAL_TIMEx_BreakCallback
 .text.HAL_UART_Init
                0x08003f28       0xa0 ./Drivers/STM32F1xx_HAL_Driver/Src/stm32f1xx_hal_uart.o
                0x08003f28                HAL_UART_Init
 .text.UART_SetConfig
                0x08003fc8      0x11c ./Drivers/STM32F1xx_HAL_Driver/Src/stm32f1xx_hal_uart.o
 .text.sprintf  0x080040e4       0x40 D:/STM32CubeIDE_1.13.2/STM32CubeIDE/plugins/com.st.stm32cube.ide.mcu.externaltools.gnu-tools-for-stm32.12.3.rel1.win32_1.1.0.202410251130/tools/bin/../lib/gcc/arm-none-eabi/12.3.1/../../../../arm-none-eabi/lib/thumb/v7-m/nofp\libc_nano.a(libc_a-sprintf.o)
                0x080040e4                siprintf
                0x080040e4                sprintf
 .text.memset   0x08004124       0x10 D:/STM32CubeIDE_1.13.2/STM32CubeIDE/plugins/com.st.stm32cube.ide.mcu.externaltools.gnu-tools-for-stm32.12.3.rel1.win32_1.1.0.202410251130/tools/bin/../lib/gcc/arm-none-eabi/12.3.1/../../../../arm-none-eabi/lib/thumb/v7-m/nofp\libc_nano.a(libc_a-memset.o)
                0x08004124                memset
 .text.__errno  0x08004134        0xc D:/STM32CubeIDE_1.13.2/STM32CubeIDE/plugins/com.st.stm32cube.ide.mcu.externaltools.gnu-tools-for-stm32.12.3.rel1.win32_1.1.0.202410251130/tools/bin/../lib/gcc/arm-none-eabi/12.3.1/../../../../arm-none-eabi/lib/thumb/v7-m/nofp\libc_nano.a(libc_a-errno.o)
                0x08004134                __errno
 .text.__libc_init_array
                0x08004140       0x48 D:/STM32CubeIDE_1.13.2/STM32CubeIDE/plugins/com.st.stm32cube.ide.mcu.externaltools.gnu-tools-for-stm32.12.3.rel1.win32_1.1.0.202410251130/tools/bin/../lib/gcc/arm-none-eabi/12.3.1/../../../../arm-none-eabi/lib/thumb/v7-m/nofp\libc_nano.a(libc_a-init.o)
                0x08004140                __libc_init_array
 .text.__retarget_lock_acquire_recursive
                0x08004188        0x2 D:/STM32CubeIDE_1.13.2/STM32CubeIDE/plugins/com.st.stm32cube.ide.mcu.externaltools.gnu-tools-for-stm32.12.3.rel1.win32_1.1.0.202410251130/tools/bin/../lib/gcc/arm-none-eabi/12.3.1/../../../../arm-none-eabi/lib/thumb/v7-m/nofp\libc_nano.a(libc_a-lock.o)
                0x08004188                __retarget_lock_acquire_recursive
 .text.__retarget_lock_release_recursive
                0x0800418a        0x2 D:/STM32CubeIDE_1.13.2/STM32CubeIDE/plugins/com.st.stm32cube.ide.mcu.externaltools.gnu-tools-for-stm32.12.3.rel1.win32_1.1.0.202410251130/tools/bin/../lib/gcc/arm-none-eabi/12.3.1/../../../../arm-none-eabi/lib/thumb/v7-m/nofp\libc_nano.a(libc_a-lock.o)
                0x0800418a                __retarget_lock_release_recursive
 .text._free_r  0x0800418c       0x90 D:/STM32CubeIDE_1.13.2/STM32CubeIDE/plugins/com.st.stm32cube.ide.mcu.externaltools.gnu-tools-for-stm32.12.3.rel1.win32_1.1.0.202410251130/tools/bin/../lib/gcc/arm-none-eabi/12.3.1/../../../../arm-none-eabi/lib/thumb/v7-m/nofp\libc_nano.a(libc_a-freer.o)
                0x0800418c                _free_r
 .text.sbrk_aligned
                0x0800421c       0x44 D:/STM32CubeIDE_1.13.2/STM32CubeIDE/plugins/com.st.stm32cube.ide.mcu.externaltools.gnu-tools-for-stm32.12.3.rel1.win32_1.1.0.202410251130/tools/bin/../lib/gcc/arm-none-eabi/12.3.1/../../../../arm-none-eabi/lib/thumb/v7-m/nofp\libc_nano.a(libc_a-mallocr.o)
 .text._malloc_r
                0x08004260      0x100 D:/STM32CubeIDE_1.13.2/STM32CubeIDE/plugins/com.st.stm32cube.ide.mcu.externaltools.gnu-tools-for-stm32.12.3.rel1.win32_1.1.0.202410251130/tools/bin/../lib/gcc/arm-none-eabi/12.3.1/../../../../arm-none-eabi/lib/thumb/v7-m/nofp\libc_nano.a(libc_a-mallocr.o)
                0x08004260                _malloc_r
 .text.__malloc_lock
                0x08004360        0xc D:/STM32CubeIDE_1.13.2/STM32CubeIDE/plugins/com.st.stm32cube.ide.mcu.externaltools.gnu-tools-for-stm32.12.3.rel1.win32_1.1.0.202410251130/tools/bin/../lib/gcc/arm-none-eabi/12.3.1/../../../../arm-none-eabi/lib/thumb/v7-m/nofp\libc_nano.a(libc_a-mlock.o)
                0x08004360                __malloc_lock
 .text.__malloc_unlock
                0x0800436c        0xc D:/STM32CubeIDE_1.13.2/STM32CubeIDE/plugins/com.st.stm32cube.ide.mcu.externaltools.gnu-tools-for-stm32.12.3.rel1.win32_1.1.0.202410251130/tools/bin/../lib/gcc/arm-none-eabi/12.3.1/../../../../arm-none-eabi/lib/thumb/v7-m/nofp\libc_nano.a(libc_a-mlock.o)
                0x0800436c                __malloc_unlock
 .text.__ssputs_r
                0x08004378       0xb6 D:/STM32CubeIDE_1.13.2/STM32CubeIDE/plugins/com.st.stm32cube.ide.mcu.externaltools.gnu-tools-for-stm32.12.3.rel1.win32_1.1.0.202410251130/tools/bin/../lib/gcc/arm-none-eabi/12.3.1/../../../../arm-none-eabi/lib/thumb/v7-m/nofp\libc_nano.a(libc_a-nano-svfprintf.o)
                0x08004378                __ssputs_r
 *fill*         0x0800442e        0x2 
 .text._svfprintf_r
                0x08004430      0x1f8 D:/STM32CubeIDE_1.13.2/STM32CubeIDE/plugins/com.st.stm32cube.ide.mcu.externaltools.gnu-tools-for-stm32.12.3.rel1.win32_1.1.0.202410251130/tools/bin/../lib/gcc/arm-none-eabi/12.3.1/../../../../arm-none-eabi/lib/thumb/v7-m/nofp\libc_nano.a(libc_a-nano-svfprintf.o)
                0x08004430                _svfiprintf_r
                0x08004430                _svfprintf_r
 .text._printf_common
                0x08004628       0xe4 D:/STM32CubeIDE_1.13.2/STM32CubeIDE/plugins/com.st.stm32cube.ide.mcu.externaltools.gnu-tools-for-stm32.12.3.rel1.win32_1.1.0.202410251130/tools/bin/../lib/gcc/arm-none-eabi/12.3.1/../../../../arm-none-eabi/lib/thumb/v7-m/nofp\libc_nano.a(libc_a-nano-vfprintf_i.o)
                0x08004628                _printf_common
 .text._printf_i
                0x0800470c      0x240 D:/STM32CubeIDE_1.13.2/STM32CubeIDE/plugins/com.st.stm32cube.ide.mcu.externaltools.gnu-tools-for-stm32.12.3.rel1.win32_1.1.0.202410251130/tools/bin/../lib/gcc/arm-none-eabi/12.3.1/../../../../arm-none-eabi/lib/thumb/v7-m/nofp\libc_nano.a(libc_a-nano-vfprintf_i.o)
                0x0800470c                _printf_i
 .text.memmove  0x0800494c       0x34 D:/STM32CubeIDE_1.13.2/STM32CubeIDE/plugins/com.st.stm32cube.ide.mcu.externaltools.gnu-tools-for-stm32.12.3.rel1.win32_1.1.0.202410251130/tools/bin/../lib/gcc/arm-none-eabi/12.3.1/../../../../arm-none-eabi/lib/thumb/v7-m/nofp\libc_nano.a(libc_a-memmove.o)
                0x0800494c                memmove
 .text._sbrk_r  0x08004980       0x20 D:/STM32CubeIDE_1.13.2/STM32CubeIDE/plugins/com.st.stm32cube.ide.mcu.externaltools.gnu-tools-for-stm32.12.3.rel1.win32_1.1.0.202410251130/tools/bin/../lib/gcc/arm-none-eabi/12.3.1/../../../../arm-none-eabi/lib/thumb/v7-m/nofp\libc_nano.a(libc_a-sbrkr.o)
                0x08004980                _sbrk_r
 .text.memchr   0x080049a0       0x1c D:/STM32CubeIDE_1.13.2/STM32CubeIDE/plugins/com.st.stm32cube.ide.mcu.externaltools.gnu-tools-for-stm32.12.3.rel1.win32_1.1.0.202410251130/tools/bin/../lib/gcc/arm-none-eabi/12.3.1/../../../../arm-none-eabi/lib/thumb/v7-m/nofp\libc_nano.a(libc_a-memchr-stub.o)
                0x080049a0                memchr
 .text.memcpy   0x080049bc       0x1c D:/STM32CubeIDE_1.13.2/STM32CubeIDE/plugins/com.st.stm32cube.ide.mcu.externaltools.gnu-tools-for-stm32.12.3.rel1.win32_1.1.0.202410251130/tools/bin/../lib/gcc/arm-none-eabi/12.3.1/../../../../arm-none-eabi/lib/thumb/v7-m/nofp\libc_nano.a(libc_a-memcpy-stub.o)
                0x080049bc                memcpy
 .text._realloc_r
                0x080049d8       0x5c D:/STM32CubeIDE_1.13.2/STM32CubeIDE/plugins/com.st.stm32cube.ide.mcu.externaltools.gnu-tools-for-stm32.12.3.rel1.win32_1.1.0.202410251130/tools/bin/../lib/gcc/arm-none-eabi/12.3.1/../../../../arm-none-eabi/lib/thumb/v7-m/nofp\libc_nano.a(libc_a-reallocr.o)
                0x080049d8                _realloc_r
 .text._malloc_usable_size_r
                0x08004a34       0x10 D:/STM32CubeIDE_1.13.2/STM32CubeIDE/plugins/com.st.stm32cube.ide.mcu.externaltools.gnu-tools-for-stm32.12.3.rel1.win32_1.1.0.202410251130/tools/bin/../lib/gcc/arm-none-eabi/12.3.1/../../../../arm-none-eabi/lib/thumb/v7-m/nofp\libc_nano.a(libc_a-msizer.o)
                0x08004a34                _malloc_usable_size_r
 *(.glue_7)
 .glue_7        0x08004a44        0x0 linker stubs
 *(.glue_7t)
 .glue_7t       0x08004a44        0x0 linker stubs
 *(.eh_frame)
 .eh_frame      0x08004a44        0x0 D:/STM32CubeIDE_1.13.2/STM32CubeIDE/plugins/com.st.stm32cube.ide.mcu.externaltools.gnu-tools-for-stm32.12.3.rel1.win32_1.1.0.202410251130/tools/bin/../lib/gcc/arm-none-eabi/12.3.1/thumb/v7-m/nofp/crtbegin.o
 *(.init)
 .init          0x08004a44        0x4 D:/STM32CubeIDE_1.13.2/STM32CubeIDE/plugins/com.st.stm32cube.ide.mcu.externaltools.gnu-tools-for-stm32.12.3.rel1.win32_1.1.0.202410251130/tools/bin/../lib/gcc/arm-none-eabi/12.3.1/thumb/v7-m/nofp/crti.o
                0x08004a44                _init
 .init          0x08004a48        0x8 D:/STM32CubeIDE_1.13.2/STM32CubeIDE/plugins/com.st.stm32cube.ide.mcu.externaltools.gnu-tools-for-stm32.12.3.rel1.win32_1.1.0.202410251130/tools/bin/../lib/gcc/arm-none-eabi/12.3.1/thumb/v7-m/nofp/crtn.o
 *(.fini)
 .fini          0x08004a50        0x4 D:/STM32CubeIDE_1.13.2/STM32CubeIDE/plugins/com.st.stm32cube.ide.mcu.externaltools.gnu-tools-for-stm32.12.3.rel1.win32_1.1.0.202410251130/tools/bin/../lib/gcc/arm-none-eabi/12.3.1/thumb/v7-m/nofp/crti.o
                0x08004a50                _fini
 .fini          0x08004a54        0x8 D:/STM32CubeIDE_1.13.2/STM32CubeIDE/plugins/com.st.stm32cube.ide.mcu.externaltools.gnu-tools-for-stm32.12.3.rel1.win32_1.1.0.202410251130/tools/bin/../lib/gcc/arm-none-eabi/12.3.1/thumb/v7-m/nofp/crtn.o
                0x08004a5c                        . = ALIGN (0x4)
                0x08004a5c                        _etext = .

.vfp11_veneer   0x08004a5c        0x0
 .vfp11_veneer  0x08004a5c        0x0 linker stubs

.v4_bx          0x08004a5c        0x0
 .v4_bx         0x08004a5c        0x0 linker stubs

.iplt           0x08004a5c        0x0
 .iplt          0x08004a5c        0x0 D:/STM32CubeIDE_1.13.2/STM32CubeIDE/plugins/com.st.stm32cube.ide.mcu.externaltools.gnu-tools-for-stm32.12.3.rel1.win32_1.1.0.202410251130/tools/bin/../lib/gcc/arm-none-eabi/12.3.1/thumb/v7-m/nofp/crtbegin.o

.rodata         0x08004a5c       0xcc
                0x08004a5c                        . = ALIGN (0x4)
 *(.rodata)
 .rodata        0x08004a5c       0x69 ./Core/Src/i2c-lcd.o
 *(.rodata*)
 *fill*         0x08004ac5        0x3 
 .rodata.AHBPrescTable
                0x08004ac8       0x10 ./Core/Src/system_stm32f1xx.o
                0x08004ac8                AHBPrescTable
 .rodata.APBPrescTable
                0x08004ad8        0x8 ./Core/Src/system_stm32f1xx.o
                0x08004ad8                APBPrescTable
 .rodata.aPLLMULFactorTable.1
                0x08004ae0       0x10 ./Drivers/STM32F1xx_HAL_Driver/Src/stm32f1xx_hal_rcc.o
 .rodata.aPredivFactorTable.0
                0x08004af0        0x2 ./Drivers/STM32F1xx_HAL_Driver/Src/stm32f1xx_hal_rcc.o
 .rodata._svfprintf_r.str1.1
                0x08004af2       0x11 D:/STM32CubeIDE_1.13.2/STM32CubeIDE/plugins/com.st.stm32cube.ide.mcu.externaltools.gnu-tools-for-stm32.12.3.rel1.win32_1.1.0.202410251130/tools/bin/../lib/gcc/arm-none-eabi/12.3.1/../../../../arm-none-eabi/lib/thumb/v7-m/nofp\libc_nano.a(libc_a-nano-svfprintf.o)
 .rodata._printf_i.str1.1
                0x08004b03       0x22 D:/STM32CubeIDE_1.13.2/STM32CubeIDE/plugins/com.st.stm32cube.ide.mcu.externaltools.gnu-tools-for-stm32.12.3.rel1.win32_1.1.0.202410251130/tools/bin/../lib/gcc/arm-none-eabi/12.3.1/../../../../arm-none-eabi/lib/thumb/v7-m/nofp\libc_nano.a(libc_a-nano-vfprintf_i.o)
                0x08004b28                        . = ALIGN (0x4)
 *fill*         0x08004b25        0x3 

.ARM.extab      0x08004b28        0x0
                0x08004b28                        . = ALIGN (0x4)
 *(.ARM.extab* .gnu.linkonce.armextab.*)
                0x08004b28                        . = ALIGN (0x4)

.ARM            0x08004b28        0x8
                0x08004b28                        . = ALIGN (0x4)
                0x08004b28                        __exidx_start = .
 *(.ARM.exidx*)
 .ARM.exidx     0x08004b28        0x8 D:/STM32CubeIDE_1.13.2/STM32CubeIDE/plugins/com.st.stm32cube.ide.mcu.externaltools.gnu-tools-for-stm32.12.3.rel1.win32_1.1.0.202410251130/tools/bin/../lib/gcc/arm-none-eabi/12.3.1/../../../../arm-none-eabi/lib/thumb/v7-m/nofp\libc_nano.a(libc_a-strlen.o)
                0x08004b30                        __exidx_end = .
                0x08004b30                        . = ALIGN (0x4)

.preinit_array  0x08004b30        0x0
                0x08004b30                        . = ALIGN (0x4)
                0x08004b30                        PROVIDE (__preinit_array_start = .)
 *(.preinit_array*)
                0x08004b30                        PROVIDE (__preinit_array_end = .)
                0x08004b30                        . = ALIGN (0x4)

.init_array     0x08004b30        0x4
                0x08004b30                        . = ALIGN (0x4)
                0x08004b30                        PROVIDE (__init_array_start = .)
 *(SORT_BY_NAME(.init_array.*))
 *(.init_array*)
 .init_array    0x08004b30        0x4 D:/STM32CubeIDE_1.13.2/STM32CubeIDE/plugins/com.st.stm32cube.ide.mcu.externaltools.gnu-tools-for-stm32.12.3.rel1.win32_1.1.0.202410251130/tools/bin/../lib/gcc/arm-none-eabi/12.3.1/thumb/v7-m/nofp/crtbegin.o
                0x08004b34                        PROVIDE (__init_array_end = .)
                0x08004b34                        . = ALIGN (0x4)

.fini_array     0x08004b34        0x4
                0x08004b34                        . = ALIGN (0x4)
                [!provide]                        PROVIDE (__fini_array_start = .)
 *(SORT_BY_NAME(.fini_array.*))
 *(.fini_array*)
 .fini_array    0x08004b34        0x4 D:/STM32CubeIDE_1.13.2/STM32CubeIDE/plugins/com.st.stm32cube.ide.mcu.externaltools.gnu-tools-for-stm32.12.3.rel1.win32_1.1.0.202410251130/tools/bin/../lib/gcc/arm-none-eabi/12.3.1/thumb/v7-m/nofp/crtbegin.o
                [!provide]                        PROVIDE (__fini_array_end = .)
                0x08004b38                        . = ALIGN (0x4)
                0x08004b38                        _sidata = LOADADDR (.data)

.rel.dyn        0x08004b38        0x0
 .rel.iplt      0x08004b38        0x0 D:/STM32CubeIDE_1.13.2/STM32CubeIDE/plugins/com.st.stm32cube.ide.mcu.externaltools.gnu-tools-for-stm32.12.3.rel1.win32_1.1.0.202410251130/tools/bin/../lib/gcc/arm-none-eabi/12.3.1/thumb/v7-m/nofp/crtbegin.o

.data           0x20000000       0x98 load address 0x08004b38
                0x20000000                        . = ALIGN (0x4)
                0x20000000                        _sdata = .
 *(.data)
 *(.data*)
 .data.buttonPorts
                0x20000000       0x10 ./Core/Src/button.o
 .data.buttonPins
                0x20000010        0x8 ./Core/Src/button.o
 .data.controlTraffic0Ports
                0x20000018        0x8 ./Core/Src/ryg-leds.o
 .data.controlTraffic0Pins
                0x20000020        0x4 ./Core/Src/ryg-leds.o
 .data.controlTraffic1Ports
                0x20000024        0x8 ./Core/Src/ryg-leds.o
 .data.controlTraffic1Pins
                0x2000002c        0x4 ./Core/Src/ryg-leds.o
 .data.SystemCoreClock
                0x20000030        0x4 ./Core/Src/system_stm32f1xx.o
                0x20000030                SystemCoreClock
 .data.trafficRedDuration
                0x20000034        0x4 ./Core/Src/traffic.o
                0x20000034                trafficRedDuration
 .data.trafficGreenDuration
                0x20000038        0x4 ./Core/Src/traffic.o
                0x20000038                trafficGreenDuration
 .data.trafficYellowDuration
                0x2000003c        0x4 ./Core/Src/traffic.o
                0x2000003c                trafficYellowDuration
 .data.uwTickPrio
                0x20000040        0x4 ./Drivers/STM32F1xx_HAL_Driver/Src/stm32f1xx_hal.o
                0x20000040                uwTickPrio
 .data.uwTickFreq
                0x20000044        0x1 ./Drivers/STM32F1xx_HAL_Driver/Src/stm32f1xx_hal.o
                0x20000044                uwTickFreq
 *fill*         0x20000045        0x3 
 .data._impure_ptr
                0x20000048        0x4 D:/STM32CubeIDE_1.13.2/STM32CubeIDE/plugins/com.st.stm32cube.ide.mcu.externaltools.gnu-tools-for-stm32.12.3.rel1.win32_1.1.0.202410251130/tools/bin/../lib/gcc/arm-none-eabi/12.3.1/../../../../arm-none-eabi/lib/thumb/v7-m/nofp\libc_nano.a(libc_a-impure.o)
                0x20000048                _impure_ptr
 .data._impure_data
                0x2000004c       0x4c D:/STM32CubeIDE_1.13.2/STM32CubeIDE/plugins/com.st.stm32cube.ide.mcu.externaltools.gnu-tools-for-stm32.12.3.rel1.win32_1.1.0.202410251130/tools/bin/../lib/gcc/arm-none-eabi/12.3.1/../../../../arm-none-eabi/lib/thumb/v7-m/nofp\libc_nano.a(libc_a-impure.o)
                0x2000004c                _impure_data
 *(.RamFunc)
 *(.RamFunc*)
                0x20000098                        . = ALIGN (0x4)
                0x20000098                        _edata = .

.igot.plt       0x20000098        0x0 load address 0x08004bd0
 .igot.plt      0x20000098        0x0 D:/STM32CubeIDE_1.13.2/STM32CubeIDE/plugins/com.st.stm32cube.ide.mcu.externaltools.gnu-tools-for-stm32.12.3.rel1.win32_1.1.0.202410251130/tools/bin/../lib/gcc/arm-none-eabi/12.3.1/thumb/v7-m/nofp/crtbegin.o
                0x20000098                        . = ALIGN (0x4)

.bss            0x20000098      0x428 load address 0x08004bd0
                0x20000098                        _sbss = .
                0x20000098                        __bss_start__ = _sbss
 *(.bss)
 .bss           0x20000098       0x1c D:/STM32CubeIDE_1.13.2/STM32CubeIDE/plugins/com.st.stm32cube.ide.mcu.externaltools.gnu-tools-for-stm32.12.3.rel1.win32_1.1.0.202410251130/tools/bin/../lib/gcc/arm-none-eabi/12.3.1/thumb/v7-m/nofp/crtbegin.o
 *(.bss*)
 .bss.buttonStates
                0x200000b4        0x4 ./Core/Src/button.o
 .bss.buttonDebounce0
                0x200000b8        0x4 ./Core/Src/button.o
 .bss.buttonDebounce1
                0x200000bc        0x4 ./Core/Src/button.o
 .bss.buttonDebounce2
                0x200000c0        0x4 ./Core/Src/button.o
 .bss.buttonFlags
                0x200000c4        0x4 ./Core/Src/button.o
 .bss.buttonCounters
                0x200000c8        0x8 ./Core/Src/button.o
 .bss.fsmState  0x200000d0        0x1 ./Core/Src/fsm.o
                0x200000d0                fsmState
 .bss.fsmTunningState
                0x200000d1        0x1 ./Core/Src/fsm.o
 *fill*         0x200000d2        0x2 
 .bss.fsmIDs    0x200000d4        0x1 ./Core/Src/fsm.o
 *fill*         0x200000d5        0x3 
 .bss.fsmAutoIDs
                0x200000d8        0xb ./Core/Src/fsm.o
 *fill*         0x200000e3        0x1 
 .bss.fsmManualIDs
                0x200000e4        0x3 ./Core/Src/fsm.o
 *fill*         0x200000e7        0x1 
 .bss.fsmTunningIDs
                0x200000e8        0x5 ./Core/Src/fsm.o
 *fill*         0x200000ed        0x3 
 .bss.hi2c1     0x200000f0       0x54 ./Core/Src/main.o
                0x200000f0                hi2c1
 .bss.htim2     0x20000144       0x48 ./Core/Src/main.o
                0x20000144                htim2
 .bss.huart2    0x2000018c       0x48 ./Core/Src/main.o
                0x2000018c                huart2
 .bss.tasks     0x200001d4      0x190 ./Core/Src/scheduler.o
                0x200001d4                tasks
 .bss.__sbrk_heap_end
                0x20000364        0x4 ./Core/Src/sysmem.o
 .bss.trafficStates
                0x20000368        0x2 ./Core/Src/traffic.o
                0x20000368                trafficStates
 *fill*         0x2000036a        0x2 
 .bss.trafficCounters
                0x2000036c        0x8 ./Core/Src/traffic.o
                0x2000036c                trafficCounters
 .bss.uwTick    0x20000374        0x4 ./Drivers/STM32F1xx_HAL_Driver/Src/stm32f1xx_hal.o
                0x20000374                uwTick
 .bss.__sf      0x20000378      0x138 D:/STM32CubeIDE_1.13.2/STM32CubeIDE/plugins/com.st.stm32cube.ide.mcu.externaltools.gnu-tools-for-stm32.12.3.rel1.win32_1.1.0.202410251130/tools/bin/../lib/gcc/arm-none-eabi/12.3.1/../../../../arm-none-eabi/lib/thumb/v7-m/nofp\libc_nano.a(libc_a-findfp.o)
                0x20000378                __sf
 .bss.errno     0x200004b0        0x4 D:/STM32CubeIDE_1.13.2/STM32CubeIDE/plugins/com.st.stm32cube.ide.mcu.externaltools.gnu-tools-for-stm32.12.3.rel1.win32_1.1.0.202410251130/tools/bin/../lib/gcc/arm-none-eabi/12.3.1/../../../../arm-none-eabi/lib/thumb/v7-m/nofp\libc_nano.a(libc_a-reent.o)
                0x200004b0                errno
 .bss.__lock___malloc_recursive_mutex
                0x200004b4        0x1 D:/STM32CubeIDE_1.13.2/STM32CubeIDE/plugins/com.st.stm32cube.ide.mcu.externaltools.gnu-tools-for-stm32.12.3.rel1.win32_1.1.0.202410251130/tools/bin/../lib/gcc/arm-none-eabi/12.3.1/../../../../arm-none-eabi/lib/thumb/v7-m/nofp\libc_nano.a(libc_a-lock.o)
                0x200004b4                __lock___malloc_recursive_mutex
 *fill*         0x200004b5        0x3 
 .bss.__malloc_sbrk_start
                0x200004b8        0x4 D:/STM32CubeIDE_1.13.2/STM32CubeIDE/plugins/com.st.stm32cube.ide.mcu.externaltools.gnu-tools-for-stm32.12.3.rel1.win32_1.1.0.202410251130/tools/bin/../lib/gcc/arm-none-eabi/12.3.1/../../../../arm-none-eabi/lib/thumb/v7-m/nofp\libc_nano.a(libc_a-mallocr.o)
                0x200004b8                __malloc_sbrk_start
 .bss.__malloc_free_list
                0x200004bc        0x4 D:/STM32CubeIDE_1.13.2/STM32CubeIDE/plugins/com.st.stm32cube.ide.mcu.externaltools.gnu-tools-for-stm32.12.3.rel1.win32_1.1.0.202410251130/tools/bin/../lib/gcc/arm-none-eabi/12.3.1/../../../../arm-none-eabi/lib/thumb/v7-m/nofp\libc_nano.a(libc_a-mallocr.o)
                0x200004bc                __malloc_free_list
 *(COMMON)
                0x200004c0                        . = ALIGN (0x4)
                0x200004c0                        _ebss = .
                0x200004c0                        __bss_end__ = _ebss

._user_heap_stack
                0x200004c0      0x600 load address 0x08004bd0
                0x200004c0                        . = ALIGN (0x8)
                [!provide]                        PROVIDE (end = .)
                0x200004c0                        PROVIDE (_end = .)
                0x200006c0                        . = (. + _Min_Heap_Size)
 *fill*         0x200004c0      0x200 
                0x20000ac0                        . = (. + _Min_Stack_Size)
 *fill*         0x200006c0      0x400 
                0x20000ac0                        . = ALIGN (0x8)

/DISCARD/
 libc.a(*)
 libm.a(*)
 libgcc.a(*)

.ARM.attributes
                0x00000000       0x29
 *(.ARM.attributes)
 .ARM.attributes
                0x00000000       0x1d D:/STM32CubeIDE_1.13.2/STM32CubeIDE/plugins/com.st.stm32cube.ide.mcu.externaltools.gnu-tools-for-stm32.12.3.rel1.win32_1.1.0.202410251130/tools/bin/../lib/gcc/arm-none-eabi/12.3.1/thumb/v7-m/nofp/crti.o
 .ARM.attributes
                0x0000001d       0x2d D:/STM32CubeIDE_1.13.2/STM32CubeIDE/plugins/com.st.stm32cube.ide.mcu.externaltools.gnu-tools-for-stm32.12.3.rel1.win32_1.1.0.202410251130/tools/bin/../lib/gcc/arm-none-eabi/12.3.1/thumb/v7-m/nofp/crtbegin.o
 .ARM.attributes
                0x0000004a       0x2d ./Core/Src/button.o
 .ARM.attributes
                0x00000077       0x2d ./Core/Src/counter.o
 .ARM.attributes
                0x000000a4       0x2d ./Core/Src/fsm.o
 .ARM.attributes
                0x000000d1       0x2d ./Core/Src/i2c-lcd.o
 .ARM.attributes
                0x000000fe       0x2d ./Core/Src/main.o
 .ARM.attributes
                0x0000012b       0x2d ./Core/Src/ryg-leds.o
 .ARM.attributes
                0x00000158       0x2d ./Core/Src/scheduler.o
 .ARM.attributes
                0x00000185       0x2d ./Core/Src/stm32f1xx_hal_msp.o
 .ARM.attributes
                0x000001b2       0x2d ./Core/Src/stm32f1xx_it.o
 .ARM.attributes
                0x000001df       0x2d ./Core/Src/sysmem.o
 .ARM.attributes
                0x0000020c       0x2d ./Core/Src/system_stm32f1xx.o
 .ARM.attributes
                0x00000239       0x2d ./Core/Src/test_module.o
 .ARM.attributes
                0x00000266       0x2d ./Core/Src/traffic.o
 .ARM.attributes
                0x00000293       0x21 ./Core/Startup/startup_stm32f103rbtx.o
 .ARM.attributes
                0x000002b4       0x2d ./Drivers/STM32F1xx_HAL_Driver/Src/stm32f1xx_hal.o
 .ARM.attributes
                0x000002e1       0x2d ./Drivers/STM32F1xx_HAL_Driver/Src/stm32f1xx_hal_cortex.o
 .ARM.attributes
                0x0000030e       0x2d ./Drivers/STM32F1xx_HAL_Driver/Src/stm32f1xx_hal_gpio.o
 .ARM.attributes
                0x0000033b       0x2d ./Drivers/STM32F1xx_HAL_Driver/Src/stm32f1xx_hal_i2c.o
 .ARM.attributes
                0x00000368       0x2d ./Drivers/STM32F1xx_HAL_Driver/Src/stm32f1xx_hal_rcc.o
 .ARM.attributes
                0x00000395       0x2d ./Drivers/STM32F1xx_HAL_Driver/Src/stm32f1xx_hal_tim.o
 .ARM.attributes
                0x000003c2       0x2d ./Drivers/STM32F1xx_HAL_Driver/Src/stm32f1xx_hal_tim_ex.o
 .ARM.attributes
                0x000003ef       0x2d ./Drivers/STM32F1xx_HAL_Driver/Src/stm32f1xx_hal_uart.o
 .ARM.attributes
                0x0000041c       0x2d D:/STM32CubeIDE_1.13.2/STM32CubeIDE/plugins/com.st.stm32cube.ide.mcu.externaltools.gnu-tools-for-stm32.12.3.rel1.win32_1.1.0.202410251130/tools/bin/../lib/gcc/arm-none-eabi/12.3.1/../../../../arm-none-eabi/lib/thumb/v7-m/nofp\libc_nano.a(libc_a-findfp.o)
 .ARM.attributes
                0x00000449       0x2d D:/STM32CubeIDE_1.13.2/STM32CubeIDE/plugins/com.st.stm32cube.ide.mcu.externaltools.gnu-tools-for-stm32.12.3.rel1.win32_1.1.0.202410251130/tools/bin/../lib/gcc/arm-none-eabi/12.3.1/../../../../arm-none-eabi/lib/thumb/v7-m/nofp\libc_nano.a(libc_a-sprintf.o)
 .ARM.attributes
                0x00000476       0x2d D:/STM32CubeIDE_1.13.2/STM32CubeIDE/plugins/com.st.stm32cube.ide.mcu.externaltools.gnu-tools-for-stm32.12.3.rel1.win32_1.1.0.202410251130/tools/bin/../lib/gcc/arm-none-eabi/12.3.1/../../../../arm-none-eabi/lib/thumb/v7-m/nofp\libc_nano.a(libc_a-memset.o)
 .ARM.attributes
                0x000004a3       0x2d D:/STM32CubeIDE_1.13.2/STM32CubeIDE/plugins/com.st.stm32cube.ide.mcu.externaltools.gnu-tools-for-stm32.12.3.rel1.win32_1.1.0.202410251130/tools/bin/../lib/gcc/arm-none-eabi/12.3.1/../../../../arm-none-eabi/lib/thumb/v7-m/nofp\libc_nano.a(libc_a-reent.o)
 .ARM.attributes
                0x000004d0       0x2d D:/STM32CubeIDE_1.13.2/STM32CubeIDE/plugins/com.st.stm32cube.ide.mcu.externaltools.gnu-tools-for-stm32.12.3.rel1.win32_1.1.0.202410251130/tools/bin/../lib/gcc/arm-none-eabi/12.3.1/../../../../arm-none-eabi/lib/thumb/v7-m/nofp\libc_nano.a(libc_a-impure.o)
 .ARM.attributes
                0x000004fd       0x2d D:/STM32CubeIDE_1.13.2/STM32CubeIDE/plugins/com.st.stm32cube.ide.mcu.externaltools.gnu-tools-for-stm32.12.3.rel1.win32_1.1.0.202410251130/tools/bin/../lib/gcc/arm-none-eabi/12.3.1/../../../../arm-none-eabi/lib/thumb/v7-m/nofp\libc_nano.a(libc_a-errno.o)
 .ARM.attributes
                0x0000052a       0x2d D:/STM32CubeIDE_1.13.2/STM32CubeIDE/plugins/com.st.stm32cube.ide.mcu.externaltools.gnu-tools-for-stm32.12.3.rel1.win32_1.1.0.202410251130/tools/bin/../lib/gcc/arm-none-eabi/12.3.1/../../../../arm-none-eabi/lib/thumb/v7-m/nofp\libc_nano.a(libc_a-init.o)
 .ARM.attributes
                0x00000557       0x2d D:/STM32CubeIDE_1.13.2/STM32CubeIDE/plugins/com.st.stm32cube.ide.mcu.externaltools.gnu-tools-for-stm32.12.3.rel1.win32_1.1.0.202410251130/tools/bin/../lib/gcc/arm-none-eabi/12.3.1/../../../../arm-none-eabi/lib/thumb/v7-m/nofp\libc_nano.a(libc_a-lock.o)
 .ARM.attributes
                0x00000584       0x17 D:/STM32CubeIDE_1.13.2/STM32CubeIDE/plugins/com.st.stm32cube.ide.mcu.externaltools.gnu-tools-for-stm32.12.3.rel1.win32_1.1.0.202410251130/tools/bin/../lib/gcc/arm-none-eabi/12.3.1/../../../../arm-none-eabi/lib/thumb/v7-m/nofp\libc_nano.a(libc_a-strlen.o)
 .ARM.attributes
                0x0000059b       0x2d D:/STM32CubeIDE_1.13.2/STM32CubeIDE/plugins/com.st.stm32cube.ide.mcu.externaltools.gnu-tools-for-stm32.12.3.rel1.win32_1.1.0.202410251130/tools/bin/../lib/gcc/arm-none-eabi/12.3.1/../../../../arm-none-eabi/lib/thumb/v7-m/nofp\libc_nano.a(libc_a-freer.o)
 .ARM.attributes
                0x000005c8       0x2d D:/STM32CubeIDE_1.13.2/STM32CubeIDE/plugins/com.st.stm32cube.ide.mcu.externaltools.gnu-tools-for-stm32.12.3.rel1.win32_1.1.0.202410251130/tools/bin/../lib/gcc/arm-none-eabi/12.3.1/../../../../arm-none-eabi/lib/thumb/v7-m/nofp\libc_nano.a(libc_a-mallocr.o)
 .ARM.attributes
                0x000005f5       0x2d D:/STM32CubeIDE_1.13.2/STM32CubeIDE/plugins/com.st.stm32cube.ide.mcu.externaltools.gnu-tools-for-stm32.12.3.rel1.win32_1.1.0.202410251130/tools/bin/../lib/gcc/arm-none-eabi/12.3.1/../../../../arm-none-eabi/lib/thumb/v7-m/nofp\libc_nano.a(libc_a-mlock.o)
 .ARM.attributes
                0x00000622       0x2d D:/STM32CubeIDE_1.13.2/STM32CubeIDE/plugins/com.st.stm32cube.ide.mcu.externaltools.gnu-tools-for-stm32.12.3.rel1.win32_1.1.0.202410251130/tools/bin/../lib/gcc/arm-none-eabi/12.3.1/../../../../arm-none-eabi/lib/thumb/v7-m/nofp\libc_nano.a(libc_a-nano-svfprintf.o)
 .ARM.attributes
                0x0000064f       0x2d D:/STM32CubeIDE_1.13.2/STM32CubeIDE/plugins/com.st.stm32cube.ide.mcu.externaltools.gnu-tools-for-stm32.12.3.rel1.win32_1.1.0.202410251130/tools/bin/../lib/gcc/arm-none-eabi/12.3.1/../../../../arm-none-eabi/lib/thumb/v7-m/nofp\libc_nano.a(libc_a-nano-vfprintf_i.o)
 .ARM.attributes
                0x0000067c       0x2d D:/STM32CubeIDE_1.13.2/STM32CubeIDE/plugins/com.st.stm32cube.ide.mcu.externaltools.gnu-tools-for-stm32.12.3.rel1.win32_1.1.0.202410251130/tools/bin/../lib/gcc/arm-none-eabi/12.3.1/../../../../arm-none-eabi/lib/thumb/v7-m/nofp\libc_nano.a(libc_a-memmove.o)
 .ARM.attributes
                0x000006a9       0x2d D:/STM32CubeIDE_1.13.2/STM32CubeIDE/plugins/com.st.stm32cube.ide.mcu.externaltools.gnu-tools-for-stm32.12.3.rel1.win32_1.1.0.202410251130/tools/bin/../lib/gcc/arm-none-eabi/12.3.1/../../../../arm-none-eabi/lib/thumb/v7-m/nofp\libc_nano.a(libc_a-sbrkr.o)
 .ARM.attributes
                0x000006d6       0x2d D:/STM32CubeIDE_1.13.2/STM32CubeIDE/plugins/com.st.stm32cube.ide.mcu.externaltools.gnu-tools-for-stm32.12.3.rel1.win32_1.1.0.202410251130/tools/bin/../lib/gcc/arm-none-eabi/12.3.1/../../../../arm-none-eabi/lib/thumb/v7-m/nofp\libc_nano.a(libc_a-memchr-stub.o)
 .ARM.attributes
                0x00000703       0x2d D:/STM32CubeIDE_1.13.2/STM32CubeIDE/plugins/com.st.stm32cube.ide.mcu.externaltools.gnu-tools-for-stm32.12.3.rel1.win32_1.1.0.202410251130/tools/bin/../lib/gcc/arm-none-eabi/12.3.1/../../../../arm-none-eabi/lib/thumb/v7-m/nofp\libc_nano.a(libc_a-memcpy-stub.o)
 .ARM.attributes
                0x00000730       0x2d D:/STM32CubeIDE_1.13.2/STM32CubeIDE/plugins/com.st.stm32cube.ide.mcu.externaltools.gnu-tools-for-stm32.12.3.rel1.win32_1.1.0.202410251130/tools/bin/../lib/gcc/arm-none-eabi/12.3.1/../../../../arm-none-eabi/lib/thumb/v7-m/nofp\libc_nano.a(libc_a-reallocr.o)
 .ARM.attributes
                0x0000075d       0x2d D:/STM32CubeIDE_1.13.2/STM32CubeIDE/plugins/com.st.stm32cube.ide.mcu.externaltools.gnu-tools-for-stm32.12.3.rel1.win32_1.1.0.202410251130/tools/bin/../lib/gcc/arm-none-eabi/12.3.1/../../../../arm-none-eabi/lib/thumb/v7-m/nofp\libc_nano.a(libc_a-msizer.o)
 .ARM.attributes
                0x0000078a       0x1d D:/STM32CubeIDE_1.13.2/STM32CubeIDE/plugins/com.st.stm32cube.ide.mcu.externaltools.gnu-tools-for-stm32.12.3.rel1.win32_1.1.0.202410251130/tools/bin/../lib/gcc/arm-none-eabi/12.3.1/thumb/v7-m/nofp/crtn.o
OUTPUT(traffic_light_assignment.elf elf32-littlearm)
LOAD linker stubs
LOAD D:/STM32CubeIDE_1.13.2/STM32CubeIDE/plugins/com.st.stm32cube.ide.mcu.externaltools.gnu-tools-for-stm32.12.3.rel1.win32_1.1.0.202410251130/tools/bin/../lib/gcc/arm-none-eabi/12.3.1/../../../../arm-none-eabi/lib/thumb/v7-m/nofp\libc.a
LOAD D:/STM32CubeIDE_1.13.2/STM32CubeIDE/plugins/com.st.stm32cube.ide.mcu.externaltools.gnu-tools-for-stm32.12.3.rel1.win32_1.1.0.202410251130/tools/bin/../lib/gcc/arm-none-eabi/12.3.1/../../../../arm-none-eabi/lib/thumb/v7-m/nofp\libm.a
LOAD D:/STM32CubeIDE_1.13.2/STM32CubeIDE/plugins/com.st.stm32cube.ide.mcu.externaltools.gnu-tools-for-stm32.12.3.rel1.win32_1.1.0.202410251130/tools/bin/../lib/gcc/arm-none-eabi/12.3.1/thumb/v7-m/nofp\libgcc.a

.debug_info     0x00000000     0xf889
 .debug_info    0x00000000      0x2b8 ./Core/Src/button.o
 .debug_info    0x000002b8       0xd3 ./Core/Src/counter.o
 .debug_info    0x0000038b      0x3e6 ./Core/Src/fsm.o
 .debug_info    0x00000771      0x85e ./Core/Src/i2c-lcd.o
 .debug_info    0x00000fcf     0x12f4 ./Core/Src/main.o
 .debug_info    0x000022c3      0x26d ./Core/Src/ryg-leds.o
 .debug_info    0x00002530      0x2ec ./Core/Src/scheduler.o
 .debug_info    0x0000281c     0x1068 ./Core/Src/stm32f1xx_hal_msp.o
 .debug_info    0x00003884      0x6db ./Core/Src/stm32f1xx_it.o
 .debug_info    0x00003f5f      0x168 ./Core/Src/sysmem.o
 .debug_info    0x000040c7      0x222 ./Core/Src/system_stm32f1xx.o
 .debug_info    0x000042e9      0x1cd ./Core/Src/test_module.o
 .debug_info    0x000044b6      0x293 ./Core/Src/traffic.o
 .debug_info    0x00004749       0x30 ./Core/Startup/startup_stm32f103rbtx.o
 .debug_info    0x00004779      0x704 ./Drivers/STM32F1xx_HAL_Driver/Src/stm32f1xx_hal.o
 .debug_info    0x00004e7d      0xa87 ./Drivers/STM32F1xx_HAL_Driver/Src/stm32f1xx_hal_cortex.o
 .debug_info    0x00005904      0x5ab ./Drivers/STM32F1xx_HAL_Driver/Src/stm32f1xx_hal_gpio.o
 .debug_info    0x00005eaf     0x2524 ./Drivers/STM32F1xx_HAL_Driver/Src/stm32f1xx_hal_i2c.o
 .debug_info    0x000083d3      0x7d5 ./Drivers/STM32F1xx_HAL_Driver/Src/stm32f1xx_hal_rcc.o
 .debug_info    0x00008ba8     0x2959 ./Drivers/STM32F1xx_HAL_Driver/Src/stm32f1xx_hal_tim.o
 .debug_info    0x0000b501     0x149b ./Drivers/STM32F1xx_HAL_Driver/Src/stm32f1xx_hal_tim_ex.o
 .debug_info    0x0000c99c     0x2eed ./Drivers/STM32F1xx_HAL_Driver/Src/stm32f1xx_hal_uart.o

.debug_abbrev   0x00000000     0x2686
 .debug_abbrev  0x00000000      0x14f ./Core/Src/button.o
 .debug_abbrev  0x0000014f       0x7b ./Core/Src/counter.o
 .debug_abbrev  0x000001ca      0x176 ./Core/Src/fsm.o
 .debug_abbrev  0x00000340      0x20f ./Core/Src/i2c-lcd.o
 .debug_abbrev  0x0000054f      0x31b ./Core/Src/main.o
 .debug_abbrev  0x0000086a      0x134 ./Core/Src/ryg-leds.o
 .debug_abbrev  0x0000099e      0x167 ./Core/Src/scheduler.o
 .debug_abbrev  0x00000b05      0x1dd ./Core/Src/stm32f1xx_hal_msp.o
 .debug_abbrev  0x00000ce2      0x1a6 ./Core/Src/stm32f1xx_it.o
 .debug_abbrev  0x00000e88       0xbc ./Core/Src/sysmem.o
 .debug_abbrev  0x00000f44      0x13f ./Core/Src/system_stm32f1xx.o
 .debug_abbrev  0x00001083       0xde ./Core/Src/test_module.o
 .debug_abbrev  0x00001161       0xf7 ./Core/Src/traffic.o
 .debug_abbrev  0x00001258       0x24 ./Core/Startup/startup_stm32f103rbtx.o
 .debug_abbrev  0x0000127c      0x201 ./Drivers/STM32F1xx_HAL_Driver/Src/stm32f1xx_hal.o
 .debug_abbrev  0x0000147d      0x2f8 ./Drivers/STM32F1xx_HAL_Driver/Src/stm32f1xx_hal_cortex.o
 .debug_abbrev  0x00001775      0x1ca ./Drivers/STM32F1xx_HAL_Driver/Src/stm32f1xx_hal_gpio.o
 .debug_abbrev  0x0000193f      0x2a3 ./Drivers/STM32F1xx_HAL_Driver/Src/stm32f1xx_hal_i2c.o
 .debug_abbrev  0x00001be2      0x2b3 ./Drivers/STM32F1xx_HAL_Driver/Src/stm32f1xx_hal_rcc.o
 .debug_abbrev  0x00001e95      0x277 ./Drivers/STM32F1xx_HAL_Driver/Src/stm32f1xx_hal_tim.o
 .debug_abbrev  0x0000210c      0x282 ./Drivers/STM32F1xx_HAL_Driver/Src/stm32f1xx_hal_tim_ex.o
 .debug_abbrev  0x0000238e      0x2f8 ./Drivers/STM32F1xx_HAL_Driver/Src/stm32f1xx_hal_uart.o

.debug_aranges  0x00000000     0x1090
 .debug_aranges
                0x00000000       0x28 ./Core/Src/button.o
 .debug_aranges
                0x00000028       0x28 ./Core/Src/counter.o
 .debug_aranges
                0x00000050       0x70 ./Core/Src/fsm.o
 .debug_aranges
                0x000000c0       0x88 ./Core/Src/i2c-lcd.o
 .debug_aranges
                0x00000148       0x58 ./Core/Src/main.o
 .debug_aranges
                0x000001a0       0x38 ./Core/Src/ryg-leds.o
 .debug_aranges
                0x000001d8       0x48 ./Core/Src/scheduler.o
 .debug_aranges
                0x00000220       0x50 ./Core/Src/stm32f1xx_hal_msp.o
 .debug_aranges
                0x00000270       0x70 ./Core/Src/stm32f1xx_it.o
 .debug_aranges
                0x000002e0       0x20 ./Core/Src/sysmem.o
 .debug_aranges
                0x00000300       0x28 ./Core/Src/system_stm32f1xx.o
 .debug_aranges
                0x00000328       0x30 ./Core/Src/test_module.o
 .debug_aranges
                0x00000358       0x60 ./Core/Src/traffic.o
 .debug_aranges
                0x000003b8       0x28 ./Core/Startup/startup_stm32f103rbtx.o
 .debug_aranges
                0x000003e0       0xe0 ./Drivers/STM32F1xx_HAL_Driver/Src/stm32f1xx_hal.o
 .debug_aranges
                0x000004c0      0x100 ./Drivers/STM32F1xx_HAL_Driver/Src/stm32f1xx_hal_cortex.o
 .debug_aranges
                0x000005c0       0x58 ./Drivers/STM32F1xx_HAL_Driver/Src/stm32f1xx_hal_gpio.o
 .debug_aranges
                0x00000618      0x2a8 ./Drivers/STM32F1xx_HAL_Driver/Src/stm32f1xx_hal_i2c.o
 .debug_aranges
                0x000008c0       0x90 ./Drivers/STM32F1xx_HAL_Driver/Src/stm32f1xx_hal_rcc.o
 .debug_aranges
                0x00000950      0x3d0 ./Drivers/STM32F1xx_HAL_Driver/Src/stm32f1xx_hal_tim.o
 .debug_aranges
                0x00000d20      0x168 ./Drivers/STM32F1xx_HAL_Driver/Src/stm32f1xx_hal_tim_ex.o
 .debug_aranges
                0x00000e88      0x208 ./Drivers/STM32F1xx_HAL_Driver/Src/stm32f1xx_hal_uart.o

.debug_rnglists
                0x00000000      0xcf2
 .debug_rnglists
                0x00000000       0x1a ./Core/Src/button.o
 .debug_rnglists
                0x0000001a       0x19 ./Core/Src/counter.o
 .debug_rnglists
                0x00000033       0x54 ./Core/Src/fsm.o
 .debug_rnglists
                0x00000087       0x61 ./Core/Src/i2c-lcd.o
 .debug_rnglists
                0x000000e8       0x40 ./Core/Src/main.o
 .debug_rnglists
                0x00000128       0x25 ./Core/Src/ryg-leds.o
 .debug_rnglists
                0x0000014d       0x35 ./Core/Src/scheduler.o
 .debug_rnglists
                0x00000182       0x38 ./Core/Src/stm32f1xx_hal_msp.o
 .debug_rnglists
                0x000001ba       0x4f ./Core/Src/stm32f1xx_it.o
 .debug_rnglists
                0x00000209       0x13 ./Core/Src/sysmem.o
 .debug_rnglists
                0x0000021c       0x1a ./Core/Src/system_stm32f1xx.o
 .debug_rnglists
                0x00000236       0x1f ./Core/Src/test_module.o
 .debug_rnglists
                0x00000255       0x44 ./Core/Src/traffic.o
 .debug_rnglists
                0x00000299       0x19 ./Core/Startup/startup_stm32f103rbtx.o
 .debug_rnglists
                0x000002b2       0xa3 ./Drivers/STM32F1xx_HAL_Driver/Src/stm32f1xx_hal.o
 .debug_rnglists
                0x00000355       0xbb ./Drivers/STM32F1xx_HAL_Driver/Src/stm32f1xx_hal_cortex.o
 .debug_rnglists
                0x00000410       0x3f ./Drivers/STM32F1xx_HAL_Driver/Src/stm32f1xx_hal_gpio.o
 .debug_rnglists
                0x0000044f      0x23c ./Drivers/STM32F1xx_HAL_Driver/Src/stm32f1xx_hal_i2c.o
 .debug_rnglists
                0x0000068b       0x6c ./Drivers/STM32F1xx_HAL_Driver/Src/stm32f1xx_hal_rcc.o
 .debug_rnglists
                0x000006f7      0x31a ./Drivers/STM32F1xx_HAL_Driver/Src/stm32f1xx_hal_tim.o
 .debug_rnglists
                0x00000a11      0x125 ./Drivers/STM32F1xx_HAL_Driver/Src/stm32f1xx_hal_tim_ex.o
 .debug_rnglists
                0x00000b36      0x1bc ./Drivers/STM32F1xx_HAL_Driver/Src/stm32f1xx_hal_uart.o

.debug_macro    0x00000000    0x19822
 .debug_macro   0x00000000      0x1cb ./Core/Src/button.o
 .debug_macro   0x000001cb      0xaa8 ./Core/Src/button.o
 .debug_macro   0x00000c73       0x22 ./Core/Src/button.o
 .debug_macro   0x00000c95       0x8e ./Core/Src/button.o
 .debug_macro   0x00000d23       0x51 ./Core/Src/button.o
 .debug_macro   0x00000d74      0x103 ./Core/Src/button.o
 .debug_macro   0x00000e77       0x6a ./Core/Src/button.o
 .debug_macro   0x00000ee1      0x1df ./Core/Src/button.o
 .debug_macro   0x000010c0      0x221 ./Core/Src/button.o
 .debug_macro   0x000012e1       0x2e ./Core/Src/button.o
 .debug_macro   0x0000130f       0x22 ./Core/Src/button.o
 .debug_macro   0x00001331       0x1c ./Core/Src/button.o
 .debug_macro   0x0000134d       0x22 ./Core/Src/button.o
 .debug_macro   0x0000136f       0xbd ./Core/Src/button.o
 .debug_macro   0x0000142c      0xd23 ./Core/Src/button.o
 .debug_macro   0x0000214f     0xe09e ./Core/Src/button.o
 .debug_macro   0x000101ed       0x6d ./Core/Src/button.o
 .debug_macro   0x0001025a     0x34a2 ./Core/Src/button.o
 .debug_macro   0x000136fc      0x189 ./Core/Src/button.o
 .debug_macro   0x00013885       0x5c ./Core/Src/button.o
 .debug_macro   0x000138e1      0x5bc ./Core/Src/button.o
 .debug_macro   0x00013e9d      0x289 ./Core/Src/button.o
 .debug_macro   0x00014126      0x1cb ./Core/Src/button.o
 .debug_macro   0x000142f1      0x114 ./Core/Src/button.o
 .debug_macro   0x00014405      0x1b2 ./Core/Src/button.o
 .debug_macro   0x000145b7       0x27 ./Core/Src/button.o
 .debug_macro   0x000145de      0x136 ./Core/Src/button.o
 .debug_macro   0x00014714      0x1bc ./Core/Src/button.o
 .debug_macro   0x000148d0       0x34 ./Core/Src/button.o
 .debug_macro   0x00014904       0x3c ./Core/Src/button.o
 .debug_macro   0x00014940       0x57 ./Core/Src/button.o
 .debug_macro   0x00014997       0x87 ./Core/Src/button.o
 .debug_macro   0x00014a1e      0x240 ./Core/Src/button.o
 .debug_macro   0x00014c5e      0x287 ./Core/Src/button.o
 .debug_macro   0x00014ee5      0x140 ./Core/Src/button.o
 .debug_macro   0x00015025      0x8ed ./Core/Src/button.o
 .debug_macro   0x00015912      0x28e ./Core/Src/button.o
 .debug_macro   0x00015ba0       0x83 ./Core/Src/button.o
 .debug_macro   0x00015c23       0xc4 ./Core/Src/button.o
 .debug_macro   0x00015ce7       0x22 ./Core/Src/button.o
 .debug_macro   0x00015d09      0x2f6 ./Core/Src/counter.o
 .debug_macro   0x00015fff       0x28 ./Core/Src/counter.o
 .debug_macro   0x00016027       0x61 ./Core/Src/counter.o
 .debug_macro   0x00016088       0x24 ./Core/Src/counter.o
 .debug_macro   0x000160ac       0x43 ./Core/Src/counter.o
 .debug_macro   0x000160ef       0x34 ./Core/Src/counter.o
 .debug_macro   0x00016123       0x16 ./Core/Src/counter.o
 .debug_macro   0x00016139       0x35 ./Core/Src/counter.o
 .debug_macro   0x0001616e      0x369 ./Core/Src/counter.o
 .debug_macro   0x000164d7       0x10 ./Core/Src/counter.o
 .debug_macro   0x000164e7       0x16 ./Core/Src/counter.o
 .debug_macro   0x000164fd       0x43 ./Core/Src/counter.o
 .debug_macro   0x00016540       0x34 ./Core/Src/counter.o
 .debug_macro   0x00016574       0x10 ./Core/Src/counter.o
 .debug_macro   0x00016584       0x58 ./Core/Src/counter.o
 .debug_macro   0x000165dc       0x8e ./Core/Src/counter.o
 .debug_macro   0x0001666a       0x1c ./Core/Src/counter.o
 .debug_macro   0x00016686      0x177 ./Core/Src/counter.o
 .debug_macro   0x000167fd       0x16 ./Core/Src/counter.o
 .debug_macro   0x00016813       0x16 ./Core/Src/counter.o
 .debug_macro   0x00016829      0x146 ./Core/Src/counter.o
 .debug_macro   0x0001696f       0x1c ./Core/Src/counter.o
 .debug_macro   0x0001698b      0x314 ./Core/Src/fsm.o
 .debug_macro   0x00016c9f      0x326 ./Core/Src/i2c-lcd.o
 .debug_macro   0x00016fc5       0xca ./Core/Src/i2c-lcd.o
 .debug_macro   0x0001708f       0x16 ./Core/Src/i2c-lcd.o
 .debug_macro   0x000170a5       0x20 ./Core/Src/i2c-lcd.o
 .debug_macro   0x000170c5      0x309 ./Core/Src/main.o
 .debug_macro   0x000173ce       0x10 ./Core/Src/main.o
 .debug_macro   0x000173de      0x2f6 ./Core/Src/ryg-leds.o
 .debug_macro   0x000176d4      0x2a4 ./Core/Src/scheduler.o
 .debug_macro   0x00017978       0x9e ./Core/Src/scheduler.o
 .debug_macro   0x00017a16      0x10b ./Core/Src/scheduler.o
 .debug_macro   0x00017b21       0x56 ./Core/Src/scheduler.o
 .debug_macro   0x00017b77      0x1bc ./Core/Src/stm32f1xx_hal_msp.o
 .debug_macro   0x00017d33      0x1c6 ./Core/Src/stm32f1xx_it.o
 .debug_macro   0x00017ef9       0xff ./Core/Src/sysmem.o
 .debug_macro   0x00017ff8      0x23c ./Core/Src/sysmem.o
 .debug_macro   0x00018234      0x1ad ./Core/Src/system_stm32f1xx.o
 .debug_macro   0x000183e1      0x2f6 ./Core/Src/test_module.o
 .debug_macro   0x000186d7      0x2f2 ./Core/Src/traffic.o
 .debug_macro   0x000189c9      0x1d1 ./Drivers/STM32F1xx_HAL_Driver/Src/stm32f1xx_hal.o
 .debug_macro   0x00018b9a      0x1ad ./Drivers/STM32F1xx_HAL_Driver/Src/stm32f1xx_hal_cortex.o
 .debug_macro   0x00018d47      0x218 ./Drivers/STM32F1xx_HAL_Driver/Src/stm32f1xx_hal_gpio.o
 .debug_macro   0x00018f5f      0x1fb ./Drivers/STM32F1xx_HAL_Driver/Src/stm32f1xx_hal_i2c.o
 .debug_macro   0x0001915a      0x1bf ./Drivers/STM32F1xx_HAL_Driver/Src/stm32f1xx_hal_rcc.o
 .debug_macro   0x00019319      0x1ae ./Drivers/STM32F1xx_HAL_Driver/Src/stm32f1xx_hal_tim.o
 .debug_macro   0x000194c7      0x1ad ./Drivers/STM32F1xx_HAL_Driver/Src/stm32f1xx_hal_tim_ex.o
 .debug_macro   0x00019674      0x1ae ./Drivers/STM32F1xx_HAL_Driver/Src/stm32f1xx_hal_uart.o

.debug_line     0x00000000    0x15717
 .debug_line    0x00000000      0x7cf ./Core/Src/button.o
 .debug_line    0x000007cf      0x8e8 ./Core/Src/counter.o
 .debug_line    0x000010b7      0xbdf ./Core/Src/fsm.o
 .debug_line    0x00001c96      0xac3 ./Core/Src/i2c-lcd.o
 .debug_line    0x00002759      0xa73 ./Core/Src/main.o
 .debug_line    0x000031cc      0x8fe ./Core/Src/ryg-leds.o
 .debug_line    0x00003aca      0xbd2 ./Core/Src/scheduler.o
 .debug_line    0x0000469c      0x7d7 ./Core/Src/stm32f1xx_hal_msp.o
 .debug_line    0x00004e73      0x7fa ./Core/Src/stm32f1xx_it.o
 .debug_line    0x0000566d      0x574 ./Core/Src/sysmem.o
 .debug_line    0x00005be1      0x78e ./Core/Src/system_stm32f1xx.o
 .debug_line    0x0000636f      0x919 ./Core/Src/test_module.o
 .debug_line    0x00006c88      0x9c1 ./Core/Src/traffic.o
 .debug_line    0x00007649       0x78 ./Core/Startup/startup_stm32f103rbtx.o
 .debug_line    0x000076c1      0x9bb ./Drivers/STM32F1xx_HAL_Driver/Src/stm32f1xx_hal.o
 .debug_line    0x0000807c      0xba7 ./Drivers/STM32F1xx_HAL_Driver/Src/stm32f1xx_hal_cortex.o
 .debug_line    0x00008c23      0xa54 ./Drivers/STM32F1xx_HAL_Driver/Src/stm32f1xx_hal_gpio.o
 .debug_line    0x00009677     0x3c58 ./Drivers/STM32F1xx_HAL_Driver/Src/stm32f1xx_hal_i2c.o
 .debug_line    0x0000d2cf      0xdc4 ./Drivers/STM32F1xx_HAL_Driver/Src/stm32f1xx_hal_rcc.o
 .debug_line    0x0000e093     0x34e0 ./Drivers/STM32F1xx_HAL_Driver/Src/stm32f1xx_hal_tim.o
 .debug_line    0x00011573     0x190a ./Drivers/STM32F1xx_HAL_Driver/Src/stm32f1xx_hal_tim_ex.o
 .debug_line    0x00012e7d     0x289a ./Drivers/STM32F1xx_HAL_Driver/Src/stm32f1xx_hal_uart.o

.debug_str      0x00000000    0x8d3ef
 .debug_str     0x00000000    0x850bd ./Core/Src/button.o
                              0x85421 (size before relaxing)
 .debug_str     0x000850bd     0x3804 ./Core/Src/counter.o
                              0x88afc (size before relaxing)
 .debug_str     0x000888c1      0x2e1 ./Core/Src/fsm.o
                              0x88dd7 (size before relaxing)
 .debug_str     0x00088ba2      0x59d ./Core/Src/i2c-lcd.o
                              0x891ca (size before relaxing)
 .debug_str     0x0008913f      0xa7f ./Core/Src/main.o
                              0x89ba1 (size before relaxing)
 .debug_str     0x00089bbe       0x97 ./Core/Src/ryg-leds.o
                              0x88bd4 (size before relaxing)
 .debug_str     0x00089c55       0x7a ./Core/Src/scheduler.o
                              0x88a3c (size before relaxing)
 .debug_str     0x00089ccf      0x105 ./Core/Src/stm32f1xx_hal_msp.o
                              0x86049 (size before relaxing)
 .debug_str     0x00089dd4      0x11a ./Core/Src/stm32f1xx_it.o
                              0x85846 (size before relaxing)
 .debug_str     0x00089eee      0x4dc ./Core/Src/sysmem.o
                               0x6073 (size before relaxing)
 .debug_str     0x0008a3ca       0x7e ./Core/Src/system_stm32f1xx.o
                              0x85000 (size before relaxing)
 .debug_str     0x0008a448       0x40 ./Core/Src/test_module.o
                              0x88b74 (size before relaxing)
 .debug_str     0x0008a488       0x24 ./Core/Src/traffic.o
                              0x88c73 (size before relaxing)
 .debug_str     0x0008a4ac       0x44 ./Core/Startup/startup_stm32f103rbtx.o
                                 0x7e (size before relaxing)
 .debug_str     0x0008a4f0      0x384 ./Drivers/STM32F1xx_HAL_Driver/Src/stm32f1xx_hal.o
                              0x85733 (size before relaxing)
 .debug_str     0x0008a874      0x294 ./Drivers/STM32F1xx_HAL_Driver/Src/stm32f1xx_hal_cortex.o
                              0x8567f (size before relaxing)
 .debug_str     0x0008ab08      0x2a9 ./Drivers/STM32F1xx_HAL_Driver/Src/stm32f1xx_hal_gpio.o
                              0x85386 (size before relaxing)
 .debug_str     0x0008adb1      0xbc3 ./Drivers/STM32F1xx_HAL_Driver/Src/stm32f1xx_hal_i2c.o
                              0x860c7 (size before relaxing)
 .debug_str     0x0008b974      0x209 ./Drivers/STM32F1xx_HAL_Driver/Src/stm32f1xx_hal_rcc.o
                              0x8542f (size before relaxing)
 .debug_str     0x0008bb7d      0xdb8 ./Drivers/STM32F1xx_HAL_Driver/Src/stm32f1xx_hal_tim.o
                              0x86431 (size before relaxing)
 .debug_str     0x0008c935      0x493 ./Drivers/STM32F1xx_HAL_Driver/Src/stm32f1xx_hal_tim_ex.o
                              0x85c3d (size before relaxing)
 .debug_str     0x0008cdc8      0x627 ./Drivers/STM32F1xx_HAL_Driver/Src/stm32f1xx_hal_uart.o
                              0x85aa0 (size before relaxing)

.comment        0x00000000       0x86
 .comment       0x00000000       0x43 ./Core/Src/button.o
                                 0x44 (size before relaxing)
 .comment       0x00000043       0x44 ./Core/Src/counter.o
 .comment       0x00000043       0x44 ./Core/Src/fsm.o
 .comment       0x00000043       0x44 ./Core/Src/i2c-lcd.o
 .comment       0x00000043       0x44 ./Core/Src/main.o
 .comment       0x00000043       0x44 ./Core/Src/ryg-leds.o
 .comment       0x00000043       0x44 ./Core/Src/scheduler.o
 .comment       0x00000043       0x44 ./Core/Src/stm32f1xx_hal_msp.o
 .comment       0x00000043       0x44 ./Core/Src/stm32f1xx_it.o
 .comment       0x00000043       0x43 ./Core/Src/sysmem.o
                                 0x44 (size before relaxing)
 .comment       0x00000086       0x44 ./Core/Src/system_stm32f1xx.o
 .comment       0x00000086       0x44 ./Core/Src/test_module.o
 .comment       0x00000086       0x44 ./Core/Src/traffic.o
 .comment       0x00000086       0x44 ./Drivers/STM32F1xx_HAL_Driver/Src/stm32f1xx_hal.o
 .comment       0x00000086       0x44 ./Drivers/STM32F1xx_HAL_Driver/Src/stm32f1xx_hal_cortex.o
 .comment       0x00000086       0x44 ./Drivers/STM32F1xx_HAL_Driver/Src/stm32f1xx_hal_gpio.o
 .comment       0x00000086       0x44 ./Drivers/STM32F1xx_HAL_Driver/Src/stm32f1xx_hal_i2c.o
 .comment       0x00000086       0x44 ./Drivers/STM32F1xx_HAL_Driver/Src/stm32f1xx_hal_rcc.o
 .comment       0x00000086       0x44 ./Drivers/STM32F1xx_HAL_Driver/Src/stm32f1xx_hal_tim.o
 .comment       0x00000086       0x44 ./Drivers/STM32F1xx_HAL_Driver/Src/stm32f1xx_hal_tim_ex.o
 .comment       0x00000086       0x44 ./Drivers/STM32F1xx_HAL_Driver/Src/stm32f1xx_hal_uart.o

.debug_frame    0x00000000     0x48e4
 .debug_frame   0x00000000       0x60 ./Core/Src/button.o
 .debug_frame   0x00000060       0x50 ./Core/Src/counter.o
 .debug_frame   0x000000b0      0x154 ./Core/Src/fsm.o
 .debug_frame   0x00000204      0x1c4 ./Core/Src/i2c-lcd.o
 .debug_frame   0x000003c8      0x10c ./Core/Src/main.o
 .debug_frame   0x000004d4       0xa0 ./Core/Src/ryg-leds.o
 .debug_frame   0x00000574       0xfc ./Core/Src/scheduler.o
 .debug_frame   0x00000670      0x110 ./Core/Src/stm32f1xx_hal_msp.o
 .debug_frame   0x00000780      0x13c ./Core/Src/stm32f1xx_it.o
 .debug_frame   0x000008bc       0x34 ./Core/Src/sysmem.o
 .debug_frame   0x000008f0       0x58 ./Core/Src/system_stm32f1xx.o
 .debug_frame   0x00000948       0x64 ./Core/Src/test_module.o
 .debug_frame   0x000009ac      0x114 ./Core/Src/traffic.o
 .debug_frame   0x00000ac0      0x334 ./Drivers/STM32F1xx_HAL_Driver/Src/stm32f1xx_hal.o
 .debug_frame   0x00000df4      0x428 ./Drivers/STM32F1xx_HAL_Driver/Src/stm32f1xx_hal_cortex.o
 .debug_frame   0x0000121c      0x14c ./Drivers/STM32F1xx_HAL_Driver/Src/stm32f1xx_hal_gpio.o
 .debug_frame   0x00001368      0xc84 ./Drivers/STM32F1xx_HAL_Driver/Src/stm32f1xx_hal_i2c.o
 .debug_frame   0x00001fec      0x218 ./Drivers/STM32F1xx_HAL_Driver/Src/stm32f1xx_hal_rcc.o
 .debug_frame   0x00002204     0x11b8 ./Drivers/STM32F1xx_HAL_Driver/Src/stm32f1xx_hal_tim.o
 .debug_frame   0x000033bc      0x638 ./Drivers/STM32F1xx_HAL_Driver/Src/stm32f1xx_hal_tim_ex.o
 .debug_frame   0x000039f4      0x944 ./Drivers/STM32F1xx_HAL_Driver/Src/stm32f1xx_hal_uart.o
 .debug_frame   0x00004338      0x144 D:/STM32CubeIDE_1.13.2/STM32CubeIDE/plugins/com.st.stm32cube.ide.mcu.externaltools.gnu-tools-for-stm32.12.3.rel1.win32_1.1.0.202410251130/tools/bin/../lib/gcc/arm-none-eabi/12.3.1/../../../../arm-none-eabi/lib/thumb/v7-m/nofp\libc_nano.a(libc_a-findfp.o)
 .debug_frame   0x0000447c       0x6c D:/STM32CubeIDE_1.13.2/STM32CubeIDE/plugins/com.st.stm32cube.ide.mcu.externaltools.gnu-tools-for-stm32.12.3.rel1.win32_1.1.0.202410251130/tools/bin/../lib/gcc/arm-none-eabi/12.3.1/../../../../arm-none-eabi/lib/thumb/v7-m/nofp\libc_nano.a(libc_a-sprintf.o)
 .debug_frame   0x000044e8       0x20 D:/STM32CubeIDE_1.13.2/STM32CubeIDE/plugins/com.st.stm32cube.ide.mcu.externaltools.gnu-tools-for-stm32.12.3.rel1.win32_1.1.0.202410251130/tools/bin/../lib/gcc/arm-none-eabi/12.3.1/../../../../arm-none-eabi/lib/thumb/v7-m/nofp\libc_nano.a(libc_a-memset.o)
 .debug_frame   0x00004508       0x38 D:/STM32CubeIDE_1.13.2/STM32CubeIDE/plugins/com.st.stm32cube.ide.mcu.externaltools.gnu-tools-for-stm32.12.3.rel1.win32_1.1.0.202410251130/tools/bin/../lib/gcc/arm-none-eabi/12.3.1/../../../../arm-none-eabi/lib/thumb/v7-m/nofp\libc_nano.a(libc_a-reent.o)
 .debug_frame   0x00004540       0x20 D:/STM32CubeIDE_1.13.2/STM32CubeIDE/plugins/com.st.stm32cube.ide.mcu.externaltools.gnu-tools-for-stm32.12.3.rel1.win32_1.1.0.202410251130/tools/bin/../lib/gcc/arm-none-eabi/12.3.1/../../../../arm-none-eabi/lib/thumb/v7-m/nofp\libc_nano.a(libc_a-errno.o)
 .debug_frame   0x00004560       0x2c D:/STM32CubeIDE_1.13.2/STM32CubeIDE/plugins/com.st.stm32cube.ide.mcu.externaltools.gnu-tools-for-stm32.12.3.rel1.win32_1.1.0.202410251130/tools/bin/../lib/gcc/arm-none-eabi/12.3.1/../../../../arm-none-eabi/lib/thumb/v7-m/nofp\libc_nano.a(libc_a-init.o)
 .debug_frame   0x0000458c       0xb0 D:/STM32CubeIDE_1.13.2/STM32CubeIDE/plugins/com.st.stm32cube.ide.mcu.externaltools.gnu-tools-for-stm32.12.3.rel1.win32_1.1.0.202410251130/tools/bin/../lib/gcc/arm-none-eabi/12.3.1/../../../../arm-none-eabi/lib/thumb/v7-m/nofp\libc_nano.a(libc_a-lock.o)
 .debug_frame   0x0000463c       0x38 D:/STM32CubeIDE_1.13.2/STM32CubeIDE/plugins/com.st.stm32cube.ide.mcu.externaltools.gnu-tools-for-stm32.12.3.rel1.win32_1.1.0.202410251130/tools/bin/../lib/gcc/arm-none-eabi/12.3.1/../../../../arm-none-eabi/lib/thumb/v7-m/nofp\libc_nano.a(libc_a-freer.o)
 .debug_frame   0x00004674       0x50 D:/STM32CubeIDE_1.13.2/STM32CubeIDE/plugins/com.st.stm32cube.ide.mcu.externaltools.gnu-tools-for-stm32.12.3.rel1.win32_1.1.0.202410251130/tools/bin/../lib/gcc/arm-none-eabi/12.3.1/../../../../arm-none-eabi/lib/thumb/v7-m/nofp\libc_nano.a(libc_a-mallocr.o)
 .debug_frame   0x000046c4       0x30 D:/STM32CubeIDE_1.13.2/STM32CubeIDE/plugins/com.st.stm32cube.ide.mcu.externaltools.gnu-tools-for-stm32.12.3.rel1.win32_1.1.0.202410251130/tools/bin/../lib/gcc/arm-none-eabi/12.3.1/../../../../arm-none-eabi/lib/thumb/v7-m/nofp\libc_nano.a(libc_a-mlock.o)
 .debug_frame   0x000046f4       0x90 D:/STM32CubeIDE_1.13.2/STM32CubeIDE/plugins/com.st.stm32cube.ide.mcu.externaltools.gnu-tools-for-stm32.12.3.rel1.win32_1.1.0.202410251130/tools/bin/../lib/gcc/arm-none-eabi/12.3.1/../../../../arm-none-eabi/lib/thumb/v7-m/nofp\libc_nano.a(libc_a-nano-svfprintf.o)
 .debug_frame   0x00004784       0x60 D:/STM32CubeIDE_1.13.2/STM32CubeIDE/plugins/com.st.stm32cube.ide.mcu.externaltools.gnu-tools-for-stm32.12.3.rel1.win32_1.1.0.202410251130/tools/bin/../lib/gcc/arm-none-eabi/12.3.1/../../../../arm-none-eabi/lib/thumb/v7-m/nofp\libc_nano.a(libc_a-nano-vfprintf_i.o)
 .debug_frame   0x000047e4       0x28 D:/STM32CubeIDE_1.13.2/STM32CubeIDE/plugins/com.st.stm32cube.ide.mcu.externaltools.gnu-tools-for-stm32.12.3.rel1.win32_1.1.0.202410251130/tools/bin/../lib/gcc/arm-none-eabi/12.3.1/../../../../arm-none-eabi/lib/thumb/v7-m/nofp\libc_nano.a(libc_a-memmove.o)
 .debug_frame   0x0000480c       0x2c D:/STM32CubeIDE_1.13.2/STM32CubeIDE/plugins/com.st.stm32cube.ide.mcu.externaltools.gnu-tools-for-stm32.12.3.rel1.win32_1.1.0.202410251130/tools/bin/../lib/gcc/arm-none-eabi/12.3.1/../../../../arm-none-eabi/lib/thumb/v7-m/nofp\libc_nano.a(libc_a-sbrkr.o)
 .debug_frame   0x00004838       0x28 D:/STM32CubeIDE_1.13.2/STM32CubeIDE/plugins/com.st.stm32cube.ide.mcu.externaltools.gnu-tools-for-stm32.12.3.rel1.win32_1.1.0.202410251130/tools/bin/../lib/gcc/arm-none-eabi/12.3.1/../../../../arm-none-eabi/lib/thumb/v7-m/nofp\libc_nano.a(libc_a-memchr-stub.o)
 .debug_frame   0x00004860       0x28 D:/STM32CubeIDE_1.13.2/STM32CubeIDE/plugins/com.st.stm32cube.ide.mcu.externaltools.gnu-tools-for-stm32.12.3.rel1.win32_1.1.0.202410251130/tools/bin/../lib/gcc/arm-none-eabi/12.3.1/../../../../arm-none-eabi/lib/thumb/v7-m/nofp\libc_nano.a(libc_a-memcpy-stub.o)
 .debug_frame   0x00004888       0x3c D:/STM32CubeIDE_1.13.2/STM32CubeIDE/plugins/com.st.stm32cube.ide.mcu.externaltools.gnu-tools-for-stm32.12.3.rel1.win32_1.1.0.202410251130/tools/bin/../lib/gcc/arm-none-eabi/12.3.1/../../../../arm-none-eabi/lib/thumb/v7-m/nofp\libc_nano.a(libc_a-reallocr.o)
 .debug_frame   0x000048c4       0x20 D:/STM32CubeIDE_1.13.2/STM32CubeIDE/plugins/com.st.stm32cube.ide.mcu.externaltools.gnu-tools-for-stm32.12.3.rel1.win32_1.1.0.202410251130/tools/bin/../lib/gcc/arm-none-eabi/12.3.1/../../../../arm-none-eabi/lib/thumb/v7-m/nofp\libc_nano.a(libc_a-msizer.o)

.debug_line_str
                0x00000000       0x62
 .debug_line_str
                0x00000000       0x62 ./Core/Startup/startup_stm32f103rbtx.o
