Archive member included to satisfy reference by file (symbol)

D:/STM32CubeIDE_1.13.2/STM32CubeIDE/plugins/com.st.stm32cube.ide.mcu.externaltools.gnu-tools-for-stm32.12.3.rel1.win32_1.0.200.202406191623/tools/bin/../lib/gcc/arm-none-eabi/12.3.1/../../../../arm-none-eabi/lib/thumb/v7-m/nofp\libc_nano.a(libc_a-exit.o)
                              D:/STM32CubeIDE_1.13.2/STM32CubeIDE/plugins/com.st.stm32cube.ide.mcu.externaltools.gnu-tools-for-stm32.12.3.rel1.win32_1.0.200.202406191623/tools/bin/../lib/gcc/arm-none-eabi/12.3.1/../../../../arm-none-eabi/lib/thumb/v7-m/nofp/crt0.o (exit)
D:/STM32CubeIDE_1.13.2/STM32CubeIDE/plugins/com.st.stm32cube.ide.mcu.externaltools.gnu-tools-for-stm32.12.3.rel1.win32_1.0.200.202406191623/tools/bin/../lib/gcc/arm-none-eabi/12.3.1/../../../../arm-none-eabi/lib/thumb/v7-m/nofp\libc_nano.a(libc_a-findfp.o)
                              D:/STM32CubeIDE_1.13.2/STM32CubeIDE/plugins/com.st.stm32cube.ide.mcu.externaltools.gnu-tools-for-stm32.12.3.rel1.win32_1.0.200.202406191623/tools/bin/../lib/gcc/arm-none-eabi/12.3.1/../../../../arm-none-eabi/lib/thumb/v7-m/nofp\libc_nano.a(libc_a-exit.o) (__stdio_exit_handler)
D:/STM32CubeIDE_1.13.2/STM32CubeIDE/plugins/com.st.stm32cube.ide.mcu.externaltools.gnu-tools-for-stm32.12.3.rel1.win32_1.0.200.202406191623/tools/bin/../lib/gcc/arm-none-eabi/12.3.1/../../../../arm-none-eabi/lib/thumb/v7-m/nofp\libc_nano.a(libc_a-fwalk.o)
                              D:/STM32CubeIDE_1.13.2/STM32CubeIDE/plugins/com.st.stm32cube.ide.mcu.externaltools.gnu-tools-for-stm32.12.3.rel1.win32_1.0.200.202406191623/tools/bin/../lib/gcc/arm-none-eabi/12.3.1/../../../../arm-none-eabi/lib/thumb/v7-m/nofp\libc_nano.a(libc_a-findfp.o) (_fwalk_sglue)
D:/STM32CubeIDE_1.13.2/STM32CubeIDE/plugins/com.st.stm32cube.ide.mcu.externaltools.gnu-tools-for-stm32.12.3.rel1.win32_1.0.200.202406191623/tools/bin/../lib/gcc/arm-none-eabi/12.3.1/../../../../arm-none-eabi/lib/thumb/v7-m/nofp\libc_nano.a(libc_a-stdio.o)
                              D:/STM32CubeIDE_1.13.2/STM32CubeIDE/plugins/com.st.stm32cube.ide.mcu.externaltools.gnu-tools-for-stm32.12.3.rel1.win32_1.0.200.202406191623/tools/bin/../lib/gcc/arm-none-eabi/12.3.1/../../../../arm-none-eabi/lib/thumb/v7-m/nofp\libc_nano.a(libc_a-findfp.o) (__sread)
D:/STM32CubeIDE_1.13.2/STM32CubeIDE/plugins/com.st.stm32cube.ide.mcu.externaltools.gnu-tools-for-stm32.12.3.rel1.win32_1.0.200.202406191623/tools/bin/../lib/gcc/arm-none-eabi/12.3.1/../../../../arm-none-eabi/lib/thumb/v7-m/nofp\libc_nano.a(libc_a-memset.o)
                              D:/STM32CubeIDE_1.13.2/STM32CubeIDE/plugins/com.st.stm32cube.ide.mcu.externaltools.gnu-tools-for-stm32.12.3.rel1.win32_1.0.200.202406191623/tools/bin/../lib/gcc/arm-none-eabi/12.3.1/../../../../arm-none-eabi/lib/thumb/v7-m/nofp/crt0.o (memset)
D:/STM32CubeIDE_1.13.2/STM32CubeIDE/plugins/com.st.stm32cube.ide.mcu.externaltools.gnu-tools-for-stm32.12.3.rel1.win32_1.0.200.202406191623/tools/bin/../lib/gcc/arm-none-eabi/12.3.1/../../../../arm-none-eabi/lib/thumb/v7-m/nofp\libc_nano.a(libc_a-closer.o)
                              D:/STM32CubeIDE_1.13.2/STM32CubeIDE/plugins/com.st.stm32cube.ide.mcu.externaltools.gnu-tools-for-stm32.12.3.rel1.win32_1.0.200.202406191623/tools/bin/../lib/gcc/arm-none-eabi/12.3.1/../../../../arm-none-eabi/lib/thumb/v7-m/nofp\libc_nano.a(libc_a-stdio.o) (_close_r)
D:/STM32CubeIDE_1.13.2/STM32CubeIDE/plugins/com.st.stm32cube.ide.mcu.externaltools.gnu-tools-for-stm32.12.3.rel1.win32_1.0.200.202406191623/tools/bin/../lib/gcc/arm-none-eabi/12.3.1/../../../../arm-none-eabi/lib/thumb/v7-m/nofp\libc_nano.a(libc_a-reent.o)
                              D:/STM32CubeIDE_1.13.2/STM32CubeIDE/plugins/com.st.stm32cube.ide.mcu.externaltools.gnu-tools-for-stm32.12.3.rel1.win32_1.0.200.202406191623/tools/bin/../lib/gcc/arm-none-eabi/12.3.1/../../../../arm-none-eabi/lib/thumb/v7-m/nofp\libc_nano.a(libc_a-closer.o) (errno)
D:/STM32CubeIDE_1.13.2/STM32CubeIDE/plugins/com.st.stm32cube.ide.mcu.externaltools.gnu-tools-for-stm32.12.3.rel1.win32_1.0.200.202406191623/tools/bin/../lib/gcc/arm-none-eabi/12.3.1/../../../../arm-none-eabi/lib/thumb/v7-m/nofp\libc_nano.a(libc_a-impure.o)
                              D:/STM32CubeIDE_1.13.2/STM32CubeIDE/plugins/com.st.stm32cube.ide.mcu.externaltools.gnu-tools-for-stm32.12.3.rel1.win32_1.0.200.202406191623/tools/bin/../lib/gcc/arm-none-eabi/12.3.1/../../../../arm-none-eabi/lib/thumb/v7-m/nofp\libc_nano.a(libc_a-reent.o) (_impure_ptr)
D:/STM32CubeIDE_1.13.2/STM32CubeIDE/plugins/com.st.stm32cube.ide.mcu.externaltools.gnu-tools-for-stm32.12.3.rel1.win32_1.0.200.202406191623/tools/bin/../lib/gcc/arm-none-eabi/12.3.1/../../../../arm-none-eabi/lib/thumb/v7-m/nofp\libc_nano.a(libc_a-lseekr.o)
[...]
Memory Configuration

Name             Origin             Length             Attributes
RAM              0x20000000         0x00005000         xrw
FLASH            0x08000000         0x00020000         xr
*default*        0x00000000         0xffffffff

Linker script and memory map

LOAD D:/STM32CubeIDE_1.13.2/STM32CubeIDE/plugins/com.st.stm32cube.ide.mcu.externaltools.gnu-tools-for-stm32.12.3.rel1.win32_1.0.200.202406191623/tools/bin/../lib/gcc/arm-none-eabi/12.3.1/thumb/v7-m/nofp/crti.o
LOAD D:/STM32CubeIDE_1.13.2/STM32CubeIDE/plugins/com.st.stm32cube.ide.mcu.externaltools.gnu-tools-for-stm32.12.3.rel1.win32_1.0.200.202406191623/tools/bin/../lib/gcc/arm-none-eabi/12.3.1/thumb/v7-m/nofp/crtbegin.o
LOAD D:/STM32CubeIDE_1.13.2/STM32CubeIDE/plugins/com.st.stm32cube.ide.mcu.externaltools.gnu-tools-for-stm32.12.3.rel1.win32_1.0.200.202406191623/tools/bin/../lib/gcc/arm-none-eabi/12.3.1/../../../../arm-none-eabi/lib/thumb/v7-m/nofp/crt0.o
LOAD ./Core/Src/button.o
LOAD ./Core/Src/counter.o
LOAD ./Core/Src/fsm.o
LOAD ./Core/Src/i2c-lcd.o
LOAD ./Core/Src/main.o
LOAD ./Core/Src/ryg-leds.o
LOAD ./Core/Src/scheduler.o
LOAD ./Core/Src/stm32f1xx_hal_msp.o
LOAD ./Core/Src/stm32f1xx_it.o
LOAD ./Core/Src/syscalls.o
LOAD ./Core/Src/sysmem.o
LOAD ./Core/Src/system_stm32f1xx.o
LOAD ./Core/Src/test_module.o
LOAD ./Core/Src/traffic.o
LOAD ./Core/Startup/startup_stm32f103rbtx.o
LOAD ./Drivers/STM32F1xx_HAL_Driver/Src/stm32f1xx_hal.o
LOAD ./Drivers/STM32F1xx_HAL_Driver/Src/stm32f1xx_hal_cortex.o
LOAD ./Drivers/STM32F1xx_HAL_Driver/Src/stm32f1xx_hal_dma.o
LOAD ./Drivers/STM32F1xx_HAL_Driver/Src/stm32f1xx_hal_exti.o
LOAD ./Drivers/STM32F1xx_HAL_Driver/Src/stm32f1xx_hal_flash.o
LOAD ./Drivers/STM32F1xx_HAL_Driver/Src/stm32f1xx_hal_flash_ex.o
LOAD ./Drivers/STM32F1xx_HAL_Driver/Src/stm32f1xx_hal_gpio.o
LOAD ./Drivers/STM32F1xx_HAL_Driver/Src/stm32f1xx_hal_gpio_ex.o
LOAD ./Drivers/STM32F1xx_HAL_Driver/Src/stm32f1xx_hal_i2c.o
LOAD ./Drivers/STM32F1xx_HAL_Driver/Src/stm32f1xx_hal_pwr.o
LOAD ./Drivers/STM32F1xx_HAL_Driver/Src/stm32f1xx_hal_rcc.o
LOAD ./Drivers/STM32F1xx_HAL_Driver/Src/stm32f1xx_hal_rcc_ex.o
LOAD ./Drivers/STM32F1xx_HAL_Driver/Src/stm32f1xx_hal_tim.o
LOAD ./Drivers/STM32F1xx_HAL_Driver/Src/stm32f1xx_hal_tim_ex.o
LOAD ./Drivers/STM32F1xx_HAL_Driver/Src/stm32f1xx_hal_uart.o
START GROUP
LOAD D:/STM32CubeIDE_1.13.2/STM32CubeIDE/plugins/com.st.stm32cube.ide.mcu.externaltools.gnu-tools-for-stm32.12.3.rel1.win32_1.0.200.202406191623/tools/bin/../lib/gcc/arm-none-eabi/12.3.1/../../../../arm-none-eabi/lib/thumb/v7-m/nofp\libc_nano.a
LOAD D:/STM32CubeIDE_1.13.2/STM32CubeIDE/plugins/com.st.stm32cube.ide.mcu.externaltools.gnu-tools-for-stm32.12.3.rel1.win32_1.0.200.202406191623/tools/bin/../lib/gcc/arm-none-eabi/12.3.1/../../../../arm-none-eabi/lib/thumb/v7-m/nofp\libm.a
END GROUP
START GROUP
LOAD D:/STM32CubeIDE_1.13.2/STM32CubeIDE/plugins/com.st.stm32cube.ide.mcu.externaltools.gnu-tools-for-stm32.12.3.rel1.win32_1.0.200.202406191623/tools/bin/../lib/gcc/arm-none-eabi/12.3.1/thumb/v7-m/nofp\libgcc.a
LOAD D:/STM32CubeIDE_1.13.2/STM32CubeIDE/plugins/com.st.stm32cube.ide.mcu.externaltools.gnu-tools-for-stm32.12.3.rel1.win32_1.0.200.202406191623/tools/bin/../lib/gcc/arm-none-eabi/12.3.1/../../../../arm-none-eabi/lib/thumb/v7-m/nofp\libc_nano.a
END GROUP
START GROUP
LOAD D:/STM32CubeIDE_1.13.2/STM32CubeIDE/plugins/com.st.stm32cube.ide.mcu.externaltools.gnu-tools-for-stm32.12.3.rel1.win32_1.0.200.202406191623/tools/bin/../lib/gcc/arm-none-eabi/12.3.1/thumb/v7-m/nofp\libgcc.a
LOAD D:/STM32CubeIDE_1.13.2/STM32CubeIDE/plugins/com.st.stm32cube.ide.mcu.externaltools.gnu-tools-for-stm32.12.3.rel1.win32_1.0.200.202406191623/tools/bin/../lib/gcc/arm-none-eabi/12.3.1/../../../../arm-none-eabi/lib/thumb/v7-m/nofp\libc_nano.a
LOAD D:/STM32CubeIDE_1.13.2/STM32CubeIDE/plugins/com.st.stm32cube.ide.mcu.externaltools.gnu-tools-for-stm32.12.3.rel1.win32_1.0.200.202406191623/tools/bin/../lib/gcc/arm-none-eabi/12.3.1/../../../../arm-none-eabi/lib/thumb/v7-m/nofp\libnosys.a
END GROUP
START GROUP
LOAD D:/STM32CubeIDE_1.13.2/STM32CubeIDE/plugins/com.st.stm32cube.ide.mcu.externaltools.gnu-tools-for-stm32.12.3.rel1.win32_1.0.200.202406191623/tools/bin/../lib/gcc/arm-none-eabi/12.3.1/thumb/v7-m/nofp\libgcc.a
LOAD D:/STM32CubeIDE_1.13.2/STM32CubeIDE/plugins/com.st.stm32cube.ide.mcu.externaltools.gnu-tools-for-stm32.12.3.rel1.win32_1.0.200.202406191623/tools/bin/../lib/gcc/arm-none-eabi/12.3.1/../../../../arm-none-eabi/lib/thumb/v7-m/nofp\libc_nano.a
LOAD D:/STM32CubeIDE_1.13.2/STM32CubeIDE/plugins/com.st.stm32cube.ide.mcu.externaltools.gnu-tools-for-stm32.12.3.rel1.win32_1.0.200.202406191623/tools/bin/../lib/gcc/arm-none-eabi/12.3.1/../../../../arm-none-eabi/lib/thumb/v7-m/nofp\libnosys.a
END GROUP
LOAD D:/STM32CubeIDE_1.13.2/STM32CubeIDE/plugins/com.st.stm32cube.ide.mcu.externaltools.gnu-tools-for-stm32.12.3.rel1.win32_1.0.200.202406191623/tools/bin/../lib/gcc/arm-none-eabi/12.3.1/thumb/v7-m/nofp/crtend.o
LOAD D:/STM32CubeIDE_1.13.2/STM32CubeIDE/plugins/com.st.stm32cube.ide.mcu.externaltools.gnu-tools-for-stm32.12.3.rel1.win32_1.0.200.202406191623/tools/bin/../lib/gcc/arm-none-eabi/12.3.1/thumb/v7-m/nofp/crtn.o
                0x20005000                        _estack = (ORIGIN (RAM) + LENGTH (RAM))
                0x00000200                        _Min_Heap_Size = 0x200
                0x00000400                        _Min_Stack_Size = 0x400

.isr_vector     0x08000000      0x10c
                0x08000000                        . = ALIGN (0x4)
 *(.isr_vector)
 .isr_vector    0x08000000      0x10c ./Core/Startup/startup_stm32f103rbtx.o
                0x08000000                g_pfnVectors
                0x0800010c                        . = ALIGN (0x4)

.text           0x0800010c     0x3e38
                0x0800010c                        . = ALIGN (0x4)
 *(.text)
 .text          0x0800010c       0x40 D:/STM32CubeIDE_1.13.2/STM32CubeIDE/plugins/com.st.stm32cube.ide.mcu.externaltools.gnu-tools-for-stm32.12.3.rel1.win32_1.0.200.202406191623/tools/bin/../lib/gcc/arm-none-eabi/12.3.1/thumb/v7-m/nofp/crtbegin.o
 *(.text*)
 .text.buttonReading
                0x0800014c      0x114 ./Core/Src/button.o
                0x0800014c                buttonReading
 .text.buttonPressed
                0x08000260       0x3c ./Core/Src/button.o
                0x08000260                buttonPressed
 .text.counterRun
                0x0800029c       0x44 ./Core/Src/counter.o
                0x0800029c                counterRun
 .text.counterReset
                0x080002e0       0x1c ./Core/Src/counter.o
                0x080002e0                counterReset
 .text.fsmAutoStop
                0x080002fc       0x18 ./Core/Src/fsm.o
                0x080002fc                fsmAutoStop
 .text.fsmAutoProcessing
                0x08000314        0xc ./Core/Src/fsm.o
                0x08000314                fsmAutoProcessing
 .text.fsmAuto  0x08000320      0x154 ./Core/Src/fsm.o
                0x08000320                fsmAuto
 .text.fsmManualStop
                0x08000474       0x24 ./Core/Src/fsm.o
                0x08000474                fsmManualStop
 .text.fsmManualProcessing
                0x08000498       0xb4 ./Core/Src/fsm.o
                0x08000498                fsmManualProcessing
 .text.fsmManual
                0x0800054c       0x40 ./Core/Src/fsm.o
                0x0800054c                fsmManual
 .text.fsmTunningStop
                0x0800058c        0xc ./Core/Src/fsm.o
                0x0800058c                fsmTunningStop
 .text.fsmTunningProcessing
                0x08000598      0x32c ./Core/Src/fsm.o
                0x08000598                fsmTunningProcessing
 .text.fsmTunning
                0x080008c4       0xa0 ./Core/Src/fsm.o
                0x080008c4                fsmTunning
 .text.fsmInit  0x08000964       0x2c ./Core/Src/fsm.o
                0x08000964                fsmInit
 .text.fsmProcessing
                0x08000990      0x184 ./Core/Src/fsm.o
                0x08000990                fsmProcessing
 .text.lcd_send_cmd
                0x08000b14       0x60 ./Core/Src/i2c-lcd.o
                0x08000b14                lcd_send_cmd
 .text.lcd_send_data
                0x08000b74       0x60 ./Core/Src/i2c-lcd.o
                0x08000b74                lcd_send_data
 .text.lcd_init
                0x08000bd4       0x5c ./Core/Src/i2c-lcd.o
                0x08000bd4                lcd_init
 .text.lcd_clear_display
                0x08000c30        0xe ./Core/Src/i2c-lcd.o
                0x08000c30                lcd_clear_display
 .text.lcd_goto_XY
                0x08000c3e       0x44 ./Core/Src/i2c-lcd.o
                0x08000c3e                lcd_goto_XY
 *fill*         0x08000c82        0x2 
 .text.lcd_counter
                0x08000c84       0x38 ./Core/Src/i2c-lcd.o
                0x08000c84                lcd_counter
 .text.lcd_red_duration
                0x08000cbc       0x24 ./Core/Src/i2c-lcd.o
                0x08000cbc                lcd_red_duration
 .text.lcd_green_duration
                0x08000ce0       0x24 ./Core/Src/i2c-lcd.o
                0x08000ce0                lcd_green_duration
 .text.lcd_yellow_duration
                0x08000d04       0x24 ./Core/Src/i2c-lcd.o
                0x08000d04                lcd_yellow_duration
 .text.main     0x08000d28       0x70 ./Core/Src/main.o
                0x08000d28                main
 .text.SystemClock_Config
                0x08000d98       0x82 ./Core/Src/main.o
                0x08000d98                SystemClock_Config
 *fill*         0x08000e1a        0x2 
 .text.MX_I2C1_Init
                0x08000e1c       0x5c ./Core/Src/main.o
 .text.MX_TIM2_Init
                0x08000e78       0x98 ./Core/Src/main.o
 .text.MX_USART2_UART_Init
                0x08000f10       0x54 ./Core/Src/main.o
 .text.MX_GPIO_Init
                0x08000f64      0x120 ./Core/Src/main.o
 .text.HAL_TIM_PeriodElapsedCallback
                0x08001084       0x1e ./Core/Src/main.o
                0x08001084                HAL_TIM_PeriodElapsedCallback
 .text.Error_Handler
                0x080010a2        0xc ./Core/Src/main.o
                0x080010a2                Error_Handler
 *fill*         0x080010ae        0x2 
 .text.turnOffLed
                0x080010b0       0x54 ./Core/Src/ryg-leds.o
                0x080010b0                turnOffLed
 .text.turnOnRed
                0x08001104       0x54 ./Core/Src/ryg-leds.o
                0x08001104                turnOnRed
 .text.turnOnGreen
                0x08001158       0x54 ./Core/Src/ryg-leds.o
                0x08001158                turnOnGreen
 .text.turnOnYellow
                0x080011ac       0x54 ./Core/Src/ryg-leds.o
                0x080011ac                turnOnYellow
 .text.SCH_Init
                0x08001200       0x94 ./Core/Src/scheduler.o
                0x08001200                SCH_Init
 .text.SCH_Update
                0x08001294       0x4c ./Core/Src/scheduler.o
                0x08001294                SCH_Update
 .text.SCH_Dispatch
                0x080012e0       0x34 ./Core/Src/scheduler.o
                0x080012e0                SCH_Dispatch
 .text.SCH_AddTask
                0x08001314      0x20c ./Core/Src/scheduler.o
                0x08001314                SCH_AddTask
 .text.SCH_DeleteTask
                0x08001520      0x13c ./Core/Src/scheduler.o
                0x08001520                SCH_DeleteTask
 .text.SCH_RefreshTask
                0x0800165c      0x264 ./Core/Src/scheduler.o
                0x0800165c                SCH_RefreshTask
 .text.HAL_MspInit
                0x080018c0       0x64 ./Core/Src/stm32f1xx_hal_msp.o
                0x080018c0                HAL_MspInit
 .text.HAL_I2C_MspInit
                0x08001924       0x7c ./Core/Src/stm32f1xx_hal_msp.o
                0x08001924                HAL_I2C_MspInit
 .text.HAL_TIM_Base_MspInit
                0x080019a0       0x48 ./Core/Src/stm32f1xx_hal_msp.o
                0x080019a0                HAL_TIM_Base_MspInit
 .text.HAL_UART_MspInit
                0x080019e8       0x7c ./Core/Src/stm32f1xx_hal_msp.o
                0x080019e8                HAL_UART_MspInit
 .text.NMI_Handler
                0x08001a64        0x8 ./Core/Src/stm32f1xx_it.o
                0x08001a64                NMI_Handler
 .text.HardFault_Handler
                0x08001a6c        0x8 ./Core/Src/stm32f1xx_it.o
                0x08001a6c                HardFault_Handler
 .text.MemManage_Handler
                0x08001a74        0x8 ./Core/Src/stm32f1xx_it.o
                0x08001a74                MemManage_Handler
 .text.BusFault_Handler
                0x08001a7c        0x8 ./Core/Src/stm32f1xx_it.o
                0x08001a7c                BusFault_Handler
 .text.UsageFault_Handler
                0x08001a84        0x8 ./Core/Src/stm32f1xx_it.o
                0x08001a84                UsageFault_Handler
 .text.SVC_Handler
                0x08001a8c        0xc ./Core/Src/stm32f1xx_it.o
                0x08001a8c                SVC_Handler
 .text.DebugMon_Handler
                0x08001a98        0xc ./Core/Src/stm32f1xx_it.o
                0x08001a98                DebugMon_Handler
 .text.PendSV_Handler
                0x08001aa4        0xc ./Core/Src/stm32f1xx_it.o
                0x08001aa4                PendSV_Handler
 .text.SysTick_Handler
                0x08001ab0        0xc ./Core/Src/stm32f1xx_it.o
                0x08001ab0                SysTick_Handler
 .text.TIM2_IRQHandler
                0x08001abc       0x14 ./Core/Src/stm32f1xx_it.o
                0x08001abc                TIM2_IRQHandler
 .text.EXTI15_10_IRQHandler
                0x08001ad0       0x10 ./Core/Src/stm32f1xx_it.o
                0x08001ad0                EXTI15_10_IRQHandler
 .text.SystemInit
                0x08001ae0        0xc ./Core/Src/system_stm32f1xx.o
                0x08001ae0                SystemInit
 .text.testMCU  0x08001aec       0x14 ./Core/Src/test_module.o
                0x08001aec                testMCU
 .text.testLED  0x08001b00       0x2c ./Core/Src/test_module.o
                0x08001b00                testLED
 .text.trafficToggle
                0x08001b2c       0xe0 ./Core/Src/traffic.o
                0x08001b2c                trafficToggle
 .text.traffic0Off
                0x08001c0c       0x10 ./Core/Src/traffic.o
                0x08001c0c                traffic0Off
 .text.traffic0Red
                0x08001c1c       0x10 ./Core/Src/traffic.o
                0x08001c1c                traffic0Red
 .text.traffic0Green
                0x08001c2c       0x10 ./Core/Src/traffic.o
                0x08001c2c                traffic0Green
 .text.traffic0Yellow
                0x08001c3c       0x10 ./Core/Src/traffic.o
                0x08001c3c                traffic0Yellow
 .text.traffic1Off
                0x08001c4c       0x10 ./Core/Src/traffic.o
                0x08001c4c                traffic1Off
 .text.traffic1Red
                0x08001c5c       0x10 ./Core/Src/traffic.o
                0x08001c5c                traffic1Red
 .text.traffic1Green
                0x08001c6c       0x10 ./Core/Src/traffic.o
                0x08001c6c                traffic1Green
 .text.traffic1Yellow
                0x08001c7c       0x10 ./Core/Src/traffic.o
                0x08001c7c                traffic1Yellow
 .text.Reset_Handler
                0x08001c8c       0x48 ./Core/Startup/startup_stm32f103rbtx.o
                0x08001c8c                Reset_Handler
 .text.Default_Handler
                0x08001cd4        0x2 ./Core/Startup/startup_stm32f103rbtx.o
                0x08001cd4                RTC_Alarm_IRQHandler
                0x08001cd4                EXTI2_IRQHandler
                0x08001cd4                TIM1_CC_IRQHandler
                0x08001cd4                PVD_IRQHandler
                0x08001cd4                EXTI3_IRQHandler
                0x08001cd4                EXTI0_IRQHandler
                0x08001cd4                I2C2_EV_IRQHandler
                0x08001cd4                ADC1_2_IRQHandler
                0x08001cd4                SPI1_IRQHandler
                0x08001cd4                TAMPER_IRQHandler
                0x08001cd4                DMA1_Channel4_IRQHandler
                0x08001cd4                USART3_IRQHandler
                0x08001cd4                RTC_IRQHandler
                0x08001cd4                DMA1_Channel7_IRQHandler
                0x08001cd4                CAN1_RX1_IRQHandler
                0x08001cd4                TIM4_IRQHandler
                0x08001cd4                I2C1_EV_IRQHandler
                0x08001cd4                DMA1_Channel6_IRQHandler
                0x08001cd4                TIM3_IRQHandler
                0x08001cd4                RCC_IRQHandler
                0x08001cd4                TIM1_TRG_COM_IRQHandler
                0x08001cd4                DMA1_Channel1_IRQHandler
                0x08001cd4                Default_Handler
                0x08001cd4                EXTI9_5_IRQHandler
                0x08001cd4                SPI2_IRQHandler
                0x08001cd4                DMA1_Channel5_IRQHandler
                0x08001cd4                EXTI4_IRQHandler
                0x08001cd4                USB_LP_CAN1_RX0_IRQHandler
                0x08001cd4                USB_HP_CAN1_TX_IRQHandler
                0x08001cd4                DMA1_Channel3_IRQHandler
                0x08001cd4                TIM1_UP_IRQHandler
                0x08001cd4                WWDG_IRQHandler
                0x08001cd4                TIM1_BRK_IRQHandler
                0x08001cd4                EXTI1_IRQHandler
                0x08001cd4                USART2_IRQHandler
                0x08001cd4                I2C2_ER_IRQHandler
                0x08001cd4                DMA1_Channel2_IRQHandler
                0x08001cd4                CAN1_SCE_IRQHandler
                0x08001cd4                FLASH_IRQHandler
                0x08001cd4                USART1_IRQHandler
                0x08001cd4                I2C1_ER_IRQHandler
                0x08001cd4                USBWakeUp_IRQHandler
 *fill*         0x08001cd6        0x2 
 .text.HAL_Init
                0x08001cd8       0x2c ./Drivers/STM32F1xx_HAL_Driver/Src/stm32f1xx_hal.o
                0x08001cd8                HAL_Init
 .text.HAL_InitTick
                0x08001d04       0x60 ./Drivers/STM32F1xx_HAL_Driver/Src/stm32f1xx_hal.o
                0x08001d04                HAL_InitTick
 .text.HAL_IncTick
                0x08001d64       0x24 ./Drivers/STM32F1xx_HAL_Driver/Src/stm32f1xx_hal.o
                0x08001d64                HAL_IncTick
 .text.HAL_GetTick
                0x08001d88       0x14 ./Drivers/STM32F1xx_HAL_Driver/Src/stm32f1xx_hal.o
                0x08001d88                HAL_GetTick
 .text.HAL_Delay
                0x08001d9c       0x48 ./Drivers/STM32F1xx_HAL_Driver/Src/stm32f1xx_hal.o
                0x08001d9c                HAL_Delay
 .text.__NVIC_SetPriorityGrouping
                0x08001de4       0x48 ./Drivers/STM32F1xx_HAL_Driver/Src/stm32f1xx_hal_cortex.o
 .text.__NVIC_GetPriorityGrouping
                0x08001e2c       0x1c ./Drivers/STM32F1xx_HAL_Driver/Src/stm32f1xx_hal_cortex.o
 .text.__NVIC_EnableIRQ
                0x08001e48       0x38 ./Drivers/STM32F1xx_HAL_Driver/Src/stm32f1xx_hal_cortex.o
 .text.__NVIC_SetPriority
                0x08001e80       0x54 ./Drivers/STM32F1xx_HAL_Driver/Src/stm32f1xx_hal_cortex.o
 .text.NVIC_EncodePriority
                0x08001ed4       0x64 ./Drivers/STM32F1xx_HAL_Driver/Src/stm32f1xx_hal_cortex.o
 .text.SysTick_Config
                0x08001f38       0x44 ./Drivers/STM32F1xx_HAL_Driver/Src/stm32f1xx_hal_cortex.o
 .text.HAL_NVIC_SetPriorityGrouping
                0x08001f7c       0x16 ./Drivers/STM32F1xx_HAL_Driver/Src/stm32f1xx_hal_cortex.o
                0x08001f7c                HAL_NVIC_SetPriorityGrouping
 .text.HAL_NVIC_SetPriority
                0x08001f92       0x38 ./Drivers/STM32F1xx_HAL_Driver/Src/stm32f1xx_hal_cortex.o
                0x08001f92                HAL_NVIC_SetPriority
 .text.HAL_NVIC_EnableIRQ
                0x08001fca       0x1c ./Drivers/STM32F1xx_HAL_Driver/Src/stm32f1xx_hal_cortex.o
                0x08001fca                HAL_NVIC_EnableIRQ
 .text.HAL_SYSTICK_Config
                0x08001fe6       0x18 ./Drivers/STM32F1xx_HAL_Driver/Src/stm32f1xx_hal_cortex.o
                0x08001fe6                HAL_SYSTICK_Config
 *fill*         0x08001ffe        0x2 
 .text.HAL_GPIO_Init
                0x08002000      0x308 ./Drivers/STM32F1xx_HAL_Driver/Src/stm32f1xx_hal_gpio.o
                0x08002000                HAL_GPIO_Init
 .text.HAL_GPIO_ReadPin
                0x08002308       0x2e ./Drivers/STM32F1xx_HAL_Driver/Src/stm32f1xx_hal_gpio.o
                0x08002308                HAL_GPIO_ReadPin
 .text.HAL_GPIO_WritePin
                0x08002336       0x30 ./Drivers/STM32F1xx_HAL_Driver/Src/stm32f1xx_hal_gpio.o
                0x08002336                HAL_GPIO_WritePin
 .text.HAL_GPIO_TogglePin
                0x08002366       0x32 ./Drivers/STM32F1xx_HAL_Driver/Src/stm32f1xx_hal_gpio.o
                0x08002366                HAL_GPIO_TogglePin
 .text.HAL_GPIO_EXTI_IRQHandler
                0x08002398       0x30 ./Drivers/STM32F1xx_HAL_Driver/Src/stm32f1xx_hal_gpio.o
                0x08002398                HAL_GPIO_EXTI_IRQHandler
 .text.HAL_GPIO_EXTI_Callback
                0x080023c8       0x14 ./Drivers/STM32F1xx_HAL_Driver/Src/stm32f1xx_hal_gpio.o
                0x080023c8                HAL_GPIO_EXTI_Callback
 .text.HAL_I2C_Init
                0x080023dc      0x288 ./Drivers/STM32F1xx_HAL_Driver/Src/stm32f1xx_hal_i2c.o
                0x080023dc                HAL_I2C_Init
 .text.HAL_I2C_Master_Transmit
                0x08002664      0x1fc ./Drivers/STM32F1xx_HAL_Driver/Src/stm32f1xx_hal_i2c.o
                0x08002664                HAL_I2C_Master_Transmit
 .text.I2C_MasterRequestWrite
                0x08002860      0x104 ./Drivers/STM32F1xx_HAL_Driver/Src/stm32f1xx_hal_i2c.o
 .text.I2C_WaitOnFlagUntilTimeout
                0x08002964       0xf4 ./Drivers/STM32F1xx_HAL_Driver/Src/stm32f1xx_hal_i2c.o
 .text.I2C_WaitOnMasterAddressFlagUntilTimeout
                0x08002a58      0x140 ./Drivers/STM32F1xx_HAL_Driver/Src/stm32f1xx_hal_i2c.o
 .text.I2C_WaitOnTXEFlagUntilTimeout
                0x08002b98       0x90 ./Drivers/STM32F1xx_HAL_Driver/Src/stm32f1xx_hal_i2c.o
 .text.I2C_WaitOnBTFFlagUntilTimeout
                0x08002c28       0x90 ./Drivers/STM32F1xx_HAL_Driver/Src/stm32f1xx_hal_i2c.o
 .text.I2C_IsAcknowledgeFailed
                0x08002cb8       0x5c ./Drivers/STM32F1xx_HAL_Driver/Src/stm32f1xx_hal_i2c.o
 .text.HAL_RCC_OscConfig
                0x08002d14      0x504 ./Drivers/STM32F1xx_HAL_Driver/Src/stm32f1xx_hal_rcc.o
                0x08002d14                HAL_RCC_OscConfig
 .text.HAL_RCC_ClockConfig
                0x08003218      0x1d4 ./Drivers/STM32F1xx_HAL_Driver/Src/stm32f1xx_hal_rcc.o
                0x08003218                HAL_RCC_ClockConfig
 .text.HAL_RCC_GetSysClockFreq
                0x080033ec       0xa8 ./Drivers/STM32F1xx_HAL_Driver/Src/stm32f1xx_hal_rcc.o
                0x080033ec                HAL_RCC_GetSysClockFreq
 .text.HAL_RCC_GetHCLKFreq
                0x08003494       0x14 ./Drivers/STM32F1xx_HAL_Driver/Src/stm32f1xx_hal_rcc.o
                0x08003494                HAL_RCC_GetHCLKFreq
 .text.HAL_RCC_GetPCLK1Freq
                0x080034a8       0x28 ./Drivers/STM32F1xx_HAL_Driver/Src/stm32f1xx_hal_rcc.o
                0x080034a8                HAL_RCC_GetPCLK1Freq
 .text.HAL_RCC_GetPCLK2Freq
                0x080034d0       0x28 ./Drivers/STM32F1xx_HAL_Driver/Src/stm32f1xx_hal_rcc.o
                0x080034d0                HAL_RCC_GetPCLK2Freq
 .text.RCC_Delay
                0x080034f8       0x3c ./Drivers/STM32F1xx_HAL_Driver/Src/stm32f1xx_hal_rcc.o
 .text.HAL_TIM_Base_Init
                0x08003534       0x9e ./Drivers/STM32F1xx_HAL_Driver/Src/stm32f1xx_hal_tim.o
                0x08003534                HAL_TIM_Base_Init
 *fill*         0x080035d2        0x2 
 .text.HAL_TIM_Base_Start_IT
                0x080035d4       0xa4 ./Drivers/STM32F1xx_HAL_Driver/Src/stm32f1xx_hal_tim.o
                0x080035d4                HAL_TIM_Base_Start_IT
 .text.HAL_TIM_IRQHandler
                0x08003678      0x1e0 ./Drivers/STM32F1xx_HAL_Driver/Src/stm32f1xx_hal_tim.o
                0x08003678                HAL_TIM_IRQHandler
 .text.HAL_TIM_ConfigClockSource
                0x08003858      0x18e ./Drivers/STM32F1xx_HAL_Driver/Src/stm32f1xx_hal_tim.o
                0x08003858                HAL_TIM_ConfigClockSource
 .text.HAL_TIM_OC_DelayElapsedCallback
                0x080039e6       0x12 ./Drivers/STM32F1xx_HAL_Driver/Src/stm32f1xx_hal_tim.o
                0x080039e6                HAL_TIM_OC_DelayElapsedCallback
 .text.HAL_TIM_IC_CaptureCallback
                0x080039f8       0x12 ./Drivers/STM32F1xx_HAL_Driver/Src/stm32f1xx_hal_tim.o
                0x080039f8                HAL_TIM_IC_CaptureCallback
 .text.HAL_TIM_PWM_PulseFinishedCallback
                0x08003a0a       0x12 ./Drivers/STM32F1xx_HAL_Driver/Src/stm32f1xx_hal_tim.o
                0x08003a0a                HAL_TIM_PWM_PulseFinishedCallback
 .text.HAL_TIM_TriggerCallback
                0x08003a1c       0x12 ./Drivers/STM32F1xx_HAL_Driver/Src/stm32f1xx_hal_tim.o
                0x08003a1c                HAL_TIM_TriggerCallback
 *fill*         0x08003a2e        0x2 
 .text.TIM_Base_SetConfig
                0x08003a30       0xdc ./Drivers/STM32F1xx_HAL_Driver/Src/stm32f1xx_hal_tim.o
                0x08003a30                TIM_Base_SetConfig
 .text.TIM_TI1_ConfigInputStage
                0x08003b0c       0x5c ./Drivers/STM32F1xx_HAL_Driver/Src/stm32f1xx_hal_tim.o
 .text.TIM_TI2_ConfigInputStage
                0x08003b68       0x5e ./Drivers/STM32F1xx_HAL_Driver/Src/stm32f1xx_hal_tim.o
 .text.TIM_ITRx_SetConfig
                0x08003bc6       0x34 ./Drivers/STM32F1xx_HAL_Driver/Src/stm32f1xx_hal_tim.o
 .text.TIM_ETR_SetConfig
                0x08003bfa       0x3e ./Drivers/STM32F1xx_HAL_Driver/Src/stm32f1xx_hal_tim.o
                0x08003bfa                TIM_ETR_SetConfig
 .text.HAL_TIMEx_MasterConfigSynchronization
                0x08003c38       0xbc ./Drivers/STM32F1xx_HAL_Driver/Src/stm32f1xx_hal_tim_ex.o
                0x08003c38                HAL_TIMEx_MasterConfigSynchronization
 .text.HAL_TIMEx_CommutCallback
                0x08003cf4       0x12 ./Drivers/STM32F1xx_HAL_Driver/Src/stm32f1xx_hal_tim_ex.o
                0x08003cf4                HAL_TIMEx_CommutCallback
 .text.HAL_TIMEx_BreakCallback
                0x08003d06       0x12 ./Drivers/STM32F1xx_HAL_Driver/Src/stm32f1xx_hal_tim_ex.o
                0x08003d06                HAL_TIMEx_BreakCallback
 .text.HAL_UART_Init
                0x08003d18       0xa0 ./Drivers/STM32F1xx_HAL_Driver/Src/stm32f1xx_hal_uart.o
                0x08003d18                HAL_UART_Init
 .text.UART_SetConfig
                0x08003db8      0x11c ./Drivers/STM32F1xx_HAL_Driver/Src/stm32f1xx_hal_uart.o
 .text.memset   0x08003ed4       0x10 D:/STM32CubeIDE_1.13.2/STM32CubeIDE/plugins/com.st.stm32cube.ide.mcu.externaltools.gnu-tools-for-stm32.12.3.rel1.win32_1.0.200.202406191623/tools/bin/../lib/gcc/arm-none-eabi/12.3.1/../../../../arm-none-eabi/lib/thumb/v7-m/nofp\libc_nano.a(libc_a-memset.o)
                0x08003ed4                memset
 .text.__libc_init_array
                0x08003ee4       0x48 D:/STM32CubeIDE_1.13.2/STM32CubeIDE/plugins/com.st.stm32cube.ide.mcu.externaltools.gnu-tools-for-stm32.12.3.rel1.win32_1.0.200.202406191623/tools/bin/../lib/gcc/arm-none-eabi/12.3.1/../../../../arm-none-eabi/lib/thumb/v7-m/nofp\libc_nano.a(libc_a-init.o)
                0x08003ee4                __libc_init_array
 *(.glue_7)
 .glue_7        0x08003f2c        0x0 linker stubs
 *(.glue_7t)
 .glue_7t       0x08003f2c        0x0 linker stubs
 *(.eh_frame)
 .eh_frame      0x08003f2c        0x0 D:/STM32CubeIDE_1.13.2/STM32CubeIDE/plugins/com.st.stm32cube.ide.mcu.externaltools.gnu-tools-for-stm32.12.3.rel1.win32_1.0.200.202406191623/tools/bin/../lib/gcc/arm-none-eabi/12.3.1/thumb/v7-m/nofp/crtbegin.o
 *(.init)
 .init          0x08003f2c        0x4 D:/STM32CubeIDE_1.13.2/STM32CubeIDE/plugins/com.st.stm32cube.ide.mcu.externaltools.gnu-tools-for-stm32.12.3.rel1.win32_1.0.200.202406191623/tools/bin/../lib/gcc/arm-none-eabi/12.3.1/thumb/v7-m/nofp/crti.o
                0x08003f2c                _init
 .init          0x08003f30        0x8 D:/STM32CubeIDE_1.13.2/STM32CubeIDE/plugins/com.st.stm32cube.ide.mcu.externaltools.gnu-tools-for-stm32.12.3.rel1.win32_1.0.200.202406191623/tools/bin/../lib/gcc/arm-none-eabi/12.3.1/thumb/v7-m/nofp/crtn.o
 *(.fini)
 .fini          0x08003f38        0x4 D:/STM32CubeIDE_1.13.2/STM32CubeIDE/plugins/com.st.stm32cube.ide.mcu.externaltools.gnu-tools-for-stm32.12.3.rel1.win32_1.0.200.202406191623/tools/bin/../lib/gcc/arm-none-eabi/12.3.1/thumb/v7-m/nofp/crti.o
                0x08003f38                _fini
 .fini          0x08003f3c        0x8 D:/STM32CubeIDE_1.13.2/STM32CubeIDE/plugins/com.st.stm32cube.ide.mcu.externaltools.gnu-tools-for-stm32.12.3.rel1.win32_1.0.200.202406191623/tools/bin/../lib/gcc/arm-none-eabi/12.3.1/thumb/v7-m/nofp/crtn.o
                0x08003f44                        . = ALIGN (0x4)
                0x08003f44                        _etext = .

.vfp11_veneer   0x08003f44        0x0
 .vfp11_veneer  0x08003f44        0x0 linker stubs

.v4_bx          0x08003f44        0x0
 .v4_bx         0x08003f44        0x0 linker stubs

.iplt           0x08003f44        0x0
 .iplt          0x08003f44        0x0 D:/STM32CubeIDE_1.13.2/STM32CubeIDE/plugins/com.st.stm32cube.ide.mcu.externaltools.gnu-tools-for-stm32.12.3.rel1.win32_1.0.200.202406191623/tools/bin/../lib/gcc/arm-none-eabi/12.3.1/thumb/v7-m/nofp/crtbegin.o

.rodata         0x08003f44       0x2c
                0x08003f44                        . = ALIGN (0x4)
 *(.rodata)
 *(.rodata*)
 .rodata.AHBPrescTable
                0x08003f44       0x10 ./Core/Src/system_stm32f1xx.o
                0x08003f44                AHBPrescTable
 .rodata.APBPrescTable
                0x08003f54        0x8 ./Core/Src/system_stm32f1xx.o
                0x08003f54                APBPrescTable
 .rodata.aPLLMULFactorTable.1
                0x08003f5c       0x10 ./Drivers/STM32F1xx_HAL_Driver/Src/stm32f1xx_hal_rcc.o
 .rodata.aPredivFactorTable.0
                0x08003f6c        0x2 ./Drivers/STM32F1xx_HAL_Driver/Src/stm32f1xx_hal_rcc.o
                0x08003f70                        . = ALIGN (0x4)
 *fill*         0x08003f6e        0x2 

.ARM.extab      0x08003f70        0x0
                0x08003f70                        . = ALIGN (0x4)
 *(.ARM.extab* .gnu.linkonce.armextab.*)
                0x08003f70                        . = ALIGN (0x4)

.ARM            0x08003f70        0x0
                0x08003f70                        . = ALIGN (0x4)
                0x08003f70                        __exidx_start = .
 *(.ARM.exidx*)
                0x08003f70                        __exidx_end = .
                0x08003f70                        . = ALIGN (0x4)

.preinit_array  0x08003f70        0x0
                0x08003f70                        . = ALIGN (0x4)
                0x08003f70                        PROVIDE (__preinit_array_start = .)
 *(.preinit_array*)
                0x08003f70                        PROVIDE (__preinit_array_end = .)
                0x08003f70                        . = ALIGN (0x4)

.init_array     0x08003f70        0x4
                0x08003f70                        . = ALIGN (0x4)
                0x08003f70                        PROVIDE (__init_array_start = .)
 *(SORT_BY_NAME(.init_array.*))
 *(.init_array*)
 .init_array    0x08003f70        0x4 D:/STM32CubeIDE_1.13.2/STM32CubeIDE/plugins/com.st.stm32cube.ide.mcu.externaltools.gnu-tools-for-stm32.12.3.rel1.win32_1.0.200.202406191623/tools/bin/../lib/gcc/arm-none-eabi/12.3.1/thumb/v7-m/nofp/crtbegin.o
                0x08003f74                        PROVIDE (__init_array_end = .)
                0x08003f74                        . = ALIGN (0x4)

.fini_array     0x08003f74        0x4
                0x08003f74                        . = ALIGN (0x4)
                [!provide]                        PROVIDE (__fini_array_start = .)
 *(SORT_BY_NAME(.fini_array.*))
 *(.fini_array*)
 .fini_array    0x08003f74        0x4 D:/STM32CubeIDE_1.13.2/STM32CubeIDE/plugins/com.st.stm32cube.ide.mcu.externaltools.gnu-tools-for-stm32.12.3.rel1.win32_1.0.200.202406191623/tools/bin/../lib/gcc/arm-none-eabi/12.3.1/thumb/v7-m/nofp/crtbegin.o
                [!provide]                        PROVIDE (__fini_array_end = .)
                0x08003f78                        . = ALIGN (0x4)
                0x08003f78                        _sidata = LOADADDR (.data)

.rel.dyn        0x08003f78        0x0
 .rel.iplt      0x08003f78        0x0 D:/STM32CubeIDE_1.13.2/STM32CubeIDE/plugins/com.st.stm32cube.ide.mcu.externaltools.gnu-tools-for-stm32.12.3.rel1.win32_1.0.200.202406191623/tools/bin/../lib/gcc/arm-none-eabi/12.3.1/thumb/v7-m/nofp/crtbegin.o

.data           0x20000000       0x48 load address 0x08003f78
                0x20000000                        . = ALIGN (0x4)
                0x20000000                        _sdata = .
 *(.data)
 *(.data*)
 .data.buttonPorts
                0x20000000       0x10 ./Core/Src/button.o
 .data.buttonPins
                0x20000010        0x8 ./Core/Src/button.o
 .data.controlTraffic0Ports
                0x20000018        0x8 ./Core/Src/ryg-leds.o
 .data.controlTraffic0Pins
                0x20000020        0x4 ./Core/Src/ryg-leds.o
 .data.controlTraffic1Ports
                0x20000024        0x8 ./Core/Src/ryg-leds.o
 .data.controlTraffic1Pins
                0x2000002c        0x4 ./Core/Src/ryg-leds.o
 .data.SystemCoreClock
                0x20000030        0x4 ./Core/Src/system_stm32f1xx.o
                0x20000030                SystemCoreClock
 .data.trafficRedDuration
                0x20000034        0x4 ./Core/Src/traffic.o
                0x20000034                trafficRedDuration
 .data.trafficGreenDuration
                0x20000038        0x4 ./Core/Src/traffic.o
                0x20000038                trafficGreenDuration
 .data.trafficYellowDuration
                0x2000003c        0x4 ./Core/Src/traffic.o
                0x2000003c                trafficYellowDuration
 .data.uwTickPrio
                0x20000040        0x4 ./Drivers/STM32F1xx_HAL_Driver/Src/stm32f1xx_hal.o
                0x20000040                uwTickPrio
 .data.uwTickFreq
                0x20000044        0x1 ./Drivers/STM32F1xx_HAL_Driver/Src/stm32f1xx_hal.o
                0x20000044                uwTickFreq
 *(.RamFunc)
 *(.RamFunc*)
                0x20000048                        . = ALIGN (0x4)
 *fill*         0x20000045        0x3 
                0x20000048                        _edata = .

.igot.plt       0x20000048        0x0 load address 0x08003fc0
 .igot.plt      0x20000048        0x0 D:/STM32CubeIDE_1.13.2/STM32CubeIDE/plugins/com.st.stm32cube.ide.mcu.externaltools.gnu-tools-for-stm32.12.3.rel1.win32_1.0.200.202406191623/tools/bin/../lib/gcc/arm-none-eabi/12.3.1/thumb/v7-m/nofp/crtbegin.o
                0x20000048                        . = ALIGN (0x4)

.bss            0x20000048      0x2dc load address 0x08003fc0
                0x20000048                        _sbss = .
                0x20000048                        __bss_start__ = _sbss
 *(.bss)
 .bss           0x20000048       0x1c D:/STM32CubeIDE_1.13.2/STM32CubeIDE/plugins/com.st.stm32cube.ide.mcu.externaltools.gnu-tools-for-stm32.12.3.rel1.win32_1.0.200.202406191623/tools/bin/../lib/gcc/arm-none-eabi/12.3.1/thumb/v7-m/nofp/crtbegin.o
 *(.bss*)
 .bss.buttonStates
                0x20000064        0x4 ./Core/Src/button.o
 .bss.buttonDebounce0
                0x20000068        0x4 ./Core/Src/button.o
 .bss.buttonDebounce1
                0x2000006c        0x4 ./Core/Src/button.o
 .bss.buttonDebounce2
                0x20000070        0x4 ./Core/Src/button.o
 .bss.buttonFlags
                0x20000074        0x4 ./Core/Src/button.o
 .bss.buttonCounters
                0x20000078        0x8 ./Core/Src/button.o
 .bss.fsmState  0x20000080        0x1 ./Core/Src/fsm.o
                0x20000080                fsmState
 .bss.fsmTunningState
                0x20000081        0x1 ./Core/Src/fsm.o
 *fill*         0x20000082        0x2 
 .bss.fsmIDs    0x20000084        0x1 ./Core/Src/fsm.o
 *fill*         0x20000085        0x3 
 .bss.fsmAutoIDs
                0x20000088        0xb ./Core/Src/fsm.o
 *fill*         0x20000093        0x1 
 .bss.fsmManualIDs
                0x20000094        0x3 ./Core/Src/fsm.o
 *fill*         0x20000097        0x1 
 .bss.fsmTunningIDs
                0x20000098        0x5 ./Core/Src/fsm.o
 *fill*         0x2000009d        0x3 
 .bss.hi2c1     0x200000a0       0x54 ./Core/Src/main.o
                0x200000a0                hi2c1
 .bss.htim2     0x200000f4       0x48 ./Core/Src/main.o
                0x200000f4                htim2
 .bss.huart2    0x2000013c       0x48 ./Core/Src/main.o
                0x2000013c                huart2
 .bss.tasks     0x20000184      0x190 ./Core/Src/scheduler.o
                0x20000184                tasks
 .bss.trafficStates
                0x20000314        0x2 ./Core/Src/traffic.o
                0x20000314                trafficStates
 *fill*         0x20000316        0x2 
 .bss.trafficCounters
                0x20000318        0x8 ./Core/Src/traffic.o
                0x20000318                trafficCounters
 .bss.uwTick    0x20000320        0x4 ./Drivers/STM32F1xx_HAL_Driver/Src/stm32f1xx_hal.o
                0x20000320                uwTick
 *(COMMON)
                0x20000324                        . = ALIGN (0x4)
                0x20000324                        _ebss = .
                0x20000324                        __bss_end__ = _ebss

._user_heap_stack
                0x20000324      0x604 load address 0x08003fc0
                0x20000328                        . = ALIGN (0x8)
 *fill*         0x20000324        0x4 
                [!provide]                        PROVIDE (end = .)
                0x20000328                        PROVIDE (_end = .)
                0x20000528                        . = (. + _Min_Heap_Size)
 *fill*         0x20000328      0x200 
                0x20000928                        . = (. + _Min_Stack_Size)
 *fill*         0x20000528      0x400 
                0x20000928                        . = ALIGN (0x8)

/DISCARD/
 libc.a(*)
 libm.a(*)
 libgcc.a(*)

.ARM.attributes
                0x00000000       0x29
 *(.ARM.attributes)
 .ARM.attributes
                0x00000000       0x1d D:/STM32CubeIDE_1.13.2/STM32CubeIDE/plugins/com.st.stm32cube.ide.mcu.externaltools.gnu-tools-for-stm32.12.3.rel1.win32_1.0.200.202406191623/tools/bin/../lib/gcc/arm-none-eabi/12.3.1/thumb/v7-m/nofp/crti.o
 .ARM.attributes
                0x0000001d       0x2d D:/STM32CubeIDE_1.13.2/STM32CubeIDE/plugins/com.st.stm32cube.ide.mcu.externaltools.gnu-tools-for-stm32.12.3.rel1.win32_1.0.200.202406191623/tools/bin/../lib/gcc/arm-none-eabi/12.3.1/thumb/v7-m/nofp/crtbegin.o
 .ARM.attributes
                0x0000004a       0x2d ./Core/Src/button.o
 .ARM.attributes
                0x00000077       0x2d ./Core/Src/counter.o
 .ARM.attributes
                0x000000a4       0x2d ./Core/Src/fsm.o
 .ARM.attributes
                0x000000d1       0x2d ./Core/Src/i2c-lcd.o
 .ARM.attributes
                0x000000fe       0x2d ./Core/Src/main.o
 .ARM.attributes
                0x0000012b       0x2d ./Core/Src/ryg-leds.o
 .ARM.attributes
                0x00000158       0x2d ./Core/Src/scheduler.o
 .ARM.attributes
                0x00000185       0x2d ./Core/Src/stm32f1xx_hal_msp.o
 .ARM.attributes
                0x000001b2       0x2d ./Core/Src/stm32f1xx_it.o
 .ARM.attributes
                0x000001df       0x2d ./Core/Src/system_stm32f1xx.o
 .ARM.attributes
                0x0000020c       0x2d ./Core/Src/test_module.o
 .ARM.attributes
                0x00000239       0x2d ./Core/Src/traffic.o
 .ARM.attributes
                0x00000266       0x21 ./Core/Startup/startup_stm32f103rbtx.o
 .ARM.attributes
                0x00000287       0x2d ./Drivers/STM32F1xx_HAL_Driver/Src/stm32f1xx_hal.o
 .ARM.attributes
                0x000002b4       0x2d ./Drivers/STM32F1xx_HAL_Driver/Src/stm32f1xx_hal_cortex.o
 .ARM.attributes
                0x000002e1       0x2d ./Drivers/STM32F1xx_HAL_Driver/Src/stm32f1xx_hal_gpio.o
 .ARM.attributes
                0x0000030e       0x2d ./Drivers/STM32F1xx_HAL_Driver/Src/stm32f1xx_hal_i2c.o
 .ARM.attributes
                0x0000033b       0x2d ./Drivers/STM32F1xx_HAL_Driver/Src/stm32f1xx_hal_rcc.o
 .ARM.attributes
                0x00000368       0x2d ./Drivers/STM32F1xx_HAL_Driver/Src/stm32f1xx_hal_tim.o
 .ARM.attributes
                0x00000395       0x2d ./Drivers/STM32F1xx_HAL_Driver/Src/stm32f1xx_hal_tim_ex.o
 .ARM.attributes
                0x000003c2       0x2d ./Drivers/STM32F1xx_HAL_Driver/Src/stm32f1xx_hal_uart.o
 .ARM.attributes
                0x000003ef       0x2d D:/STM32CubeIDE_1.13.2/STM32CubeIDE/plugins/com.st.stm32cube.ide.mcu.externaltools.gnu-tools-for-stm32.12.3.rel1.win32_1.0.200.202406191623/tools/bin/../lib/gcc/arm-none-eabi/12.3.1/../../../../arm-none-eabi/lib/thumb/v7-m/nofp\libc_nano.a(libc_a-memset.o)
 .ARM.attributes
                0x0000041c       0x2d D:/STM32CubeIDE_1.13.2/STM32CubeIDE/plugins/com.st.stm32cube.ide.mcu.externaltools.gnu-tools-for-stm32.12.3.rel1.win32_1.0.200.202406191623/tools/bin/../lib/gcc/arm-none-eabi/12.3.1/../../../../arm-none-eabi/lib/thumb/v7-m/nofp\libc_nano.a(libc_a-init.o)
 .ARM.attributes
                0x00000449       0x1d D:/STM32CubeIDE_1.13.2/STM32CubeIDE/plugins/com.st.stm32cube.ide.mcu.externaltools.gnu-tools-for-stm32.12.3.rel1.win32_1.0.200.202406191623/tools/bin/../lib/gcc/arm-none-eabi/12.3.1/thumb/v7-m/nofp/crtn.o
OUTPUT(traffic_light_assignment.elf elf32-littlearm)
LOAD linker stubs
LOAD D:/STM32CubeIDE_1.13.2/STM32CubeIDE/plugins/com.st.stm32cube.ide.mcu.externaltools.gnu-tools-for-stm32.12.3.rel1.win32_1.0.200.202406191623/tools/bin/../lib/gcc/arm-none-eabi/12.3.1/../../../../arm-none-eabi/lib/thumb/v7-m/nofp\libc.a
LOAD D:/STM32CubeIDE_1.13.2/STM32CubeIDE/plugins/com.st.stm32cube.ide.mcu.externaltools.gnu-tools-for-stm32.12.3.rel1.win32_1.0.200.202406191623/tools/bin/../lib/gcc/arm-none-eabi/12.3.1/../../../../arm-none-eabi/lib/thumb/v7-m/nofp\libm.a
LOAD D:/STM32CubeIDE_1.13.2/STM32CubeIDE/plugins/com.st.stm32cube.ide.mcu.externaltools.gnu-tools-for-stm32.12.3.rel1.win32_1.0.200.202406191623/tools/bin/../lib/gcc/arm-none-eabi/12.3.1/thumb/v7-m/nofp\libgcc.a

.debug_info     0x00000000     0xf630
 .debug_info    0x00000000      0x2b8 ./Core/Src/button.o
 .debug_info    0x000002b8       0xd3 ./Core/Src/counter.o
 .debug_info    0x0000038b      0x3d5 ./Core/Src/fsm.o
 .debug_info    0x00000760      0x7a1 ./Core/Src/i2c-lcd.o
 .debug_info    0x00000f01     0x12ed ./Core/Src/main.o
 .debug_info    0x000021ee      0x26d ./Core/Src/ryg-leds.o
 .debug_info    0x0000245b      0x2ec ./Core/Src/scheduler.o
 .debug_info    0x00002747     0x104c ./Core/Src/stm32f1xx_hal_msp.o
 .debug_info    0x00003793      0x6db ./Core/Src/stm32f1xx_it.o
 .debug_info    0x00003e6e      0x222 ./Core/Src/system_stm32f1xx.o
 .debug_info    0x00004090      0x1cd ./Core/Src/test_module.o
 .debug_info    0x0000425d      0x293 ./Core/Src/traffic.o
 .debug_info    0x000044f0       0x30 ./Core/Startup/startup_stm32f103rbtx.o
 .debug_info    0x00004520      0x704 ./Drivers/STM32F1xx_HAL_Driver/Src/stm32f1xx_hal.o
 .debug_info    0x00004c24      0xa87 ./Drivers/STM32F1xx_HAL_Driver/Src/stm32f1xx_hal_cortex.o
 .debug_info    0x000056ab      0x5ab ./Drivers/STM32F1xx_HAL_Driver/Src/stm32f1xx_hal_gpio.o
 .debug_info    0x00005c56     0x2524 ./Drivers/STM32F1xx_HAL_Driver/Src/stm32f1xx_hal_i2c.o
 .debug_info    0x0000817a      0x7d5 ./Drivers/STM32F1xx_HAL_Driver/Src/stm32f1xx_hal_rcc.o
 .debug_info    0x0000894f     0x2959 ./Drivers/STM32F1xx_HAL_Driver/Src/stm32f1xx_hal_tim.o
 .debug_info    0x0000b2a8     0x149b ./Drivers/STM32F1xx_HAL_Driver/Src/stm32f1xx_hal_tim_ex.o
 .debug_info    0x0000c743     0x2eed ./Drivers/STM32F1xx_HAL_Driver/Src/stm32f1xx_hal_uart.o

.debug_abbrev   0x00000000     0x258f
 .debug_abbrev  0x00000000      0x14f ./Core/Src/button.o
 .debug_abbrev  0x0000014f       0x7b ./Core/Src/counter.o
 .debug_abbrev  0x000001ca      0x176 ./Core/Src/fsm.o
 .debug_abbrev  0x00000340      0x1ec ./Core/Src/i2c-lcd.o
 .debug_abbrev  0x0000052c      0x303 ./Core/Src/main.o
 .debug_abbrev  0x0000082f      0x134 ./Core/Src/ryg-leds.o
 .debug_abbrev  0x00000963      0x167 ./Core/Src/scheduler.o
 .debug_abbrev  0x00000aca      0x1dd ./Core/Src/stm32f1xx_hal_msp.o
 .debug_abbrev  0x00000ca7      0x1a6 ./Core/Src/stm32f1xx_it.o
 .debug_abbrev  0x00000e4d      0x13f ./Core/Src/system_stm32f1xx.o
 .debug_abbrev  0x00000f8c       0xde ./Core/Src/test_module.o
 .debug_abbrev  0x0000106a       0xf7 ./Core/Src/traffic.o
 .debug_abbrev  0x00001161       0x24 ./Core/Startup/startup_stm32f103rbtx.o
 .debug_abbrev  0x00001185      0x201 ./Drivers/STM32F1xx_HAL_Driver/Src/stm32f1xx_hal.o
 .debug_abbrev  0x00001386      0x2f8 ./Drivers/STM32F1xx_HAL_Driver/Src/stm32f1xx_hal_cortex.o
 .debug_abbrev  0x0000167e      0x1ca ./Drivers/STM32F1xx_HAL_Driver/Src/stm32f1xx_hal_gpio.o
 .debug_abbrev  0x00001848      0x2a3 ./Drivers/STM32F1xx_HAL_Driver/Src/stm32f1xx_hal_i2c.o
 .debug_abbrev  0x00001aeb      0x2b3 ./Drivers/STM32F1xx_HAL_Driver/Src/stm32f1xx_hal_rcc.o
 .debug_abbrev  0x00001d9e      0x277 ./Drivers/STM32F1xx_HAL_Driver/Src/stm32f1xx_hal_tim.o
 .debug_abbrev  0x00002015      0x282 ./Drivers/STM32F1xx_HAL_Driver/Src/stm32f1xx_hal_tim_ex.o
 .debug_abbrev  0x00002297      0x2f8 ./Drivers/STM32F1xx_HAL_Driver/Src/stm32f1xx_hal_uart.o

.debug_aranges  0x00000000     0x1050
 .debug_aranges
                0x00000000       0x28 ./Core/Src/button.o
 .debug_aranges
                0x00000028       0x28 ./Core/Src/counter.o
 .debug_aranges
                0x00000050       0x70 ./Core/Src/fsm.o
 .debug_aranges
                0x000000c0       0x68 ./Core/Src/i2c-lcd.o
 .debug_aranges
                0x00000128       0x58 ./Core/Src/main.o
 .debug_aranges
                0x00000180       0x38 ./Core/Src/ryg-leds.o
 .debug_aranges
                0x000001b8       0x48 ./Core/Src/scheduler.o
 .debug_aranges
                0x00000200       0x50 ./Core/Src/stm32f1xx_hal_msp.o
 .debug_aranges
                0x00000250       0x70 ./Core/Src/stm32f1xx_it.o
 .debug_aranges
                0x000002c0       0x28 ./Core/Src/system_stm32f1xx.o
 .debug_aranges
                0x000002e8       0x30 ./Core/Src/test_module.o
 .debug_aranges
                0x00000318       0x60 ./Core/Src/traffic.o
 .debug_aranges
                0x00000378       0x28 ./Core/Startup/startup_stm32f103rbtx.o
 .debug_aranges
                0x000003a0       0xe0 ./Drivers/STM32F1xx_HAL_Driver/Src/stm32f1xx_hal.o
 .debug_aranges
                0x00000480      0x100 ./Drivers/STM32F1xx_HAL_Driver/Src/stm32f1xx_hal_cortex.o
 .debug_aranges
                0x00000580       0x58 ./Drivers/STM32F1xx_HAL_Driver/Src/stm32f1xx_hal_gpio.o
 .debug_aranges
                0x000005d8      0x2a8 ./Drivers/STM32F1xx_HAL_Driver/Src/stm32f1xx_hal_i2c.o
 .debug_aranges
                0x00000880       0x90 ./Drivers/STM32F1xx_HAL_Driver/Src/stm32f1xx_hal_rcc.o
 .debug_aranges
                0x00000910      0x3d0 ./Drivers/STM32F1xx_HAL_Driver/Src/stm32f1xx_hal_tim.o
 .debug_aranges
                0x00000ce0      0x168 ./Drivers/STM32F1xx_HAL_Driver/Src/stm32f1xx_hal_tim_ex.o
 .debug_aranges
                0x00000e48      0x208 ./Drivers/STM32F1xx_HAL_Driver/Src/stm32f1xx_hal_uart.o

.debug_rnglists
                0x00000000      0xcc6
 .debug_rnglists
                0x00000000       0x1a ./Core/Src/button.o
 .debug_rnglists
                0x0000001a       0x19 ./Core/Src/counter.o
 .debug_rnglists
                0x00000033       0x54 ./Core/Src/fsm.o
 .debug_rnglists
                0x00000087       0x49 ./Core/Src/i2c-lcd.o
 .debug_rnglists
                0x000000d0       0x40 ./Core/Src/main.o
 .debug_rnglists
                0x00000110       0x25 ./Core/Src/ryg-leds.o
 .debug_rnglists
                0x00000135       0x35 ./Core/Src/scheduler.o
 .debug_rnglists
                0x0000016a       0x37 ./Core/Src/stm32f1xx_hal_msp.o
 .debug_rnglists
                0x000001a1       0x4f ./Core/Src/stm32f1xx_it.o
 .debug_rnglists
                0x000001f0       0x1a ./Core/Src/system_stm32f1xx.o
 .debug_rnglists
                0x0000020a       0x1f ./Core/Src/test_module.o
 .debug_rnglists
                0x00000229       0x44 ./Core/Src/traffic.o
 .debug_rnglists
                0x0000026d       0x19 ./Core/Startup/startup_stm32f103rbtx.o
 .debug_rnglists
                0x00000286       0xa3 ./Drivers/STM32F1xx_HAL_Driver/Src/stm32f1xx_hal.o
 .debug_rnglists
                0x00000329       0xbb ./Drivers/STM32F1xx_HAL_Driver/Src/stm32f1xx_hal_cortex.o
 .debug_rnglists
                0x000003e4       0x3f ./Drivers/STM32F1xx_HAL_Driver/Src/stm32f1xx_hal_gpio.o
 .debug_rnglists
                0x00000423      0x23c ./Drivers/STM32F1xx_HAL_Driver/Src/stm32f1xx_hal_i2c.o
 .debug_rnglists
                0x0000065f       0x6c ./Drivers/STM32F1xx_HAL_Driver/Src/stm32f1xx_hal_rcc.o
 .debug_rnglists
                0x000006cb      0x31a ./Drivers/STM32F1xx_HAL_Driver/Src/stm32f1xx_hal_tim.o
 .debug_rnglists
                0x000009e5      0x125 ./Drivers/STM32F1xx_HAL_Driver/Src/stm32f1xx_hal_tim_ex.o
 .debug_rnglists
                0x00000b0a      0x1bc ./Drivers/STM32F1xx_HAL_Driver/Src/stm32f1xx_hal_uart.o

.debug_macro    0x00000000    0x19481
 .debug_macro   0x00000000      0x1cb ./Core/Src/button.o
 .debug_macro   0x000001cb      0xaa8 ./Core/Src/button.o
 .debug_macro   0x00000c73       0x22 ./Core/Src/button.o
 .debug_macro   0x00000c95       0x8e ./Core/Src/button.o
 .debug_macro   0x00000d23       0x51 ./Core/Src/button.o
 .debug_macro   0x00000d74      0x103 ./Core/Src/button.o
 .debug_macro   0x00000e77       0x6a ./Core/Src/button.o
 .debug_macro   0x00000ee1      0x1df ./Core/Src/button.o
 .debug_macro   0x000010c0      0x221 ./Core/Src/button.o
 .debug_macro   0x000012e1       0x2e ./Core/Src/button.o
 .debug_macro   0x0000130f       0x22 ./Core/Src/button.o
 .debug_macro   0x00001331       0x1c ./Core/Src/button.o
 .debug_macro   0x0000134d       0x22 ./Core/Src/button.o
 .debug_macro   0x0000136f       0xbd ./Core/Src/button.o
 .debug_macro   0x0000142c      0xd23 ./Core/Src/button.o
 .debug_macro   0x0000214f     0xe09e ./Core/Src/button.o
 .debug_macro   0x000101ed       0x6d ./Core/Src/button.o
 .debug_macro   0x0001025a     0x34a2 ./Core/Src/button.o
 .debug_macro   0x000136fc      0x189 ./Core/Src/button.o
 .debug_macro   0x00013885       0x5c ./Core/Src/button.o
 .debug_macro   0x000138e1      0x5bc ./Core/Src/button.o
 .debug_macro   0x00013e9d      0x289 ./Core/Src/button.o
 .debug_macro   0x00014126      0x1cb ./Core/Src/button.o
 .debug_macro   0x000142f1      0x114 ./Core/Src/button.o
 .debug_macro   0x00014405      0x1b2 ./Core/Src/button.o
 .debug_macro   0x000145b7       0x27 ./Core/Src/button.o
 .debug_macro   0x000145de      0x136 ./Core/Src/button.o
 .debug_macro   0x00014714      0x1bc ./Core/Src/button.o
 .debug_macro   0x000148d0       0x34 ./Core/Src/button.o
 .debug_macro   0x00014904       0x3c ./Core/Src/button.o
 .debug_macro   0x00014940       0x57 ./Core/Src/button.o
 .debug_macro   0x00014997       0x87 ./Core/Src/button.o
 .debug_macro   0x00014a1e      0x240 ./Core/Src/button.o
 .debug_macro   0x00014c5e      0x287 ./Core/Src/button.o
 .debug_macro   0x00014ee5      0x140 ./Core/Src/button.o
 .debug_macro   0x00015025      0x8ed ./Core/Src/button.o
 .debug_macro   0x00015912      0x28e ./Core/Src/button.o
 .debug_macro   0x00015ba0       0x83 ./Core/Src/button.o
 .debug_macro   0x00015c23       0xc4 ./Core/Src/button.o
 .debug_macro   0x00015ce7       0x22 ./Core/Src/button.o
 .debug_macro   0x00015d09      0x2f6 ./Core/Src/counter.o
 .debug_macro   0x00015fff       0x28 ./Core/Src/counter.o
 .debug_macro   0x00016027       0x61 ./Core/Src/counter.o
 .debug_macro   0x00016088       0x24 ./Core/Src/counter.o
 .debug_macro   0x000160ac       0x43 ./Core/Src/counter.o
 .debug_macro   0x000160ef       0x34 ./Core/Src/counter.o
 .debug_macro   0x00016123       0x16 ./Core/Src/counter.o
 .debug_macro   0x00016139       0x35 ./Core/Src/counter.o
 .debug_macro   0x0001616e      0x369 ./Core/Src/counter.o
 .debug_macro   0x000164d7       0x10 ./Core/Src/counter.o
 .debug_macro   0x000164e7       0x16 ./Core/Src/counter.o
 .debug_macro   0x000164fd       0x43 ./Core/Src/counter.o
 .debug_macro   0x00016540       0x34 ./Core/Src/counter.o
 .debug_macro   0x00016574       0x10 ./Core/Src/counter.o
 .debug_macro   0x00016584       0x58 ./Core/Src/counter.o
 .debug_macro   0x000165dc       0x8e ./Core/Src/counter.o
 .debug_macro   0x0001666a       0x1c ./Core/Src/counter.o
 .debug_macro   0x00016686      0x177 ./Core/Src/counter.o
 .debug_macro   0x000167fd       0x16 ./Core/Src/counter.o
 .debug_macro   0x00016813       0x16 ./Core/Src/counter.o
 .debug_macro   0x00016829      0x146 ./Core/Src/counter.o
 .debug_macro   0x0001696f       0x1c ./Core/Src/counter.o
 .debug_macro   0x0001698b      0x314 ./Core/Src/fsm.o
 .debug_macro   0x00016c9f      0x2f6 ./Core/Src/i2c-lcd.o
 .debug_macro   0x00016f95       0xca ./Core/Src/i2c-lcd.o
 .debug_macro   0x0001705f      0x309 ./Core/Src/main.o
 .debug_macro   0x00017368       0x10 ./Core/Src/main.o
 .debug_macro   0x00017378      0x2f6 ./Core/Src/ryg-leds.o
 .debug_macro   0x0001766e      0x2a4 ./Core/Src/scheduler.o
 .debug_macro   0x00017912       0x9e ./Core/Src/scheduler.o
 .debug_macro   0x000179b0      0x10b ./Core/Src/scheduler.o
 .debug_macro   0x00017abb       0x56 ./Core/Src/scheduler.o
 .debug_macro   0x00017b11      0x1bc ./Core/Src/stm32f1xx_hal_msp.o
 .debug_macro   0x00017ccd      0x1c6 ./Core/Src/stm32f1xx_it.o
 .debug_macro   0x00017e93      0x1ad ./Core/Src/system_stm32f1xx.o
 .debug_macro   0x00018040      0x2f6 ./Core/Src/test_module.o
 .debug_macro   0x00018336      0x2f2 ./Core/Src/traffic.o
 .debug_macro   0x00018628      0x1d1 ./Drivers/STM32F1xx_HAL_Driver/Src/stm32f1xx_hal.o
 .debug_macro   0x000187f9      0x1ad ./Drivers/STM32F1xx_HAL_Driver/Src/stm32f1xx_hal_cortex.o
 .debug_macro   0x000189a6      0x218 ./Drivers/STM32F1xx_HAL_Driver/Src/stm32f1xx_hal_gpio.o
 .debug_macro   0x00018bbe      0x1fb ./Drivers/STM32F1xx_HAL_Driver/Src/stm32f1xx_hal_i2c.o
 .debug_macro   0x00018db9      0x1bf ./Drivers/STM32F1xx_HAL_Driver/Src/stm32f1xx_hal_rcc.o
 .debug_macro   0x00018f78      0x1ae ./Drivers/STM32F1xx_HAL_Driver/Src/stm32f1xx_hal_tim.o
 .debug_macro   0x00019126      0x1ad ./Drivers/STM32F1xx_HAL_Driver/Src/stm32f1xx_hal_tim_ex.o
 .debug_macro   0x000192d3      0x1ae ./Drivers/STM32F1xx_HAL_Driver/Src/stm32f1xx_hal_uart.o

.debug_line     0x00000000    0x1512e
 .debug_line    0x00000000      0x7d7 ./Core/Src/button.o
 .debug_line    0x000007d7      0x8f2 ./Core/Src/counter.o
 .debug_line    0x000010c9      0xbeb ./Core/Src/fsm.o
 .debug_line    0x00001cb4      0x9f8 ./Core/Src/i2c-lcd.o
 .debug_line    0x000026ac      0xa73 ./Core/Src/main.o
 .debug_line    0x0000311f      0x908 ./Core/Src/ryg-leds.o
 .debug_line    0x00003a27      0xbdc ./Core/Src/scheduler.o
 .debug_line    0x00004603      0x7df ./Core/Src/stm32f1xx_hal_msp.o
 .debug_line    0x00004de2      0x802 ./Core/Src/stm32f1xx_it.o
 .debug_line    0x000055e4      0x78e ./Core/Src/system_stm32f1xx.o
 .debug_line    0x00005d72      0x923 ./Core/Src/test_module.o
 .debug_line    0x00006695      0x9cb ./Core/Src/traffic.o
 .debug_line    0x00007060       0x78 ./Core/Startup/startup_stm32f103rbtx.o
 .debug_line    0x000070d8      0x9bb ./Drivers/STM32F1xx_HAL_Driver/Src/stm32f1xx_hal.o
 .debug_line    0x00007a93      0xba7 ./Drivers/STM32F1xx_HAL_Driver/Src/stm32f1xx_hal_cortex.o
 .debug_line    0x0000863a      0xa54 ./Drivers/STM32F1xx_HAL_Driver/Src/stm32f1xx_hal_gpio.o
 .debug_line    0x0000908e     0x3c58 ./Drivers/STM32F1xx_HAL_Driver/Src/stm32f1xx_hal_i2c.o
 .debug_line    0x0000cce6      0xdc4 ./Drivers/STM32F1xx_HAL_Driver/Src/stm32f1xx_hal_rcc.o
 .debug_line    0x0000daaa     0x34e0 ./Drivers/STM32F1xx_HAL_Driver/Src/stm32f1xx_hal_tim.o
 .debug_line    0x00010f8a     0x190a ./Drivers/STM32F1xx_HAL_Driver/Src/stm32f1xx_hal_tim_ex.o
 .debug_line    0x00012894     0x289a ./Drivers/STM32F1xx_HAL_Driver/Src/stm32f1xx_hal_uart.o

.debug_str      0x00000000    0x8ce26
 .debug_str     0x00000000    0x850be ./Core/Src/button.o
                              0x85422 (size before relaxing)
 .debug_str     0x000850be     0x3804 ./Core/Src/counter.o
                              0x88afd (size before relaxing)
 .debug_str     0x000888c2      0x2c3 ./Core/Src/fsm.o
                              0x88dba (size before relaxing)
 .debug_str     0x00088b85      0x4d5 ./Core/Src/i2c-lcd.o
                              0x890d6 (size before relaxing)
 .debug_str     0x0008905a      0xa7f ./Core/Src/main.o
                              0x89b9e (size before relaxing)
 .debug_str     0x00089ad9       0x97 ./Core/Src/ryg-leds.o
                              0x88bd5 (size before relaxing)
 .debug_str     0x00089b70       0x7a ./Core/Src/scheduler.o
                              0x88a3d (size before relaxing)
 .debug_str     0x00089bea      0x105 ./Core/Src/stm32f1xx_hal_msp.o
                              0x8604a (size before relaxing)
 .debug_str     0x00089cef      0x11a ./Core/Src/stm32f1xx_it.o
                              0x85847 (size before relaxing)
 .debug_str     0x00089e09       0x7e ./Core/Src/system_stm32f1xx.o
                              0x85000 (size before relaxing)
 .debug_str     0x00089e87       0x38 ./Core/Src/test_module.o
                              0x88b75 (size before relaxing)
 .debug_str     0x00089ebf       0x24 ./Core/Src/traffic.o
                              0x88c74 (size before relaxing)
 .debug_str     0x00089ee3       0x44 ./Core/Startup/startup_stm32f103rbtx.o
                                 0x7e (size before relaxing)
 .debug_str     0x00089f27      0x384 ./Drivers/STM32F1xx_HAL_Driver/Src/stm32f1xx_hal.o
                              0x85733 (size before relaxing)
 .debug_str     0x0008a2ab      0x294 ./Drivers/STM32F1xx_HAL_Driver/Src/stm32f1xx_hal_cortex.o
                              0x8567f (size before relaxing)
 .debug_str     0x0008a53f      0x2a9 ./Drivers/STM32F1xx_HAL_Driver/Src/stm32f1xx_hal_gpio.o
                              0x85386 (size before relaxing)
 .debug_str     0x0008a7e8      0xbc3 ./Drivers/STM32F1xx_HAL_Driver/Src/stm32f1xx_hal_i2c.o
                              0x860c7 (size before relaxing)
 .debug_str     0x0008b3ab      0x209 ./Drivers/STM32F1xx_HAL_Driver/Src/stm32f1xx_hal_rcc.o
                              0x8542f (size before relaxing)
 .debug_str     0x0008b5b4      0xdb8 ./Drivers/STM32F1xx_HAL_Driver/Src/stm32f1xx_hal_tim.o
                              0x86431 (size before relaxing)
 .debug_str     0x0008c36c      0x493 ./Drivers/STM32F1xx_HAL_Driver/Src/stm32f1xx_hal_tim_ex.o
                              0x85c3d (size before relaxing)
 .debug_str     0x0008c7ff      0x627 ./Drivers/STM32F1xx_HAL_Driver/Src/stm32f1xx_hal_uart.o
                              0x85aa0 (size before relaxing)

.comment        0x00000000       0x43
 .comment       0x00000000       0x43 ./Core/Src/button.o
                                 0x44 (size before relaxing)
 .comment       0x00000043       0x44 ./Core/Src/counter.o
 .comment       0x00000043       0x44 ./Core/Src/fsm.o
 .comment       0x00000043       0x44 ./Core/Src/i2c-lcd.o
 .comment       0x00000043       0x44 ./Core/Src/main.o
 .comment       0x00000043       0x44 ./Core/Src/ryg-leds.o
 .comment       0x00000043       0x44 ./Core/Src/scheduler.o
 .comment       0x00000043       0x44 ./Core/Src/stm32f1xx_hal_msp.o
 .comment       0x00000043       0x44 ./Core/Src/stm32f1xx_it.o
 .comment       0x00000043       0x44 ./Core/Src/system_stm32f1xx.o
 .comment       0x00000043       0x44 ./Core/Src/test_module.o
 .comment       0x00000043       0x44 ./Core/Src/traffic.o
 .comment       0x00000043       0x44 ./Drivers/STM32F1xx_HAL_Driver/Src/stm32f1xx_hal.o
 .comment       0x00000043       0x44 ./Drivers/STM32F1xx_HAL_Driver/Src/stm32f1xx_hal_cortex.o
 .comment       0x00000043       0x44 ./Drivers/STM32F1xx_HAL_Driver/Src/stm32f1xx_hal_gpio.o
 .comment       0x00000043       0x44 ./Drivers/STM32F1xx_HAL_Driver/Src/stm32f1xx_hal_i2c.o
 .comment       0x00000043       0x44 ./Drivers/STM32F1xx_HAL_Driver/Src/stm32f1xx_hal_rcc.o
 .comment       0x00000043       0x44 ./Drivers/STM32F1xx_HAL_Driver/Src/stm32f1xx_hal_tim.o
 .comment       0x00000043       0x44 ./Drivers/STM32F1xx_HAL_Driver/Src/stm32f1xx_hal_tim_ex.o
 .comment       0x00000043       0x44 ./Drivers/STM32F1xx_HAL_Driver/Src/stm32f1xx_hal_uart.o

.debug_frame    0x00000000     0x42d4
 .debug_frame   0x00000000       0x60 ./Core/Src/button.o
 .debug_frame   0x00000060       0x50 ./Core/Src/counter.o
 .debug_frame   0x000000b0      0x154 ./Core/Src/fsm.o
 .debug_frame   0x00000204      0x148 ./Core/Src/i2c-lcd.o
 .debug_frame   0x0000034c      0x10c ./Core/Src/main.o
 .debug_frame   0x00000458       0xa0 ./Core/Src/ryg-leds.o
 .debug_frame   0x000004f8       0xfc ./Core/Src/scheduler.o
 .debug_frame   0x000005f4      0x110 ./Core/Src/stm32f1xx_hal_msp.o
 .debug_frame   0x00000704      0x13c ./Core/Src/stm32f1xx_it.o
 .debug_frame   0x00000840       0x58 ./Core/Src/system_stm32f1xx.o
 .debug_frame   0x00000898       0x64 ./Core/Src/test_module.o
 .debug_frame   0x000008fc      0x114 ./Core/Src/traffic.o
 .debug_frame   0x00000a10      0x334 ./Drivers/STM32F1xx_HAL_Driver/Src/stm32f1xx_hal.o
 .debug_frame   0x00000d44      0x428 ./Drivers/STM32F1xx_HAL_Driver/Src/stm32f1xx_hal_cortex.o
 .debug_frame   0x0000116c      0x14c ./Drivers/STM32F1xx_HAL_Driver/Src/stm32f1xx_hal_gpio.o
 .debug_frame   0x000012b8      0xc84 ./Drivers/STM32F1xx_HAL_Driver/Src/stm32f1xx_hal_i2c.o
 .debug_frame   0x00001f3c      0x218 ./Drivers/STM32F1xx_HAL_Driver/Src/stm32f1xx_hal_rcc.o
 .debug_frame   0x00002154     0x11b8 ./Drivers/STM32F1xx_HAL_Driver/Src/stm32f1xx_hal_tim.o
 .debug_frame   0x0000330c      0x638 ./Drivers/STM32F1xx_HAL_Driver/Src/stm32f1xx_hal_tim_ex.o
 .debug_frame   0x00003944      0x944 ./Drivers/STM32F1xx_HAL_Driver/Src/stm32f1xx_hal_uart.o
 .debug_frame   0x00004288       0x20 D:/STM32CubeIDE_1.13.2/STM32CubeIDE/plugins/com.st.stm32cube.ide.mcu.externaltools.gnu-tools-for-stm32.12.3.rel1.win32_1.0.200.202406191623/tools/bin/../lib/gcc/arm-none-eabi/12.3.1/../../../../arm-none-eabi/lib/thumb/v7-m/nofp\libc_nano.a(libc_a-memset.o)
 .debug_frame   0x000042a8       0x2c D:/STM32CubeIDE_1.13.2/STM32CubeIDE/plugins/com.st.stm32cube.ide.mcu.externaltools.gnu-tools-for-stm32.12.3.rel1.win32_1.0.200.202406191623/tools/bin/../lib/gcc/arm-none-eabi/12.3.1/../../../../arm-none-eabi/lib/thumb/v7-m/nofp\libc_nano.a(libc_a-init.o)

.debug_line_str
                0x00000000       0x62
 .debug_line_str
                0x00000000       0x62 ./Core/Startup/startup_stm32f103rbtx.o
