../Core/Src/fsm.c:23:6:fsmAutoStop	8	static
../Core/Src/fsm.c:30:6:fsmAutoProcessing	4	static
../Core/Src/fsm.c:34:6:fsmAuto	8	static
../Core/Src/fsm.c:46:6:fsmManualStop	8	static
../Core/Src/fsm.c:51:6:fsmManualProcessing	8	static
../Core/Src/fsm.c:84:6:fsmManual	8	static
../Core/Src/fsm.c:91:6:fsmTunningStop	4	static
../Core/Src/fsm.c:95:6:fsmTunningProcessing	8	static
../Core/Src/fsm.c:200:6:fsmTunning	8	static
../Core/Src/fsm.c:211:6:fsmInit	8	static
../Core/Src/fsm.c:217:6:fsmProcessing	16	static
