../Core/Src/i2c-lcd.c:15:6:LCD_I2C_Write_CMD	32	static
../Core/Src/i2c-lcd.c:31:6:LCD_I2C_Write_DATA	32	static
../Core/Src/i2c-lcd.c:46:6:LCD_I2C_Init	8	static
../Core/Src/i2c-lcd.c:64:6:LCD_I2C_Clear	8	static
../Core/Src/i2c-lcd.c:69:6:LCD_I2C_Location	16	static
../Core/Src/i2c-lcd.c:80:6:LCD_I2C_Write_String	32	static
../Core/Src/i2c-lcd.c:87:6:LCD_I2C_Write_Number	24	static
../Core/Src/i2c-lcd.c:94:6:lcd_init_display	8	static
../Core/Src/i2c-lcd.c:102:6:lcd_auto_display	8	static
../Core/Src/i2c-lcd.c:114:6:lcd_manual_display	8	static
../Core/Src/i2c-lcd.c:120:6:lcd_tunning_display	8	static
../Core/Src/i2c-lcd.c:126:6:lcd_tunning_red	8	static
../Core/Src/i2c-lcd.c:135:6:lcd_tunning_green	8	static
../Core/Src/i2c-lcd.c:144:6:lcd_tunning_yellow	8	static
